<html>
<body>
<pre>
<h1>µVision Build Log</h1>
<h2>Project:</h2>
C:\Users\Utilisateur\Documents\Esiee Paris\E3\ProjetRobot\Version en cour\Tank_Alex\MDK-ARM\BaseMobile1.uvproj
Project File Date:  05/08/2016

<h2>Output:</h2>
Build target 'BaseMobile1 Configuration'
compiling Guidage.c...
linking...
Program Size: Code=29416 RO-data=760 RW-data=636 ZI-data=8036  
"BaseMobile1 Configuration\BaseMobile1 Configuration.axf" - 0 Error(s), 0 Warning(s).
i2c.c...
compiling Tempo.c...
compiling LCD16x2.c...
compiling Boutons.c...
compiling adc.c...
compiling Temperature.c...
compiling usart.c...
compiling HMC5883L.c...
compiling dma.c...
compiling spi.c...
compiling spi_flash.c...
compiling Sauve_Restaure.c...
compiling Batterie.c...
compiling Phares.c...
compiling WifiCom.c...
compiling Rplidar.c...
compiling Kalman.c...
compiling MPU6050.c...
compiling Guidage.c...
compiling system_stm32f4xx.c...
compiling stm32f4xx_hal_cortex.c...
compiling stm32f4xx_hal_dma.c...
compiling stm32f4xx_hal_flash_ex.c...
compiling stm32f4xx_hal_pwr.c...
compiling stm32f4xx_hal_dma_ex.c...
compiling stm32f4xx_hal_tim_ex.c...
compiling stm32f4xx_hal.c...
compiling stm32f4xx_hal_flash_ramfunc.c...
compiling stm32f4xx_hal_rcc_ex.c...
compiling stm32f4xx_hal_gpio.c...
compiling stm32f4xx_hal_tim.c...
compiling stm32f4xx_hal_rcc.c...
compiling stm32f4xx_hal_flash.c...
compiling stm32f4xx_hal_pwr_ex.c...
compiling stm32f4xx_hal_i2c.c...
compiling stm32f4xx_hal_i2c_ex.c...
compiling stm32f4xx_hal_adc_ex.c...
compiling stm32f4xx_hal_adc.c...
compiling stm32f4xx_hal_uart.c...
compiling stm32f4xx_hal_spi.c...
assembling startup_stm32f407xx.s...
linking...
Program Size: Code=29416 RO-data=760 RW-data=636 ZI-data=8036  
"BaseMobile1 Configuration\BaseMobile1 Configuration.axf" - 0 Error(s), 0 Warning(s).
Load "BaseMobile1 Configuration\\BaseMobile1 Configuration.axf" 
Erase Done.
Programming Done.
Verify OK.
