ARM Linker, 5.03 [Build 76] [MDK-ARM Lite]

==============================================================================

Section Cross References

    stm32f4xx_hal_msp.o(i.HAL_MspInit) refers to stm32f4xx_hal_cortex.o(i.HAL_NVIC_SetPriorityGrouping) for HAL_NVIC_SetPriorityGrouping
    stm32f4xx_hal_msp.o(i.HAL_MspInit) refers to stm32f4xx_hal_cortex.o(i.HAL_NVIC_SetPriority) for HAL_NVIC_SetPriority
    stm32f4xx_it.o(i.DMA1_Stream5_IRQHandler) refers to stm32f4xx_hal_dma.o(i.HAL_DMA_IRQHandler) for HAL_DMA_IRQHandler
    stm32f4xx_it.o(i.DMA1_Stream5_IRQHandler) refers to usart.o(.bss) for hdma_usart2_rx
    stm32f4xx_it.o(i.DMA2_Stream0_IRQHandler) refers to stm32f4xx_hal_dma.o(i.HAL_DMA_IRQHandler) for HAL_DMA_IRQHandler
    stm32f4xx_it.o(i.DMA2_Stream0_IRQHandler) refers to adc.o(.bss) for hdma_adc3
    stm32f4xx_it.o(i.DMA2_Stream1_IRQHandler) refers to stm32f4xx_hal_dma.o(i.HAL_DMA_IRQHandler) for HAL_DMA_IRQHandler
    stm32f4xx_it.o(i.DMA2_Stream1_IRQHandler) refers to usart.o(.bss) for hdma_usart6_rx
    stm32f4xx_it.o(i.DMA2_Stream6_IRQHandler) refers to stm32f4xx_hal_dma.o(i.HAL_DMA_IRQHandler) for HAL_DMA_IRQHandler
    stm32f4xx_it.o(i.DMA2_Stream6_IRQHandler) refers to usart.o(.bss) for hdma_usart6_tx
    stm32f4xx_it.o(i.EXTI4_IRQHandler) refers to stm32f4xx_hal_gpio.o(i.HAL_GPIO_EXTI_IRQHandler) for HAL_GPIO_EXTI_IRQHandler
    stm32f4xx_it.o(i.HAL_ADC_ConvCpltCallback) refers to temperature.o(i.Mesure_Temperature_IT) for Mesure_Temperature_IT
    stm32f4xx_it.o(i.HAL_ADC_ConvCpltCallback) refers to batterie.o(i.Mesure_Batterie_IT) for Mesure_Batterie_IT
    stm32f4xx_it.o(i.HAL_ADC_ConvCpltCallback) refers to phares.o(i.Phares_Commande) for Phares_Commande
    stm32f4xx_it.o(i.HAL_ADC_ConvCpltCallback) refers to adc.o(.bss) for Buf_Adc
    stm32f4xx_it.o(i.HAL_GPIO_EXTI_Callback) refers to hmc5883l.o(i.HMC5883L_Event_IT) for HMC5883L_Event_IT
    stm32f4xx_it.o(i.HAL_I2C_MasterRxCpltCallback) refers to hmc5883l.o(i.HMC5883L_Reception_IT) for HMC5883L_Reception_IT
    stm32f4xx_it.o(i.HAL_I2C_MasterTxCpltCallback) refers to hmc5883l.o(i.HMC5883L_Emission_IT) for HMC5883L_Emission_IT
    stm32f4xx_it.o(i.HAL_TIM_IC_CaptureCallback) refers to us_capteur.o(i.Us_GestionMesure_IT) for Us_GestionMesure_IT
    stm32f4xx_it.o(i.HAL_TIM_OC_DelayElapsedCallback) refers to tempo.o(i.Relance_Tempo_ASS_Vitesse) for Relance_Tempo_ASS_Vitesse
    stm32f4xx_it.o(i.HAL_TIM_OC_DelayElapsedCallback) refers to moteurs.o(i.ASServissement_VitesseMoteur) for ASServissement_VitesseMoteur
    stm32f4xx_it.o(i.HAL_TIM_OC_DelayElapsedCallback) refers to us_capteur.o(i.Us_GestionTrigger_IT) for Us_GestionTrigger_IT
    stm32f4xx_it.o(i.HAL_UART_RxCpltCallback) refers to wificom.o(i.WifiCom_Receive_It) for WifiCom_Receive_It
    stm32f4xx_it.o(i.HAL_UART_RxCpltCallback) refers to rplidar.o(i.Rplidar_Receive_It) for Rplidar_Receive_It
    stm32f4xx_it.o(i.HAL_UART_TxCpltCallback) refers to rplidar.o(i.Rplidar_Transmit_It) for Rplidar_Transmit_It
    stm32f4xx_it.o(i.I2C1_ER_IRQHandler) refers to stm32f4xx_hal_i2c.o(i.HAL_I2C_ER_IRQHandler) for HAL_I2C_ER_IRQHandler
    stm32f4xx_it.o(i.I2C1_ER_IRQHandler) refers to i2c.o(.bss) for hi2c1
    stm32f4xx_it.o(i.I2C1_EV_IRQHandler) refers to stm32f4xx_hal_i2c.o(i.HAL_I2C_EV_IRQHandler) for HAL_I2C_EV_IRQHandler
    stm32f4xx_it.o(i.I2C1_EV_IRQHandler) refers to i2c.o(.bss) for hi2c1
    stm32f4xx_it.o(i.I2C2_ER_IRQHandler) refers to stm32f4xx_hal_i2c.o(i.HAL_I2C_ER_IRQHandler) for HAL_I2C_ER_IRQHandler
    stm32f4xx_it.o(i.I2C2_ER_IRQHandler) refers to i2c.o(.bss) for hi2c2
    stm32f4xx_it.o(i.I2C2_EV_IRQHandler) refers to stm32f4xx_hal_i2c.o(i.HAL_I2C_EV_IRQHandler) for HAL_I2C_EV_IRQHandler
    stm32f4xx_it.o(i.I2C2_EV_IRQHandler) refers to i2c.o(.bss) for hi2c2
    stm32f4xx_it.o(i.SysTick_Handler) refers to stm32f4xx_hal.o(i.HAL_IncTick) for HAL_IncTick
    stm32f4xx_it.o(i.SysTick_Handler) refers to stm32f4xx_hal_cortex.o(i.HAL_SYSTICK_IRQHandler) for HAL_SYSTICK_IRQHandler
    stm32f4xx_it.o(i.TIM1_CC_IRQHandler) refers to stm32f4xx_hal_tim.o(i.HAL_TIM_IRQHandler) for HAL_TIM_IRQHandler
    stm32f4xx_it.o(i.TIM1_CC_IRQHandler) refers to tim.o(.bss) for htim1
    stm32f4xx_it.o(i.TIM2_IRQHandler) refers to stm32f4xx_hal_tim.o(i.HAL_TIM_IRQHandler) for HAL_TIM_IRQHandler
    stm32f4xx_it.o(i.TIM2_IRQHandler) refers to tim.o(.bss) for htim2
    stm32f4xx_it.o(i.TIM5_IRQHandler) refers to stm32f4xx_hal_tim.o(i.HAL_TIM_IRQHandler) for HAL_TIM_IRQHandler
    stm32f4xx_it.o(i.TIM5_IRQHandler) refers to tim.o(.bss) for htim5
    stm32f4xx_it.o(i.USART2_IRQHandler) refers to stm32f4xx_hal_uart.o(i.HAL_UART_IRQHandler) for HAL_UART_IRQHandler
    stm32f4xx_it.o(i.USART2_IRQHandler) refers to usart.o(.bss) for huart2
    stm32f4xx_it.o(i.USART6_IRQHandler) refers to stm32f4xx_hal_uart.o(i.HAL_UART_IRQHandler) for HAL_UART_IRQHandler
    stm32f4xx_it.o(i.USART6_IRQHandler) refers to usart.o(.bss) for huart6
[...]
    i.TIM1_CC_IRQHandler                     0x08006018   Section        0  stm32f4xx_it.o(i.TIM1_CC_IRQHandler)
    i.TIM2_IRQHandler                        0x08006024   Section        0  stm32f4xx_it.o(i.TIM2_IRQHandler)
    i.TIM5_IRQHandler                        0x08006030   Section        0  stm32f4xx_it.o(i.TIM5_IRQHandler)
    i.TIM_Base_SetConfig                     0x0800603c   Section        0  stm32f4xx_hal_tim.o(i.TIM_Base_SetConfig)
    i.TIM_CCxChannelCmd                      0x080060fc   Section        0  stm32f4xx_hal_tim.o(i.TIM_CCxChannelCmd)
    i.TIM_ETR_SetConfig                      0x08006112   Section        0  stm32f4xx_hal_tim.o(i.TIM_ETR_SetConfig)
    TIM_ETR_SetConfig                        0x08006113   Thumb Code    20  stm32f4xx_hal_tim.o(i.TIM_ETR_SetConfig)
    i.TIM_ITRx_SetConfig                     0x08006126   Section        0  stm32f4xx_hal_tim.o(i.TIM_ITRx_SetConfig)
    TIM_ITRx_SetConfig                       0x08006127   Thumb Code    16  stm32f4xx_hal_tim.o(i.TIM_ITRx_SetConfig)
    i.TIM_OC1_SetConfig                      0x08006138   Section        0  stm32f4xx_hal_tim.o(i.TIM_OC1_SetConfig)
    TIM_OC1_SetConfig                        0x08006139   Thumb Code    80  stm32f4xx_hal_tim.o(i.TIM_OC1_SetConfig)
    i.TIM_OC2_SetConfig                      0x08006190   Section        0  stm32f4xx_hal_tim.o(i.TIM_OC2_SetConfig)
    i.TIM_OC3_SetConfig                      0x080061f4   Section        0  stm32f4xx_hal_tim.o(i.TIM_OC3_SetConfig)
    TIM_OC3_SetConfig                        0x080061f5   Thumb Code    88  stm32f4xx_hal_tim.o(i.TIM_OC3_SetConfig)
    i.TIM_OC4_SetConfig                      0x08006254   Section        0  stm32f4xx_hal_tim.o(i.TIM_OC4_SetConfig)
    TIM_OC4_SetConfig                        0x08006255   Thumb Code    70  stm32f4xx_hal_tim.o(i.TIM_OC4_SetConfig)
    i.TIM_SlaveTimer_SetConfig               0x080062a4   Section        0  stm32f4xx_hal_tim.o(i.TIM_SlaveTimer_SetConfig)
    TIM_SlaveTimer_SetConfig                 0x080062a5   Thumb Code   124  stm32f4xx_hal_tim.o(i.TIM_SlaveTimer_SetConfig)
    i.TIM_TI1_ConfigInputStage               0x08006320   Section        0  stm32f4xx_hal_tim.o(i.TIM_TI1_ConfigInputStage)
    TIM_TI1_ConfigInputStage                 0x08006321   Thumb Code    34  stm32f4xx_hal_tim.o(i.TIM_TI1_ConfigInputStage)
    i.TIM_TI1_SetConfig                      0x08006344   Section        0  stm32f4xx_hal_tim.o(i.TIM_TI1_SetConfig)
    i.TIM_TI2_ConfigInputStage               0x080063c8   Section        0  stm32f4xx_hal_tim.o(i.TIM_TI2_ConfigInputStage)
    TIM_TI2_ConfigInputStage                 0x080063c9   Thumb Code    36  stm32f4xx_hal_tim.o(i.TIM_TI2_ConfigInputStage)
    i.TIM_TI2_SetConfig                      0x080063ec   Section        0  stm32f4xx_hal_tim.o(i.TIM_TI2_SetConfig)
    TIM_TI2_SetConfig                        0x080063ed   Thumb Code    54  stm32f4xx_hal_tim.o(i.TIM_TI2_SetConfig)
    i.TestCollisionArriere                   0x08006424   Section        0  us_capteur.o(i.TestCollisionArriere)
    i.TestCollisionAvant                     0x08006440   Section        0  us_capteur.o(i.TestCollisionAvant)
    i.UART_DMAError                          0x0800645c   Section        0  stm32f4xx_hal_uart.o(i.UART_DMAError)
    UART_DMAError                            0x0800645d   Thumb Code    30  stm32f4xx_hal_uart.o(i.UART_DMAError)
    i.UART_DMAReceiveCplt                    0x0800647a   Section        0  stm32f4xx_hal_uart.o(i.UART_DMAReceiveCplt)
    UART_DMAReceiveCplt                      0x0800647b   Thumb Code    52  stm32f4xx_hal_uart.o(i.UART_DMAReceiveCplt)
    i.UART_DMARxHalfCplt                     0x080064ae   Section        0  stm32f4xx_hal_uart.o(i.UART_DMARxHalfCplt)
    UART_DMARxHalfCplt                       0x080064af   Thumb Code    10  stm32f4xx_hal_uart.o(i.UART_DMARxHalfCplt)
    i.UART_DMATransmitCplt                   0x080064b8   Section        0  stm32f4xx_hal_uart.o(i.UART_DMATransmitCplt)
    UART_DMATransmitCplt                     0x080064b9   Thumb Code    46  stm32f4xx_hal_uart.o(i.UART_DMATransmitCplt)
    i.UART_DMATxHalfCplt                     0x080064e6   Section        0  stm32f4xx_hal_uart.o(i.UART_DMATxHalfCplt)
    UART_DMATxHalfCplt                       0x080064e7   Thumb Code    10  stm32f4xx_hal_uart.o(i.UART_DMATxHalfCplt)
    i.UART_Receive_IT                        0x080064f0   Section        0  stm32f4xx_hal_uart.o(i.UART_Receive_IT)
    UART_Receive_IT                          0x080064f1   Thumb Code   166  stm32f4xx_hal_uart.o(i.UART_Receive_IT)
    i.UART_SetConfig                         0x08006598   Section        0  stm32f4xx_hal_uart.o(i.UART_SetConfig)
    UART_SetConfig                           0x08006599   Thumb Code   418  stm32f4xx_hal_uart.o(i.UART_SetConfig)
    i.UART_Transmit_IT                       0x08006744   Section        0  stm32f4xx_hal_uart.o(i.UART_Transmit_IT)
    UART_Transmit_IT                         0x08006745   Thumb Code   102  stm32f4xx_hal_uart.o(i.UART_Transmit_IT)
    i.USART2_IRQHandler                      0x080067ac   Section        0  stm32f4xx_it.o(i.USART2_IRQHandler)
    i.USART6_IRQHandler                      0x080067b8   Section        0  stm32f4xx_it.o(i.USART6_IRQHandler)
    i.Us_GestionMesure_IT                    0x080067c4   Section        0  us_capteur.o(i.Us_GestionMesure_IT)
    i.Us_GestionTrigger_IT                   0x08006840   Section        0  us_capteur.o(i.Us_GestionTrigger_IT)
    i.Us_LireDistance                        0x080068dc   Section        0  us_capteur.o(i.Us_LireDistance)
    i.Us_MarcheArretGeneral                  0x0800690c   Section        0  us_capteur.o(i.Us_MarcheArretGeneral)
    i.Us_SelectInterrogation                 0x0800693c   Section        0  us_capteur.o(i.Us_SelectInterrogation)
    i.WifiCom_Communication_Start            0x08006954   Section        0  wificom.o(i.WifiCom_Communication_Start)
    i.WifiCom_Gestion                        0x08006974   Section        0  wificom.o(i.WifiCom_Gestion)
    i.WifiCom_Lire_Data                      0x08006ae4   Section        0  wificom.o(i.WifiCom_Lire_Data)
    WifiCom_Lire_Data                        0x08006ae5   Thumb Code   392  wificom.o(i.WifiCom_Lire_Data)
    i.WifiCom_Receive_It                     0x08006ca4   Section        0  wificom.o(i.WifiCom_Receive_It)
    i.WifiCom_Reception                      0x08006cc8   Section        0  wificom.o(i.WifiCom_Reception)
    WifiCom_Reception                        0x08006cc9   Thumb Code    22  wificom.o(i.WifiCom_Reception)
    i.WifiCom_Transmit_NextPacket            0x08006ce8   Section        0  wificom.o(i.WifiCom_Transmit_NextPacket)
    i.WifiCom_Transmit_Reglage               0x08006d64   Section        0  wificom.o(i.WifiCom_Transmit_Reglage)
    i.WifiCom_Transmit_Service               0x08006ed0   Section        0  wificom.o(i.WifiCom_Transmit_Service)
    i.WifiCom_Transmit_Transport             0x08006f40   Section        0  wificom.o(i.WifiCom_Transmit_Transport)
    i.__ARM_fpclassify                       0x08006f64   Section        0  fpclassify.o(i.__ARM_fpclassify)
    i.__hardfp_atan                          0x08006f98   Section        0  atan.o(i.__hardfp_atan)
    i.__hardfp_atan2                         0x08007280   Section        0  atan2.o(i.__hardfp_atan2)
    i.__hardfp_fmax                          0x08007460   Section        0  fmax.o(i.__hardfp_fmax)
    i.__hardfp_fmin                          0x080074d4   Section        0  fmin.o(i.__hardfp_fmin)
    i.__kernel_poly                          0x08007548   Section        0  poly.o(i.__kernel_poly)
    i.__mathlib_dbl_underflow                0x08007640   Section        0  dunder.o(i.__mathlib_dbl_underflow)
    i.__scatterload_copy                     0x08007660   Section       14  handlers.o(i.__scatterload_copy)
    i.__scatterload_null                     0x0800766e   Section        2  handlers.o(i.__scatterload_null)
    i.__scatterload_zeroinit                 0x08007670   Section       14  handlers.o(i.__scatterload_zeroinit)
    i.atan                                   0x0800767e   Section        0  atan.o(i.atan)
    i.fabs                                   0x0800768e   Section        0  fabs.o(i.fabs)
    i.main                                   0x080076b0   Section        0  main.o(i.main)
    .constdata                               0x08007818   Section       32  moteurs.o(.constdata)
    .constdata                               0x08007838   Section       16  stm32f4xx_hal_rcc.o(.constdata)
    .constdata                               0x08007848   Section      152  atan.o(.constdata)
    atanhi                                   0x08007848   Data          32  atan.o(.constdata)
    atanlo                                   0x08007868   Data          32  atan.o(.constdata)
    aTodd                                    0x08007888   Data          40  atan.o(.constdata)
    aTeven                                   0x080078b0   Data          48  atan.o(.constdata)
    .constdata                               0x080078e0   Section        8  qnan.o(.constdata)
    .data                                    0x20000000   Section        2  main.o(.data)
    .data                                    0x20000002   Section       54  us_capteur.o(.data)
    .data                                    0x20000038   Section       64  moteurs.o(.data)
    .data                                    0x20000078   Section        8  moteurs.o(.data)
    .data                                    0x20000080   Section        8  moteurs.o(.data)
    .data                                    0x20000088   Section        8  temperature.o(.data)
    NbCumul                                  0x2000008a   Data           2  temperature.o(.data)
    Temperature_Exterieure_Cumul             0x2000008c   Data           4  temperature.o(.data)
    .data                                    0x20000090   Section       64  hmc5883l.o(.data)
    delay                                    0x2000009c   Data           4  hmc5883l.o(.data)
    x_max                                    0x200000a0   Data           4  hmc5883l.o(.data)
    x_min                                    0x200000a4   Data           4  hmc5883l.o(.data)
    y_max                                    0x200000a8   Data           4  hmc5883l.o(.data)
    y_min                                    0x200000ac   Data           4  hmc5883l.o(.data)
    .data                                    0x200000d0   Section        3  sauve_restaure.o(.data)
    Etat_Suivant                             0x200000d2   Data           1  sauve_restaure.o(.data)
    .data                                    0x200000d4   Section        8  batterie.o(.data)
    NbCumul                                  0x200000d4   Data           2  batterie.o(.data)
    Tension_Batterie_Cumul                   0x200000d8   Data           4  batterie.o(.data)
    .data                                    0x200000dc   Section        2  phares.o(.data)
    .data                                    0x200000e0   Section      260  wificom.o(.data)
    Demande_Initialisation                   0x200000e0   Data           1  wificom.o(.data)
    time_out_wifi                            0x200000ec   Data           4  wificom.o(.data)
    time_out_transport                       0x200000f0   Data           4  wificom.o(.data)
    Date_Envoi                               0x200000f4   Data           4  wificom.o(.data)
    .data                                    0x200001e4   Section       44  rplidar.o(.data)
    nb_defaut                                0x200001e6   Data           1  rplidar.o(.data)
    Etat_Automate_Rplidar_Suivant            0x200001e7   Data           1  rplidar.o(.data)
    .data                                    0x20000210   Section       76  guidage.o(.data)
    date_courante                            0x20000218   Data           4  guidage.o(.data)
    erreur_somme                             0x2000021c   Data           4  guidage.o(.data)
    erreur_precedente                        0x20000220   Data           4  guidage.o(.data)
    delta_erreur                             0x20000224   Data           4  guidage.o(.data)
    .data                                    0x2000025c   Section        4  system_stm32f4xx.o(.data)
    .data                                    0x20000260   Section        4  stm32f4xx_hal.o(.data)
    uwTick                                   0x20000260   Data           4  stm32f4xx_hal.o(.data)
    .bss                                     0x20000264   Section      540  tim.o(.bss)
    .bss                                     0x20000480   Section      120  i2c.o(.bss)
    .bss                                     0x200004f8   Section       20  adc.o(.bss)
    .bss                                     0x2000050c   Section      148  adc.o(.bss)
    .bss                                     0x200005a0   Section      368  usart.o(.bss)
    .bss                                     0x20000710   Section     2020  hmc5883l.o(.bss)
    .bss                                     0x20000ef4   Section       88  spi.o(.bss)
    .bss                                     0x20000f4c   Section      660  wificom.o(.bss)
    .bss                                     0x200011e0   Section     5048  rplidar.o(.bss)
    STACK                                    0x20002598   Section     1024  startup_stm32f407xx.o(STACK)

    Global Symbols

    Symbol Name                              Value     Ov Type        Size  Object(Section)

    BuildAttributes$$THM_ISAv4$E$P$D$K$B$S$7EM$VFPi3$EXTD16$VFPS$VFMA$PE$A:L22UL41UL21$X:L11$S22US41US21$IEEE1$IW$USESV6$~STKCKD$USESV7$~SHL$OTIME$ROPI$IEEEX$EBA8$MICROLIB$REQ8$PRES8$EABIv2 0x00000000   Number         0  anon$$obj.o ABSOLUTE
    __ARM_use_no_argv                        0x00000000   Number         0  main.o ABSOLUTE
    __cpp_initialize__aeabi_                  - Undefined Weak Reference
    __cxa_finalize                            - Undefined Weak Reference
    _clock_init                               - Undefined Weak Reference
    _microlib_exit                            - Undefined Weak Reference
    __Vectors_Size                           0x00000188   Number         0  startup_stm32f407xx.o ABSOLUTE
    __Vectors                                0x08000000   Data           4  startup_stm32f407xx.o(RESET)
    __Vectors_End                            0x08000188   Data           0  startup_stm32f407xx.o(RESET)
    __main                                   0x08000189   Thumb Code     0  entry.o(.ARM.Collect$$$$00000000)
    _main_stk                                0x08000189   Thumb Code     0  entry2.o(.ARM.Collect$$$$00000001)
    _main_scatterload                        0x0800018d   Thumb Code     0  entry5.o(.ARM.Collect$$$$00000004)
    __main_after_scatterload                 0x08000191   Thumb Code     0  entry5.o(.ARM.Collect$$$$00000004)
    _main_clock                              0x08000191   Thumb Code     0  entry7b.o(.ARM.Collect$$$$00000008)
    _main_cpp_init                           0x08000191   Thumb Code     0  entry8b.o(.ARM.Collect$$$$0000000A)
    _main_init                               0x08000191   Thumb Code     0  entry9a.o(.ARM.Collect$$$$0000000B)
    __rt_final_cpp                           0x08000199   Thumb Code     0  entry10a.o(.ARM.Collect$$$$0000000D)
    __rt_final_exit                          0x08000199   Thumb Code     0  entry11a.o(.ARM.Collect$$$$0000000F)
    Reset_Handler                            0x0800019d   Thumb Code     8  startup_stm32f407xx.o(.text)
    NMI_Handler                              0x080001a5   Thumb Code     2  startup_stm32f407xx.o(.text)
    HardFault_Handler                        0x080001a7   Thumb Code     2  startup_stm32f407xx.o(.text)
    MemManage_Handler                        0x080001a9   Thumb Code     2  startup_stm32f407xx.o(.text)
    BusFault_Handler                         0x080001ab   Thumb Code     2  startup_stm32f407xx.o(.text)
    UsageFault_Handler                       0x080001ad   Thumb Code     2  startup_stm32f407xx.o(.text)
    SVC_Handler                              0x080001af   Thumb Code     2  startup_stm32f407xx.o(.text)
    DebugMon_Handler                         0x080001b1   Thumb Code     2  startup_stm32f407xx.o(.text)
    PendSV_Handler                           0x080001b3   Thumb Code     2  startup_stm32f407xx.o(.text)
    ADC_IRQHandler                           0x080001b7   Thumb Code     0  startup_stm32f407xx.o(.text)
    CAN1_RX0_IRQHandler                      0x080001b7   Thumb Code     0  startup_stm32f407xx.o(.text)
    CAN1_RX1_IRQHandler                      0x080001b7   Thumb Code     0  startup_stm32f407xx.o(.text)
    CAN1_SCE_IRQHandler                      0x080001b7   Thumb Code     0  startup_stm32f407xx.o(.text)
    CAN1_TX_IRQHandler                       0x080001b7   Thumb Code     0  startup_stm32f407xx.o(.text)
    CAN2_RX0_IRQHandler                      0x080001b7   Thumb Code     0  startup_stm32f407xx.o(.text)
    CAN2_RX1_IRQHandler                      0x080001b7   Thumb Code     0  startup_stm32f407xx.o(.text)
    CAN2_SCE_IRQHandler                      0x080001b7   Thumb Code     0  startup_stm32f407xx.o(.text)
    CAN2_TX_IRQHandler                       0x080001b7   Thumb Code     0  startup_stm32f407xx.o(.text)
    DCMI_IRQHandler                          0x080001b7   Thumb Code     0  startup_stm32f407xx.o(.text)
    DMA1_Stream0_IRQHandler                  0x080001b7   Thumb Code     0  startup_stm32f407xx.o(.text)
    DMA1_Stream1_IRQHandler                  0x080001b7   Thumb Code     0  startup_stm32f407xx.o(.text)
    DMA1_Stream2_IRQHandler                  0x080001b7   Thumb Code     0  startup_stm32f407xx.o(.text)
    DMA1_Stream3_IRQHandler                  0x080001b7   Thumb Code     0  startup_stm32f407xx.o(.text)
    DMA1_Stream4_IRQHandler                  0x080001b7   Thumb Code     0  startup_stm32f407xx.o(.text)
    DMA1_Stream6_IRQHandler                  0x080001b7   Thumb Code     0  startup_stm32f407xx.o(.text)
    DMA1_Stream7_IRQHandler                  0x080001b7   Thumb Code     0  startup_stm32f407xx.o(.text)
    DMA2_Stream2_IRQHandler                  0x080001b7   Thumb Code     0  startup_stm32f407xx.o(.text)
    DMA2_Stream3_IRQHandler                  0x080001b7   Thumb Code     0  startup_stm32f407xx.o(.text)
    DMA2_Stream4_IRQHandler                  0x080001b7   Thumb Code     0  startup_stm32f407xx.o(.text)
    DMA2_Stream5_IRQHandler                  0x080001b7   Thumb Code     0  startup_stm32f407xx.o(.text)
    DMA2_Stream7_IRQHandler                  0x080001b7   Thumb Code     0  startup_stm32f407xx.o(.text)
    ETH_IRQHandler                           0x080001b7   Thumb Code     0  startup_stm32f407xx.o(.text)
    ETH_WKUP_IRQHandler                      0x080001b7   Thumb Code     0  startup_stm32f407xx.o(.text)
    EXTI0_IRQHandler                         0x080001b7   Thumb Code     0  startup_stm32f407xx.o(.text)
    EXTI15_10_IRQHandler                     0x080001b7   Thumb Code     0  startup_stm32f407xx.o(.text)
    EXTI1_IRQHandler                         0x080001b7   Thumb Code     0  startup_stm32f407xx.o(.text)
    EXTI2_IRQHandler                         0x080001b7   Thumb Code     0  startup_stm32f407xx.o(.text)
    EXTI3_IRQHandler                         0x080001b7   Thumb Code     0  startup_stm32f407xx.o(.text)
    EXTI9_5_IRQHandler                       0x080001b7   Thumb Code     0  startup_stm32f407xx.o(.text)
    FLASH_IRQHandler                         0x080001b7   Thumb Code     0  startup_stm32f407xx.o(.text)
    FMC_IRQHandler                           0x080001b7   Thumb Code     0  startup_stm32f407xx.o(.text)
    FPU_IRQHandler                           0x080001b7   Thumb Code     0  startup_stm32f407xx.o(.text)
    HASH_RNG_IRQHandler                      0x080001b7   Thumb Code     0  startup_stm32f407xx.o(.text)
    I2C3_ER_IRQHandler                       0x080001b7   Thumb Code     0  startup_stm32f407xx.o(.text)
    I2C3_EV_IRQHandler                       0x080001b7   Thumb Code     0  startup_stm32f407xx.o(.text)
    OTG_FS_IRQHandler                        0x080001b7   Thumb Code     0  startup_stm32f407xx.o(.text)
    OTG_FS_WKUP_IRQHandler                   0x080001b7   Thumb Code     0  startup_stm32f407xx.o(.text)
    OTG_HS_EP1_IN_IRQHandler                 0x080001b7   Thumb Code     0  startup_stm32f407xx.o(.text)
    OTG_HS_EP1_OUT_IRQHandler                0x080001b7   Thumb Code     0  startup_stm32f407xx.o(.text)
    OTG_HS_IRQHandler                        0x080001b7   Thumb Code     0  startup_stm32f407xx.o(.text)
    OTG_HS_WKUP_IRQHandler                   0x080001b7   Thumb Code     0  startup_stm32f407xx.o(.text)
    PVD_IRQHandler                           0x080001b7   Thumb Code     0  startup_stm32f407xx.o(.text)
    RCC_IRQHandler                           0x080001b7   Thumb Code     0  startup_stm32f407xx.o(.text)
    RTC_Alarm_IRQHandler                     0x080001b7   Thumb Code     0  startup_stm32f407xx.o(.text)
    RTC_WKUP_IRQHandler                      0x080001b7   Thumb Code     0  startup_stm32f407xx.o(.text)
    SDIO_IRQHandler                          0x080001b7   Thumb Code     0  startup_stm32f407xx.o(.text)
    SPI1_IRQHandler                          0x080001b7   Thumb Code     0  startup_stm32f407xx.o(.text)
    SPI2_IRQHandler                          0x080001b7   Thumb Code     0  startup_stm32f407xx.o(.text)
    SPI3_IRQHandler                          0x080001b7   Thumb Code     0  startup_stm32f407xx.o(.text)
    TAMP_STAMP_IRQHandler                    0x080001b7   Thumb Code     0  startup_stm32f407xx.o(.text)
    TIM1_BRK_TIM9_IRQHandler                 0x080001b7   Thumb Code     0  startup_stm32f407xx.o(.text)
    TIM1_TRG_COM_TIM11_IRQHandler            0x080001b7   Thumb Code     0  startup_stm32f407xx.o(.text)
    TIM1_UP_TIM10_IRQHandler                 0x080001b7   Thumb Code     0  startup_stm32f407xx.o(.text)
    TIM3_IRQHandler                          0x080001b7   Thumb Code     0  startup_stm32f407xx.o(.text)
    TIM4_IRQHandler                          0x080001b7   Thumb Code     0  startup_stm32f407xx.o(.text)
    TIM6_DAC_IRQHandler                      0x080001b7   Thumb Code     0  startup_stm32f407xx.o(.text)
    TIM7_IRQHandler                          0x080001b7   Thumb Code     0  startup_stm32f407xx.o(.text)
    TIM8_BRK_TIM12_IRQHandler                0x080001b7   Thumb Code     0  startup_stm32f407xx.o(.text)
    TIM8_CC_IRQHandler                       0x080001b7   Thumb Code     0  startup_stm32f407xx.o(.text)
    TIM8_TRG_COM_TIM14_IRQHandler            0x080001b7   Thumb Code     0  startup_stm32f407xx.o(.text)
    TIM8_UP_TIM13_IRQHandler                 0x080001b7   Thumb Code     0  startup_stm32f407xx.o(.text)
    UART4_IRQHandler                         0x080001b7   Thumb Code     0  startup_stm32f407xx.o(.text)
    UART5_IRQHandler                         0x080001b7   Thumb Code     0  startup_stm32f407xx.o(.text)
    USART1_IRQHandler                        0x080001b7   Thumb Code     0  startup_stm32f407xx.o(.text)
    USART3_IRQHandler                        0x080001b7   Thumb Code     0  startup_stm32f407xx.o(.text)
    WWDG_IRQHandler                          0x080001b7   Thumb Code     0  startup_stm32f407xx.o(.text)
    __aeabi_memcpy                           0x080001c1   Thumb Code    36  memcpya.o(.text)
    __aeabi_memcpy4                          0x080001c1   Thumb Code     0  memcpya.o(.text)
    __aeabi_memcpy8                          0x080001c1   Thumb Code     0  memcpya.o(.text)
    __aeabi_dadd                             0x080001e5   Thumb Code   322  dadd.o(.text)
    __aeabi_dsub                             0x08000327   Thumb Code     6  dadd.o(.text)
    __aeabi_drsub                            0x0800032d   Thumb Code     6  dadd.o(.text)
    __aeabi_dmul                             0x08000333   Thumb Code   228  dmul.o(.text)
    __aeabi_f2d                              0x08000417   Thumb Code    38  f2d.o(.text)
    __aeabi_d2f                              0x0800043d   Thumb Code    56  d2f.o(.text)
    __aeabi_llsl                             0x08000475   Thumb Code    30  llshl.o(.text)
    _ll_shift_l                              0x08000475   Thumb Code     0  llshl.o(.text)
    __aeabi_lasr                             0x08000493   Thumb Code    36  llsshr.o(.text)
    _ll_sshift_r                             0x08000493   Thumb Code     0  llsshr.o(.text)
    __I$use$fp                               0x080004b7   Thumb Code     0  iusefp.o(.text)
    _float_round                             0x080004b7   Thumb Code    18  fepilogue.o(.text)
    _float_epilogue                          0x080004c9   Thumb Code    90  fepilogue.o(.text)
    _double_round                            0x08000523   Thumb Code    26  depilogue.o(.text)
    _double_epilogue                         0x0800053d   Thumb Code   164  depilogue.o(.text)
    __aeabi_ddiv                             0x080005e1   Thumb Code   222  ddiv.o(.text)
    __ARM_dcmp4                              0x080006bf   Thumb Code    96  dcmp4.o(.text)
    _dcmp4                                   0x080006bf   Thumb Code     0  dcmp4.o(.text)
    __scatterload                            0x08000721   Thumb Code    28  init.o(.text)
    __scatterload_rt2                        0x08000721   Thumb Code     0  init.o(.text)
    __aeabi_llsr                             0x08000745   Thumb Code    32  llushr.o(.text)
    _ll_ushift_r                             0x08000745   Thumb Code     0  llushr.o(.text)
    __decompress                             0x08000765   Thumb Code     0  __dczerorl2.o(.text)
    __decompress1                            0x08000765   Thumb Code    92  __dczerorl2.o(.text)
    ASServissement_VitesseMoteur             0x08000931   Thumb Code   192  moteurs.o(i.ASServissement_VitesseMoteur)
    Arme_Tempo_ASS_Vitesse                   0x080009fd   Thumb Code    18  tempo.o(i.Arme_Tempo_ASS_Vitesse)
    Arme_Tempo_USCapteur                     0x08000a15   Thumb Code    18  tempo.o(i.Arme_Tempo_USCapteur)
    Calcule_Checksum                         0x08000a2d   Thumb Code    26  wificom.o(i.Calcule_Checksum)
    DMA1_Stream5_IRQHandler                  0x08000aa1   Thumb Code     6  stm32f4xx_it.o(i.DMA1_Stream5_IRQHandler)
    DMA2_Stream0_IRQHandler                  0x08000aad   Thumb Code     6  stm32f4xx_it.o(i.DMA2_Stream0_IRQHandler)
    DMA2_Stream1_IRQHandler                  0x08000ab9   Thumb Code     6  stm32f4xx_it.o(i.DMA2_Stream1_IRQHandler)
    DMA2_Stream6_IRQHandler                  0x08000ac5   Thumb Code     6  stm32f4xx_it.o(i.DMA2_Stream6_IRQHandler)
    Desarme_Tempo_USCapteur                  0x08000af9   Thumb Code     8  tempo.o(i.Desarme_Tempo_USCapteur)
    EXTI4_IRQHandler                         0x08000b05   Thumb Code     6  stm32f4xx_it.o(i.EXTI4_IRQHandler)
    Gestion_Sauvegarde                       0x08000b0d   Thumb Code   216  sauve_restaure.o(i.Gestion_Sauvegarde)
    Guidage_Suivi_Mur                        0x08000c01   Thumb Code   294  guidage.o(i.Guidage_Suivi_Mur)
    HAL_ADC_ConfigChannel                    0x08000d39   Thumb Code   322  stm32f4xx_hal_adc.o(i.HAL_ADC_ConfigChannel)
    HAL_ADC_ConvCpltCallback                 0x08000e89   Thumb Code    36  stm32f4xx_it.o(i.HAL_ADC_ConvCpltCallback)
    HAL_ADC_ConvHalfCpltCallback             0x08000eb5   Thumb Code     2  stm32f4xx_hal_adc.o(i.HAL_ADC_ConvHalfCpltCallback)
    HAL_ADC_ErrorCallback                    0x08000eb7   Thumb Code     2  stm32f4xx_hal_adc.o(i.HAL_ADC_ErrorCallback)
    HAL_ADC_Init                             0x08000eb9   Thumb Code    56  stm32f4xx_hal_adc.o(i.HAL_ADC_Init)
    HAL_ADC_MspInit                          0x08000ef1   Thumb Code   122  adc.o(i.HAL_ADC_MspInit)
    HAL_ADC_Start_DMA                        0x08000f85   Thumb Code   154  stm32f4xx_hal_adc.o(i.HAL_ADC_Start_DMA)
    HAL_DMA_Abort                            0x08001035   Thumb Code    80  stm32f4xx_hal_dma.o(i.HAL_DMA_Abort)
    HAL_DMA_IRQHandler                       0x08001085   Thumb Code  3860  stm32f4xx_hal_dma.o(i.HAL_DMA_IRQHandler)
    HAL_DMA_Init                             0x08001fa1   Thumb Code   108  stm32f4xx_hal_dma.o(i.HAL_DMA_Init)
    HAL_DMA_Start_IT                         0x08002011   Thumb Code   108  stm32f4xx_hal_dma.o(i.HAL_DMA_Start_IT)
    HAL_GPIO_EXTI_Callback                   0x0800207d   Thumb Code    10  stm32f4xx_it.o(i.HAL_GPIO_EXTI_Callback)
    HAL_GPIO_EXTI_IRQHandler                 0x08002089   Thumb Code    18  stm32f4xx_hal_gpio.o(i.HAL_GPIO_EXTI_IRQHandler)
    HAL_GPIO_Init                            0x080020a1   Thumb Code   414  stm32f4xx_hal_gpio.o(i.HAL_GPIO_Init)
    HAL_GPIO_ReadPin                         0x08002271   Thumb Code    10  stm32f4xx_hal_gpio.o(i.HAL_GPIO_ReadPin)
    HAL_GPIO_WritePin                        0x0800227b   Thumb Code    10  stm32f4xx_hal_gpio.o(i.HAL_GPIO_WritePin)
    HAL_GetTick                              0x08002285   Thumb Code     6  stm32f4xx_hal.o(i.HAL_GetTick)
    HAL_I2C_ER_IRQHandler                    0x08002291   Thumb Code   226  stm32f4xx_hal_i2c.o(i.HAL_I2C_ER_IRQHandler)
    HAL_I2C_EV_IRQHandler                    0x08002373   Thumb Code   424  stm32f4xx_hal_i2c.o(i.HAL_I2C_EV_IRQHandler)
    HAL_I2C_ErrorCallback                    0x0800251b   Thumb Code     2  stm32f4xx_it.o(i.HAL_I2C_ErrorCallback)
    HAL_I2C_Init                             0x0800251d   Thumb Code   240  stm32f4xx_hal_i2c.o(i.HAL_I2C_Init)
    HAL_I2C_MasterRxCpltCallback             0x08002615   Thumb Code    14  stm32f4xx_it.o(i.HAL_I2C_MasterRxCpltCallback)
    HAL_I2C_MasterTxCpltCallback             0x08002629   Thumb Code    14  stm32f4xx_it.o(i.HAL_I2C_MasterTxCpltCallback)
    HAL_I2C_Master_Receive_IT                0x0800263d   Thumb Code   212  stm32f4xx_hal_i2c.o(i.HAL_I2C_Master_Receive_IT)
    HAL_I2C_Master_Transmit_IT               0x08002715   Thumb Code   144  stm32f4xx_hal_i2c.o(i.HAL_I2C_Master_Transmit_IT)
    HAL_I2C_MemRxCpltCallback                0x080027a9   Thumb Code     2  stm32f4xx_hal_i2c.o(i.HAL_I2C_MemRxCpltCallback)
    HAL_I2C_MemTxCpltCallback                0x080027ab   Thumb Code     2  stm32f4xx_hal_i2c.o(i.HAL_I2C_MemTxCpltCallback)
    HAL_I2C_MspInit                          0x080027ad   Thumb Code   162  i2c.o(i.HAL_I2C_MspInit)
    HAL_I2C_SlaveRxCpltCallback              0x08002865   Thumb Code     2  stm32f4xx_hal_i2c.o(i.HAL_I2C_SlaveRxCpltCallback)
    HAL_I2C_SlaveTxCpltCallback              0x08002867   Thumb Code     2  stm32f4xx_hal_i2c.o(i.HAL_I2C_SlaveTxCpltCallback)
    HAL_IncTick                              0x08002869   Thumb Code    10  stm32f4xx_hal.o(i.HAL_IncTick)
    HAL_Init                                 0x08002879   Thumb Code    48  stm32f4xx_hal.o(i.HAL_Init)
    HAL_InitTick                             0x080028ad   Thumb Code    34  stm32f4xx_hal.o(i.HAL_InitTick)
    HAL_MspInit                              0x080028cf   Thumb Code    22  stm32f4xx_hal_msp.o(i.HAL_MspInit)
    HAL_NVIC_EnableIRQ                       0x080028e5   Thumb Code    24  stm32f4xx_hal_cortex.o(i.HAL_NVIC_EnableIRQ)
    HAL_NVIC_SetPriority                     0x080028fd   Thumb Code    60  stm32f4xx_hal_cortex.o(i.HAL_NVIC_SetPriority)
    HAL_NVIC_SetPriorityGrouping             0x0800293d   Thumb Code    26  stm32f4xx_hal_cortex.o(i.HAL_NVIC_SetPriorityGrouping)
    HAL_RCC_ClockConfig                      0x08002961   Thumb Code   512  stm32f4xx_hal_rcc.o(i.HAL_RCC_ClockConfig)
    HAL_RCC_GetHCLKFreq                      0x08002b69   Thumb Code    38  stm32f4xx_hal_rcc.o(i.HAL_RCC_GetHCLKFreq)
    HAL_RCC_GetPCLK1Freq                     0x08002b9d   Thumb Code    36  stm32f4xx_hal_rcc.o(i.HAL_RCC_GetPCLK1Freq)
    HAL_RCC_GetPCLK2Freq                     0x08002bc9   Thumb Code    36  stm32f4xx_hal_rcc.o(i.HAL_RCC_GetPCLK2Freq)
    HAL_RCC_GetSysClockFreq                  0x08002bf5   Thumb Code   104  stm32f4xx_hal_rcc.o(i.HAL_RCC_GetSysClockFreq)
    HAL_RCC_OscConfig                        0x08002c69   Thumb Code   774  stm32f4xx_hal_rcc.o(i.HAL_RCC_OscConfig)
    HAL_SPI_Init                             0x08002f85   Thumb Code   132  stm32f4xx_hal_spi.o(i.HAL_SPI_Init)
    HAL_SPI_MspInit                          0x08003009   Thumb Code    82  spi.o(i.HAL_SPI_MspInit)
    HAL_SYSTICK_CLKSourceConfig              0x0800306d   Thumb Code    24  stm32f4xx_hal_cortex.o(i.HAL_SYSTICK_CLKSourceConfig)
    HAL_SYSTICK_Callback                     0x08003085   Thumb Code     2  stm32f4xx_hal_cortex.o(i.HAL_SYSTICK_Callback)
    HAL_SYSTICK_Config                       0x08003087   Thumb Code    40  stm32f4xx_hal_cortex.o(i.HAL_SYSTICK_Config)
    HAL_SYSTICK_IRQHandler                   0x080030af   Thumb Code     8  stm32f4xx_hal_cortex.o(i.HAL_SYSTICK_IRQHandler)
    HAL_TIMEx_BreakCallback                  0x080030b7   Thumb Code     2  stm32f4xx_hal_tim_ex.o(i.HAL_TIMEx_BreakCallback)
    HAL_TIMEx_CommutationCallback            0x080030b9   Thumb Code     2  stm32f4xx_hal_tim_ex.o(i.HAL_TIMEx_CommutationCallback)
    HAL_TIMEx_MasterConfigSynchronization    0x080030bb   Thumb Code    80  stm32f4xx_hal_tim_ex.o(i.HAL_TIMEx_MasterConfigSynchronization)
    HAL_TIM_Base_Init                        0x0800310b   Thumb Code    54  stm32f4xx_hal_tim.o(i.HAL_TIM_Base_Init)
    HAL_TIM_Base_MspInit                     0x08003141   Thumb Code   332  tim.o(i.HAL_TIM_Base_MspInit)
    HAL_TIM_ConfigClockSource                0x080032b5   Thumb Code   238  stm32f4xx_hal_tim.o(i.HAL_TIM_ConfigClockSource)
    HAL_TIM_ConfigTI1Input                   0x080033a3   Thumb Code    16  stm32f4xx_hal_tim.o(i.HAL_TIM_ConfigTI1Input)
    HAL_TIM_Encoder_Init                     0x080033b3   Thumb Code   150  stm32f4xx_hal_tim.o(i.HAL_TIM_Encoder_Init)
    HAL_TIM_Encoder_MspInit                  0x08003449   Thumb Code     2  stm32f4xx_hal_tim.o(i.HAL_TIM_Encoder_MspInit)
    HAL_TIM_Encoder_Start                    0x0800344b   Thumb Code    50  stm32f4xx_hal_tim.o(i.HAL_TIM_Encoder_Start)
    HAL_TIM_IC_CaptureCallback               0x0800347d   Thumb Code    20  stm32f4xx_it.o(i.HAL_TIM_IC_CaptureCallback)
    HAL_TIM_IC_ConfigChannel                 0x08003495   Thumb Code   282  stm32f4xx_hal_tim.o(i.HAL_TIM_IC_ConfigChannel)
    HAL_TIM_IC_Init                          0x080035af   Thumb Code    54  stm32f4xx_hal_tim.o(i.HAL_TIM_IC_Init)
    HAL_TIM_IC_MspInit                       0x080035e5   Thumb Code   110  tim.o(i.HAL_TIM_IC_MspInit)
    HAL_TIM_IC_Start                         0x0800366d   Thumb Code    26  stm32f4xx_hal_tim.o(i.HAL_TIM_IC_Start)
    HAL_TIM_IC_Start_IT                      0x08003687   Thumb Code    76  stm32f4xx_hal_tim.o(i.HAL_TIM_IC_Start_IT)
    HAL_TIM_IC_Stop_IT                       0x080036d3   Thumb Code    98  stm32f4xx_hal_tim.o(i.HAL_TIM_IC_Stop_IT)
    HAL_TIM_IRQHandler                       0x08003735   Thumb Code   358  stm32f4xx_hal_tim.o(i.HAL_TIM_IRQHandler)
    HAL_TIM_OC_ConfigChannel                 0x0800389b   Thumb Code    84  stm32f4xx_hal_tim.o(i.HAL_TIM_OC_ConfigChannel)
    HAL_TIM_OC_DelayElapsedCallback          0x080038f1   Thumb Code    74  stm32f4xx_it.o(i.HAL_TIM_OC_DelayElapsedCallback)
    HAL_TIM_OC_Init                          0x08003941   Thumb Code    54  stm32f4xx_hal_tim.o(i.HAL_TIM_OC_Init)
    HAL_TIM_OC_MspInit                       0x08003977   Thumb Code     2  stm32f4xx_hal_tim.o(i.HAL_TIM_OC_MspInit)
    HAL_TIM_OC_Start_IT                      0x08003979   Thumb Code    98  stm32f4xx_hal_tim.o(i.HAL_TIM_OC_Start_IT)
    HAL_TIM_OC_Stop_IT                       0x080039e5   Thumb Code   130  stm32f4xx_hal_tim.o(i.HAL_TIM_OC_Stop_IT)
    HAL_TIM_PWM_ConfigChannel                0x08003a71   Thumb Code   206  stm32f4xx_hal_tim.o(i.HAL_TIM_PWM_ConfigChannel)
    HAL_TIM_PWM_Init                         0x08003b3f   Thumb Code    54  stm32f4xx_hal_tim.o(i.HAL_TIM_PWM_Init)
    HAL_TIM_PWM_MspInit                      0x08003b75   Thumb Code     2  stm32f4xx_hal_tim.o(i.HAL_TIM_PWM_MspInit)
    HAL_TIM_PWM_PulseFinishedCallback        0x08003b77   Thumb Code     2  stm32f4xx_hal_tim.o(i.HAL_TIM_PWM_PulseFinishedCallback)
    HAL_TIM_PWM_Start                        0x08003b79   Thumb Code    48  stm32f4xx_hal_tim.o(i.HAL_TIM_PWM_Start)
    HAL_TIM_PeriodElapsedCallback            0x08003bb1   Thumb Code     2  stm32f4xx_it.o(i.HAL_TIM_PeriodElapsedCallback)
    HAL_TIM_SlaveConfigSynchronization       0x08003bb3   Thumb Code    66  stm32f4xx_hal_tim.o(i.HAL_TIM_SlaveConfigSynchronization)
    HAL_TIM_TriggerCallback                  0x08003bf5   Thumb Code     2  stm32f4xx_hal_tim.o(i.HAL_TIM_TriggerCallback)
    HAL_UART_DMAStop                         0x08003bf7   Thumb Code    50  stm32f4xx_hal_uart.o(i.HAL_UART_DMAStop)
    HAL_UART_ErrorCallback                   0x08003c29   Thumb Code     2  stm32f4xx_it.o(i.HAL_UART_ErrorCallback)
    HAL_UART_GetState                        0x08003c2b   Thumb Code     6  stm32f4xx_hal_uart.o(i.HAL_UART_GetState)
    HAL_UART_IRQHandler                      0x08003c31   Thumb Code   264  stm32f4xx_hal_uart.o(i.HAL_UART_IRQHandler)
    HAL_UART_Init                            0x08003d39   Thumb Code    94  stm32f4xx_hal_uart.o(i.HAL_UART_Init)
    HAL_UART_MspInit                         0x08003d99   Thumb Code   296  usart.o(i.HAL_UART_MspInit)
    HAL_UART_Receive_DMA                     0x08003ee1   Thumb Code   118  stm32f4xx_hal_uart.o(i.HAL_UART_Receive_DMA)
    HAL_UART_RxCpltCallback                  0x08003f65   Thumb Code    34  stm32f4xx_it.o(i.HAL_UART_RxCpltCallback)
    HAL_UART_RxHalfCpltCallback              0x08003f8d   Thumb Code     2  stm32f4xx_it.o(i.HAL_UART_RxHalfCpltCallback)
    HAL_UART_Transmit_DMA                    0x08003f91   Thumb Code   134  stm32f4xx_hal_uart.o(i.HAL_UART_Transmit_DMA)
    HAL_UART_Transmit_IT                     0x08004025   Thumb Code   104  stm32f4xx_hal_uart.o(i.HAL_UART_Transmit_IT)
    HAL_UART_TxCpltCallback                  0x0800408d   Thumb Code    14  stm32f4xx_it.o(i.HAL_UART_TxCpltCallback)
    HAL_UART_TxHalfCpltCallback              0x080040a1   Thumb Code     2  stm32f4xx_hal_uart.o(i.HAL_UART_TxHalfCpltCallback)
    HMC5883L_Charge_Data_Wifi                0x080040a5   Thumb Code    56  hmc5883l.o(i.HMC5883L_Charge_Data_Wifi)
    HMC5883L_Emission_IT                     0x080040e5   Thumb Code    28  hmc5883l.o(i.HMC5883L_Emission_IT)
    HMC5883L_Event_IT                        0x08004129   Thumb Code     8  hmc5883l.o(i.HMC5883L_Event_IT)
    HMC5883L_Gestion                         0x08004135   Thumb Code   738  hmc5883l.o(i.HMC5883L_Gestion)
    HMC5883L_Reception_IT                    0x08004449   Thumb Code    30  hmc5883l.o(i.HMC5883L_Reception_IT)
    HMC5883L_Request                         0x08004471   Thumb Code     6  hmc5883l.o(i.HMC5883L_Request)
    HMC5883L_Start                           0x0800447d   Thumb Code    56  hmc5883l.o(i.HMC5883L_Start)
    I2C1_ER_IRQHandler                       0x080044b9   Thumb Code     6  stm32f4xx_it.o(i.I2C1_ER_IRQHandler)
    I2C1_EV_IRQHandler                       0x080044c5   Thumb Code     6  stm32f4xx_it.o(i.I2C1_EV_IRQHandler)
    I2C2_ER_IRQHandler                       0x080044d1   Thumb Code     6  stm32f4xx_it.o(i.I2C2_ER_IRQHandler)
    I2C2_EV_IRQHandler                       0x080044dd   Thumb Code     6  stm32f4xx_it.o(i.I2C2_EV_IRQHandler)
    Initialise_Sauvegarde                    0x08004809   Thumb Code    70  sauve_restaure.o(i.Initialise_Sauvegarde)
    Lazer_Scan_Request                       0x08004859   Thumb Code    76  rplidar.o(i.Lazer_Scan_Request)
    MX_ADC3_Init                             0x080048a9   Thumb Code   128  adc.o(i.MX_ADC3_Init)
    MX_DMA_Init                              0x08004931   Thumb Code   104  dma.o(i.MX_DMA_Init)
    MX_GPIO_Init                             0x0800499d   Thumb Code   540  gpio.o(i.MX_GPIO_Init)
    MX_I2C1_Init                             0x08004bdd   Thumb Code    34  i2c.o(i.MX_I2C1_Init)
    MX_I2C2_Init                             0x08004c0d   Thumb Code    36  i2c.o(i.MX_I2C2_Init)
    MX_SPI2_Init                             0x08004c39   Thumb Code    48  spi.o(i.MX_SPI2_Init)
    MX_TIM10_Init                            0x08004c71   Thumb Code    60  tim.o(i.MX_TIM10_Init)
    MX_TIM11_Init                            0x08004cb5   Thumb Code    60  tim.o(i.MX_TIM11_Init)
    MX_TIM13_Init                            0x08004cf9   Thumb Code    62  tim.o(i.MX_TIM13_Init)
    MX_TIM1_Init                             0x08004d41   Thumb Code   138  tim.o(i.MX_TIM1_Init)
    MX_TIM2_Init                             0x08004dd5   Thumb Code   114  tim.o(i.MX_TIM2_Init)
    MX_TIM3_Init                             0x08004e4d   Thumb Code    92  tim.o(i.MX_TIM3_Init)
    MX_TIM4_Init                             0x08004eb1   Thumb Code    96  tim.o(i.MX_TIM4_Init)
    MX_TIM5_Init                             0x08004f19   Thumb Code   120  tim.o(i.MX_TIM5_Init)
    MX_TIM9_Init                             0x08004f99   Thumb Code    88  tim.o(i.MX_TIM9_Init)
    MX_USART2_UART_Init                      0x08004ff9   Thumb Code    32  usart.o(i.MX_USART2_UART_Init)
    MX_USART6_UART_Init                      0x08005021   Thumb Code    36  usart.o(i.MX_USART6_UART_Init)
    Mesure_Batterie_IT                       0x0800504d   Thumb Code    56  batterie.o(i.Mesure_Batterie_IT)
    Mesure_Temperature_IT                    0x0800508d   Thumb Code    46  temperature.o(i.Mesure_Temperature_IT)
    Moteur_Vitesse                           0x08005199   Thumb Code    64  moteurs.o(i.Moteur_Vitesse)
    Moteurs_Start                            0x080051ed   Thumb Code    82  moteurs.o(i.Moteurs_Start)
    Phares_Commande                          0x08005271   Thumb Code    12  phares.o(i.Phares_Commande)
    Phares_Start                             0x08005285   Thumb Code     8  phares.o(i.Phares_Start)
    Relance_Tempo_ASS_Vitesse                0x08005291   Thumb Code    12  tempo.o(i.Relance_Tempo_ASS_Vitesse)
    Relance_Tempo_USCapteur                  0x080052a1   Thumb Code    12  tempo.o(i.Relance_Tempo_USCapteur)
    Restaure_Tout                            0x080052b1   Thumb Code   108  sauve_restaure.o(i.Restaure_Tout)
    Robot_Commande                           0x08005335   Thumb Code   286  moteurs.o(i.Robot_Commande)
    Rplidar_Gestion                          0x08005505   Thumb Code   214  rplidar.o(i.Rplidar_Gestion)
    Rplidar_Get_Distance                     0x080055e5   Thumb Code   136  rplidar.o(i.Rplidar_Get_Distance)
    Rplidar_New_Scan                         0x080056fd   Thumb Code    16  rplidar.o(i.Rplidar_New_Scan)
    Rplidar_Receive_It                       0x08005711   Thumb Code   216  rplidar.o(i.Rplidar_Receive_It)
    Rplidar_Start                            0x08005819   Thumb Code    24  rplidar.o(i.Rplidar_Start)
    Rplidar_Transmit_It                      0x08005839   Thumb Code   106  rplidar.o(i.Rplidar_Transmit_It)
    SPI_FLASH_BufferRead                     0x080058dd   Thumb Code   100  spi_flash.o(i.SPI_FLASH_BufferRead)
    SPI_FLASH_Init                           0x08005949   Thumb Code    10  spi_flash.o(i.SPI_FLASH_Init)
    SPI_FLASH_PageWrite                      0x08005959   Thumb Code   116  spi_flash.o(i.SPI_FLASH_PageWrite)
    SPI_FLASH_ReadID                         0x080059d5   Thumb Code    94  spi_flash.o(i.SPI_FLASH_ReadID)
    SPI_FLASH_Receive                        0x08005a3d   Thumb Code   412  spi_flash.o(i.SPI_FLASH_Receive)
    SPI_FLASH_SubSectorErase                 0x08005bd9   Thumb Code    84  spi_flash.o(i.SPI_FLASH_SubSectorErase)
    SPI_FLASH_TestForWriteEnd                0x08005c35   Thumb Code    82  spi_flash.o(i.SPI_FLASH_TestForWriteEnd)
    SPI_FLASH_Transmit                       0x08005c91   Thumb Code   232  spi_flash.o(i.SPI_FLASH_Transmit)
    SPI_FLASH_WaitForWriteEnd                0x08005d79   Thumb Code    78  spi_flash.o(i.SPI_FLASH_WaitForWriteEnd)
    SPI_FLASH_WriteEnable                    0x08005dd1   Thumb Code    54  spi_flash.o(i.SPI_FLASH_WriteEnable)
    Sauvegarde_Tout_Request                  0x08005ea5   Thumb Code    14  sauve_restaure.o(i.Sauvegarde_Tout_Request)
    Servo_Position                           0x08005eb9   Thumb Code    84  moteurs.o(i.Servo_Position)
    Servos_Start_PWM                         0x08005f11   Thumb Code    22  moteurs.o(i.Servos_Start_PWM)
    SysTick_Handler                          0x08005f2d   Thumb Code    14  stm32f4xx_it.o(i.SysTick_Handler)
    SystemClock_Config                       0x08005f3d   Thumb Code   128  main.o(i.SystemClock_Config)
    SystemInit                               0x08005fc5   Thumb Code    66  system_stm32f4xx.o(i.SystemInit)
    TIM1_CC_IRQHandler                       0x08006019   Thumb Code     6  stm32f4xx_it.o(i.TIM1_CC_IRQHandler)
    TIM2_IRQHandler                          0x08006025   Thumb Code     6  stm32f4xx_it.o(i.TIM2_IRQHandler)
    TIM5_IRQHandler                          0x08006031   Thumb Code     6  stm32f4xx_it.o(i.TIM5_IRQHandler)
    TIM_Base_SetConfig                       0x0800603d   Thumb Code   148  stm32f4xx_hal_tim.o(i.TIM_Base_SetConfig)
    TIM_CCxChannelCmd                        0x080060fd   Thumb Code    22  stm32f4xx_hal_tim.o(i.TIM_CCxChannelCmd)
    TIM_OC2_SetConfig                        0x08006191   Thumb Code    90  stm32f4xx_hal_tim.o(i.TIM_OC2_SetConfig)
    TIM_TI1_SetConfig                        0x08006345   Thumb Code   104  stm32f4xx_hal_tim.o(i.TIM_TI1_SetConfig)
    TestCollisionArriere                     0x08006425   Thumb Code    24  us_capteur.o(i.TestCollisionArriere)
    TestCollisionAvant                       0x08006441   Thumb Code    24  us_capteur.o(i.TestCollisionAvant)
    USART2_IRQHandler                        0x080067ad   Thumb Code     6  stm32f4xx_it.o(i.USART2_IRQHandler)
    USART6_IRQHandler                        0x080067b9   Thumb Code     6  stm32f4xx_it.o(i.USART6_IRQHandler)
    Us_GestionMesure_IT                      0x080067c5   Thumb Code   118  us_capteur.o(i.Us_GestionMesure_IT)
    Us_GestionTrigger_IT                     0x08006841   Thumb Code   142  us_capteur.o(i.Us_GestionTrigger_IT)
    Us_LireDistance                          0x080068dd   Thumb Code    44  us_capteur.o(i.Us_LireDistance)
    Us_MarcheArretGeneral                    0x0800690d   Thumb Code    38  us_capteur.o(i.Us_MarcheArretGeneral)
    Us_SelectInterrogation                   0x0800693d   Thumb Code    18  us_capteur.o(i.Us_SelectInterrogation)
    WifiCom_Communication_Start              0x08006955   Thumb Code    28  wificom.o(i.WifiCom_Communication_Start)
    WifiCom_Gestion                          0x08006975   Thumb Code   346  wificom.o(i.WifiCom_Gestion)
    WifiCom_Receive_It                       0x08006ca5   Thumb Code    32  wificom.o(i.WifiCom_Receive_It)
    WifiCom_Transmit_NextPacket              0x08006ce9   Thumb Code   106  wificom.o(i.WifiCom_Transmit_NextPacket)
    WifiCom_Transmit_Reglage                 0x08006d65   Thumb Code   266  wificom.o(i.WifiCom_Transmit_Reglage)
    WifiCom_Transmit_Service                 0x08006ed1   Thumb Code    90  wificom.o(i.WifiCom_Transmit_Service)
    WifiCom_Transmit_Transport               0x08006f41   Thumb Code    30  wificom.o(i.WifiCom_Transmit_Transport)
    __ARM_fpclassify                         0x08006f65   Thumb Code    48  fpclassify.o(i.__ARM_fpclassify)
    __hardfp_atan                            0x08006f99   Thumb Code   636  atan.o(i.__hardfp_atan)
    __hardfp_atan2                           0x08007281   Thumb Code   416  atan2.o(i.__hardfp_atan2)
    __hardfp_fmax                            0x08007461   Thumb Code   116  fmax.o(i.__hardfp_fmax)
    __hardfp_fmin                            0x080074d5   Thumb Code   116  fmin.o(i.__hardfp_fmin)
    __kernel_poly                            0x08007549   Thumb Code   248  poly.o(i.__kernel_poly)
    __mathlib_dbl_underflow                  0x08007641   Thumb Code    24  dunder.o(i.__mathlib_dbl_underflow)
    __scatterload_copy                       0x08007661   Thumb Code    14  handlers.o(i.__scatterload_copy)
    __scatterload_null                       0x0800766f   Thumb Code     2  handlers.o(i.__scatterload_null)
    __scatterload_zeroinit                   0x08007671   Thumb Code    14  handlers.o(i.__scatterload_zeroinit)
    atan                                     0x0800767f   Thumb Code    16  atan.o(i.atan)
    fabs                                     0x0800768f   Thumb Code    32  fabs.o(i.fabs)
    main                                     0x080076b1   Thumb Code   322  main.o(i.main)
    Config_Moteur                            0x08007818   Data          32  moteurs.o(.constdata)
    APBAHBPrescTable                         0x08007838   Data          16  stm32f4xx_hal_rcc.o(.constdata)
    __mathlib_zero                           0x080078e0   Data           8  qnan.o(.constdata)
    Region$$Table$$Base                      0x080078e8   Number         0  anon$$obj.o(Region$$Table)
    Region$$Table$$Limit                     0x08007908   Number         0  anon$$obj.o(Region$$Table)
    Position_Servo                           0x20000000   Data           2  main.o(.data)
    Distance_Obstacle_Av                     0x20000002   Data           2  us_capteur.o(.data)
    Distance_Obstacle_Ar                     0x20000004   Data           2  us_capteur.o(.data)
    UltraSons                                0x20000006   Data          50  us_capteur.o(.data)
    Mode_Commande                            0x20000038   Data           1  moteurs.o(.data)
    ConsigneAngulaireNulle                   0x2000003c   Data           4  moteurs.o(.data)
    Compensation_Ligne_Droite                0x20000040   Data           8  moteurs.o(.data)
    ConsigneBoucle_Ouverte                   0x20000048   Data           8  moteurs.o(.data)
    Etat_Moteur                              0x20000050   Data          40  moteurs.o(.data)
    ConsigneManuelle                         0x20000078   Data           8  moteurs.o(.data)
    VitesseMesure                            0x20000080   Data           8  moteurs.o(.data)
    Temperature_Exterieure                   0x20000088   Data           2  temperature.o(.data)
    Etat_Automate_HMC5883L                   0x20000090   Data           1  hmc5883l.o(.data)
    Idc_BufMessageCompasXY                   0x20000092   Data           2  hmc5883l.o(.data)
    Compas_X                                 0x20000094   Data           2  hmc5883l.o(.data)
    Compas_Z                                 0x20000096   Data           2  hmc5883l.o(.data)
    Compas_Y                                 0x20000098   Data           2  hmc5883l.o(.data)
    Compas                                   0x200000b0   Data           4  hmc5883l.o(.data)
    HMC5883L_Compensation                    0x200000b4   Data          28  hmc5883l.o(.data)
    Etat_Automate_Sauvegarde                 0x200000d0   Data           1  sauve_restaure.o(.data)
    Etat_Sauvegarde                          0x200000d1   Data           1  sauve_restaure.o(.data)
    V_Batterie                               0x200000d6   Data           2  batterie.o(.data)
    Phare_Luminosite                         0x200000dc   Data           2  phares.o(.data)
    Idc_Buf_Rec_Ecr                          0x200000e1   Data           1  wificom.o(.data)
    Idc_Buf_Rec_Lec                          0x200000e2   Data           1  wificom.o(.data)
    Max_Repetition                           0x200000e3   Data           1  wificom.o(.data)
    Requete_Exterieure                       0x200000e4   Data           2  wificom.o(.data)
    Etat_Buf_Rec_Wifi                        0x200000e6   Data           2  wificom.o(.data)
    Presence_Host                            0x200000e8   Data           4  wificom.o(.data)
    Transport_Emis                           0x200000f8   Data         236  wificom.o(.data)
    Etat_Automate_Rplidar                    0x200001e4   Data           1  rplidar.o(.data)
    New_Scan_Disponible                      0x200001e5   Data           1  rplidar.o(.data)
    Status_Moteur_Lidar                      0x200001e8   Data           1  rplidar.o(.data)
    Status_Rplidar                           0x200001e9   Data           1  rplidar.o(.data)
    Transmission_Rate_Request                0x200001ea   Data           1  rplidar.o(.data)
    Transmission_Rate                        0x200001eb   Data           1  rplidar.o(.data)
    Premiere_Reception                       0x200001ec   Data           1  rplidar.o(.data)
    Offset_Orientation_Lidar                 0x200001ee   Data           2  rplidar.o(.data)
    Buf_Request                              0x200001f0   Data           2  rplidar.o(.data)
    ErrorCode_Rplidar                        0x200001f2   Data           2  rplidar.o(.data)
    Indice_Debut_Lecture                     0x200001f4   Data           2  rplidar.o(.data)
    Buf_Health                               0x200001f6   Data           3  rplidar.o(.data)
    TimeoutVerifReponse                      0x200001fc   Data           4  rplidar.o(.data)
    Buf_Response                             0x20000200   Data           7  rplidar.o(.data)
    Quatre_Angles                            0x20000208   Data           8  rplidar.o(.data)
    erreur                                   0x20000210   Data           4  guidage.o(.data)
    consigne                                 0x20000214   Data           4  guidage.o(.data)
    distance_a_90                            0x20000228   Data           4  guidage.o(.data)
    distance_arriere                         0x2000022c   Data           4  guidage.o(.data)
    distance_avant                           0x20000230   Data           4  guidage.o(.data)
    angle_a_90                               0x20000234   Data           4  guidage.o(.data)
    angle_arriere                            0x20000238   Data           4  guidage.o(.data)
    angle_avant                              0x2000023c   Data           4  guidage.o(.data)
    Suivi_De_Mur                             0x20000240   Data          28  guidage.o(.data)
    SystemCoreClock                          0x2000025c   Data           4  system_stm32f4xx.o(.data)
    htim1                                    0x20000264   Data          60  tim.o(.bss)
    htim2                                    0x200002a0   Data          60  tim.o(.bss)
    htim3                                    0x200002dc   Data          60  tim.o(.bss)
    htim4                                    0x20000318   Data          60  tim.o(.bss)
    htim5                                    0x20000354   Data          60  tim.o(.bss)
    htim9                                    0x20000390   Data          60  tim.o(.bss)
    htim10                                   0x200003cc   Data          60  tim.o(.bss)
    htim11                                   0x20000408   Data          60  tim.o(.bss)
    htim13                                   0x20000444   Data          60  tim.o(.bss)
    hi2c1                                    0x20000480   Data          60  i2c.o(.bss)
    hi2c2                                    0x200004bc   Data          60  i2c.o(.bss)
    Buf_Adc                                  0x200004f8   Data          20  adc.o(.bss)
    hadc3                                    0x2000050c   Data          68  adc.o(.bss)
    hdma_adc3                                0x20000550   Data          80  adc.o(.bss)
    huart2                                   0x200005a0   Data          64  usart.o(.bss)
    huart6                                   0x200005e0   Data          64  usart.o(.bss)
    hdma_usart2_rx                           0x20000620   Data          80  usart.o(.bss)
    hdma_usart6_rx                           0x20000670   Data          80  usart.o(.bss)
    hdma_usart6_tx                           0x200006c0   Data          80  usart.o(.bss)
    HMC5883L_Communication                   0x20000710   Data          12  hmc5883l.o(.bss)
    BufMessageCompasXY                       0x2000071c   Data        2008  hmc5883l.o(.bss)
    hspi2                                    0x20000ef4   Data          88  spi.o(.bss)
    Wifi_Buf_Rec                             0x20000f4c   Data         440  wificom.o(.bss)
    Wifi_Buf_Emi                             0x20001104   Data         220  wificom.o(.bss)
    Buf_Info                                 0x200011e0   Data          20  rplidar.o(.bss)
    BufMessageScan                           0x200011f4   Data        2008  rplidar.o(.bss)
    Buf_Rec                                  0x200019cc   Data        3020  rplidar.o(.bss)
    __initial_sp                             0x20002998   Data           0  startup_stm32f407xx.o(STACK)



==============================================================================

Memory Map of the image

  Image Entry point : 0x08000189

  Load Region LR_IROM1 (Base: 0x08000000, Size: 0x00007b6c, Max: 0x00100000, ABSOLUTE, COMPRESSED[0x00007970])

    Execution Region ER_IROM1 (Base: 0x08000000, Size: 0x00007908, Max: 0x00100000, ABSOLUTE)

    Base Addr    Size         Type   Attr      Idx    E Section Name        Object

    0x08000000   0x00000188   Data   RO         4744    RESET               startup_stm32f407xx.o
    0x08000188   0x00000000   Code   RO         4769  * .ARM.Collect$$$$00000000  mc_w.l(entry.o)
    0x08000188   0x00000004   Code   RO         4805    .ARM.Collect$$$$00000001  mc_w.l(entry2.o)
    0x0800018c   0x00000004   Code   RO         4808    .ARM.Collect$$$$00000004  mc_w.l(entry5.o)
    0x08000190   0x00000000   Code   RO         4810    .ARM.Collect$$$$00000008  mc_w.l(entry7b.o)
    0x08000190   0x00000000   Code   RO         4812    .ARM.Collect$$$$0000000A  mc_w.l(entry8b.o)
    0x08000190   0x00000008   Code   RO         4813    .ARM.Collect$$$$0000000B  mc_w.l(entry9a.o)
    0x08000198   0x00000000   Code   RO         4815    .ARM.Collect$$$$0000000D  mc_w.l(entry10a.o)
    0x08000198   0x00000000   Code   RO         4817    .ARM.Collect$$$$0000000F  mc_w.l(entry11a.o)
    0x08000198   0x00000004   Code   RO         4806    .ARM.Collect$$$$00002712  mc_w.l(entry2.o)
    0x0800019c   0x00000024   Code   RO         4745    .text               startup_stm32f407xx.o
    0x080001c0   0x00000024   Code   RO         4772    .text               mc_w.l(memcpya.o)
    0x080001e4   0x0000014e   Code   RO         4776    .text               mf_w.l(dadd.o)
    0x08000332   0x000000e4   Code   RO         4778    .text               mf_w.l(dmul.o)
    0x08000416   0x00000026   Code   RO         4780    .text               mf_w.l(f2d.o)
    0x0800043c   0x00000038   Code   RO         4782    .text               mf_w.l(d2f.o)
    0x08000474   0x0000001e   Code   RO         4819    .text               mc_w.l(llshl.o)
    0x08000492   0x00000024   Code   RO         4821    .text               mc_w.l(llsshr.o)
    0x080004b6   0x00000000   Code   RO         4830    .text               mc_w.l(iusefp.o)
    0x080004b6   0x0000006c   Code   RO         4831    .text               mf_w.l(fepilogue.o)
    0x08000522   0x000000be   Code   RO         4833    .text               mf_w.l(depilogue.o)
    0x080005e0   0x000000de   Code   RO         4835    .text               mf_w.l(ddiv.o)
    0x080006be   0x00000060   Code   RO         4839    .text               mf_w.l(dcmp4.o)
    0x0800071e   0x00000002   PAD
    0x08000720   0x00000024   Code   RO         4847    .text               mc_w.l(init.o)
    0x08000744   0x00000020   Code   RO         4849    .text               mc_w.l(llushr.o)
    0x08000764   0x0000005c   Code   RO         4859    .text               mc_w.l(__dczerorl2.o)
    0x080007c0   0x0000001c   Code   RO         4094    i.ADC_DMAConvCplt   stm32f4xx_hal_adc.o
    0x080007dc   0x00000018   Code   RO         4095    i.ADC_DMAError      stm32f4xx_hal_adc.o
    0x080007f4   0x0000000a   Code   RO         4096    i.ADC_DMAHalfConvCplt  stm32f4xx_hal_adc.o
    0x080007fe   0x00000002   PAD
    0x08000800   0x00000130   Code   RO         4097    i.ADC_Init          stm32f4xx_hal_adc.o
    0x08000930   0x000000cc   Code   RO          642    i.ASServissement_VitesseMoteur  moteurs.o
    0x080009fc   0x00000018   Code   RO          767    i.Arme_Tempo_ASS_Vitesse  tempo.o
    0x08000a14   0x00000018   Code   RO          769    i.Arme_Tempo_USCapteur  tempo.o
    0x08000a2c   0x0000001a   Code   RO         1439    i.Calcule_Checksum  wificom.o
    0x08000a46   0x00000002   PAD
    0x08000a48   0x00000058   Code   RO         1528    i.Charge_Data_Scan  rplidar.o
    0x08000aa0   0x0000000c   Code   RO          133    i.DMA1_Stream5_IRQHandler  stm32f4xx_it.o
    0x08000aac   0x0000000c   Code   RO          134    i.DMA2_Stream0_IRQHandler  stm32f4xx_it.o
    0x08000ab8   0x0000000c   Code   RO          135    i.DMA2_Stream1_IRQHandler  stm32f4xx_it.o
    0x08000ac4   0x0000000c   Code   RO          136    i.DMA2_Stream6_IRQHandler  stm32f4xx_it.o
    0x08000ad0   0x00000028   Code   RO         1975    i.DMA_SetConfig     stm32f4xx_hal_dma.o
    0x08000af8   0x0000000c   Code   RO          772    i.Desarme_Tempo_USCapteur  tempo.o
    0x08000b04   0x00000006   Code   RO          137    i.EXTI4_IRQHandler  stm32f4xx_it.o
    0x08000b0a   0x00000002   PAD
    0x08000b0c   0x000000f4   Code   RO         1330    i.Gestion_Sauvegarde  sauve_restaure.o
    0x08000c00   0x00000138   Code   RO         1787    i.Guidage_Suivi_Mur  guidage.o
    0x08000d38   0x00000150   Code   RO         4099    i.HAL_ADC_ConfigChannel  stm32f4xx_hal_adc.o
    0x08000e88   0x0000002c   Code   RO          138    i.HAL_ADC_ConvCpltCallback  stm32f4xx_it.o
    0x08000eb4   0x00000002   Code   RO         4101    i.HAL_ADC_ConvHalfCpltCallback  stm32f4xx_hal_adc.o
    0x08000eb6   0x00000002   Code   RO         4103    i.HAL_ADC_ErrorCallback  stm32f4xx_hal_adc.o
    0x08000eb8   0x00000038   Code   RO         4108    i.HAL_ADC_Init      stm32f4xx_hal_adc.o
    0x08000ef0   0x00000094   Code   RO          961    i.HAL_ADC_MspInit   adc.o
    0x08000f84   0x000000b0   Code   RO         4115    i.HAL_ADC_Start_DMA  stm32f4xx_hal_adc.o
    0x08001034   0x00000050   Code   RO         1976    i.HAL_DMA_Abort     stm32f4xx_hal_dma.o
    0x08001084   0x00000f1c   Code   RO         1980    i.HAL_DMA_IRQHandler  stm32f4xx_hal_dma.o
    0x08001fa0   0x00000070   Code   RO         1981    i.HAL_DMA_Init      stm32f4xx_hal_dma.o
    0x08002010   0x0000006c   Code   RO         1984    i.HAL_DMA_Start_IT  stm32f4xx_hal_dma.o
    0x0800207c   0x0000000a   Code   RO          139    i.HAL_GPIO_EXTI_Callback  stm32f4xx_it.o
    0x08002086   0x00000002   PAD
    0x08002088   0x00000018   Code   RO         2702    i.HAL_GPIO_EXTI_IRQHandler  stm32f4xx_hal_gpio.o
    0x080020a0   0x000001d0   Code   RO         2703    i.HAL_GPIO_Init     stm32f4xx_hal_gpio.o
    0x08002270   0x0000000a   Code   RO         2705    i.HAL_GPIO_ReadPin  stm32f4xx_hal_gpio.o
    0x0800227a   0x0000000a   Code   RO         2707    i.HAL_GPIO_WritePin  stm32f4xx_hal_gpio.o
    0x08002284   0x0000000c   Code   RO         2519    i.HAL_GetTick       stm32f4xx_hal.o
    0x08002290   0x000000e2   Code   RO         3675    i.HAL_I2C_ER_IRQHandler  stm32f4xx_hal_i2c.o
    0x08002372   0x000001a8   Code   RO         3676    i.HAL_I2C_EV_IRQHandler  stm32f4xx_hal_i2c.o
    0x0800251a   0x00000002   Code   RO          140    i.HAL_I2C_ErrorCallback  stm32f4xx_it.o
    0x0800251c   0x000000f8   Code   RO         3680    i.HAL_I2C_Init      stm32f4xx_hal_i2c.o
    0x08002614   0x00000014   Code   RO          141    i.HAL_I2C_MasterRxCpltCallback  stm32f4xx_it.o
    0x08002628   0x00000014   Code   RO          142    i.HAL_I2C_MasterTxCpltCallback  stm32f4xx_it.o
    0x0800263c   0x000000d8   Code   RO         3686    i.HAL_I2C_Master_Receive_IT  stm32f4xx_hal_i2c.o
    0x08002714   0x00000094   Code   RO         3689    i.HAL_I2C_Master_Transmit_IT  stm32f4xx_hal_i2c.o
    0x080027a8   0x00000002   Code   RO         3690    i.HAL_I2C_MemRxCpltCallback  stm32f4xx_hal_i2c.o
    0x080027aa   0x00000002   Code   RO         3691    i.HAL_I2C_MemTxCpltCallback  stm32f4xx_hal_i2c.o
    0x080027ac   0x000000b8   Code   RO          720    i.HAL_I2C_MspInit   i2c.o
    0x08002864   0x00000002   Code   RO         3700    i.HAL_I2C_SlaveRxCpltCallback  stm32f4xx_hal_i2c.o
    0x08002866   0x00000002   Code   RO         3701    i.HAL_I2C_SlaveTxCpltCallback  stm32f4xx_hal_i2c.o
    0x08002868   0x00000010   Code   RO         2520    i.HAL_IncTick       stm32f4xx_hal.o
    0x08002878   0x00000034   Code   RO         2521    i.HAL_Init          stm32f4xx_hal.o
    0x080028ac   0x00000022   Code   RO         2522    i.HAL_InitTick      stm32f4xx_hal.o
    0x080028ce   0x00000016   Code   RO            4    i.HAL_MspInit       stm32f4xx_hal_msp.o
    0x080028e4   0x00000018   Code   RO         1860    i.HAL_NVIC_EnableIRQ  stm32f4xx_hal_cortex.o
    0x080028fc   0x00000040   Code   RO         1866    i.HAL_NVIC_SetPriority  stm32f4xx_hal_cortex.o
    0x0800293c   0x00000024   Code   RO         1867    i.HAL_NVIC_SetPriorityGrouping  stm32f4xx_hal_cortex.o
    0x08002960   0x00000208   Code   RO         3398    i.HAL_RCC_ClockConfig  stm32f4xx_hal_rcc.o
    0x08002b68   0x00000034   Code   RO         3403    i.HAL_RCC_GetHCLKFreq  stm32f4xx_hal_rcc.o
    0x08002b9c   0x0000002c   Code   RO         3405    i.HAL_RCC_GetPCLK1Freq  stm32f4xx_hal_rcc.o
    0x08002bc8   0x0000002c   Code   RO         3406    i.HAL_RCC_GetPCLK2Freq  stm32f4xx_hal_rcc.o
    0x08002bf4   0x00000074   Code   RO         3407    i.HAL_RCC_GetSysClockFreq  stm32f4xx_hal_rcc.o
    0x08002c68   0x0000031c   Code   RO         3410    i.HAL_RCC_OscConfig  stm32f4xx_hal_rcc.o
    0x08002f84   0x00000084   Code   RO         4509    i.HAL_SPI_Init      stm32f4xx_hal_spi.o
    0x08003008   0x00000064   Code   RO         1185    i.HAL_SPI_MspInit   spi.o
    0x0800306c   0x00000018   Code   RO         1869    i.HAL_SYSTICK_CLKSourceConfig  stm32f4xx_hal_cortex.o
    0x08003084   0x00000002   Code   RO         1870    i.HAL_SYSTICK_Callback  stm32f4xx_hal_cortex.o
    0x08003086   0x00000028   Code   RO         1871    i.HAL_SYSTICK_Config  stm32f4xx_hal_cortex.o
    0x080030ae   0x00000008   Code   RO         1872    i.HAL_SYSTICK_IRQHandler  stm32f4xx_hal_cortex.o
    0x080030b6   0x00000002   Code   RO         2267    i.HAL_TIMEx_BreakCallback  stm32f4xx_hal_tim_ex.o
    0x080030b8   0x00000002   Code   RO         2268    i.HAL_TIMEx_CommutationCallback  stm32f4xx_hal_tim_ex.o
    0x080030ba   0x00000050   Code   RO         2284    i.HAL_TIMEx_MasterConfigSynchronization  stm32f4xx_hal_tim_ex.o
    0x0800310a   0x00000036   Code   RO         2768    i.HAL_TIM_Base_Init  stm32f4xx_hal_tim.o
    0x08003140   0x00000174   Code   RO          465    i.HAL_TIM_Base_MspInit  tim.o
    0x080032b4   0x000000ee   Code   RO         2777    i.HAL_TIM_ConfigClockSource  stm32f4xx_hal_tim.o
    0x080033a2   0x00000010   Code   RO         2779    i.HAL_TIM_ConfigTI1Input  stm32f4xx_hal_tim.o
    0x080033b2   0x00000096   Code   RO         2786    i.HAL_TIM_Encoder_Init  stm32f4xx_hal_tim.o
    0x08003448   0x00000002   Code   RO         2788    i.HAL_TIM_Encoder_MspInit  stm32f4xx_hal_tim.o
    0x0800344a   0x00000032   Code   RO         2789    i.HAL_TIM_Encoder_Start  stm32f4xx_hal_tim.o
    0x0800347c   0x00000018   Code   RO          143    i.HAL_TIM_IC_CaptureCallback  stm32f4xx_it.o
    0x08003494   0x0000011a   Code   RO         2798    i.HAL_TIM_IC_ConfigChannel  stm32f4xx_hal_tim.o
    0x080035ae   0x00000036   Code   RO         2801    i.HAL_TIM_IC_Init   stm32f4xx_hal_tim.o
    0x080035e4   0x00000088   Code   RO          467    i.HAL_TIM_IC_MspInit  tim.o
    0x0800366c   0x0000001a   Code   RO         2804    i.HAL_TIM_IC_Start  stm32f4xx_hal_tim.o
    0x08003686   0x0000004c   Code   RO         2806    i.HAL_TIM_IC_Start_IT  stm32f4xx_hal_tim.o
    0x080036d2   0x00000062   Code   RO         2809    i.HAL_TIM_IC_Stop_IT  stm32f4xx_hal_tim.o
    0x08003734   0x00000166   Code   RO         2810    i.HAL_TIM_IRQHandler  stm32f4xx_hal_tim.o
    0x0800389a   0x00000054   Code   RO         2811    i.HAL_TIM_OC_ConfigChannel  stm32f4xx_hal_tim.o
    0x080038ee   0x00000002   PAD
    0x080038f0   0x00000050   Code   RO          144    i.HAL_TIM_OC_DelayElapsedCallback  stm32f4xx_it.o
    0x08003940   0x00000036   Code   RO         2815    i.HAL_TIM_OC_Init   stm32f4xx_hal_tim.o
    0x08003976   0x00000002   Code   RO         2817    i.HAL_TIM_OC_MspInit  stm32f4xx_hal_tim.o
    0x08003978   0x0000006c   Code   RO         2820    i.HAL_TIM_OC_Start_IT  stm32f4xx_hal_tim.o
    0x080039e4   0x0000008c   Code   RO         2823    i.HAL_TIM_OC_Stop_IT  stm32f4xx_hal_tim.o
    0x08003a70   0x000000ce   Code   RO         2834    i.HAL_TIM_PWM_ConfigChannel  stm32f4xx_hal_tim.o
    0x08003b3e   0x00000036   Code   RO         2837    i.HAL_TIM_PWM_Init  stm32f4xx_hal_tim.o
    0x08003b74   0x00000002   Code   RO         2839    i.HAL_TIM_PWM_MspInit  stm32f4xx_hal_tim.o
    0x08003b76   0x00000002   Code   RO         2840    i.HAL_TIM_PWM_PulseFinishedCallback  stm32f4xx_hal_tim.o
    0x08003b78   0x00000038   Code   RO         2841    i.HAL_TIM_PWM_Start  stm32f4xx_hal_tim.o
    0x08003bb0   0x00000002   Code   RO          145    i.HAL_TIM_PeriodElapsedCallback  stm32f4xx_it.o
    0x08003bb2   0x00000042   Code   RO         2849    i.HAL_TIM_SlaveConfigSynchronization  stm32f4xx_hal_tim.o
    0x08003bf4   0x00000002   Code   RO         2851    i.HAL_TIM_TriggerCallback  stm32f4xx_hal_tim.o
    0x08003bf6   0x00000032   Code   RO         4274    i.HAL_UART_DMAStop  stm32f4xx_hal_uart.o
    0x08003c28   0x00000002   Code   RO          146    i.HAL_UART_ErrorCallback  stm32f4xx_it.o
    0x08003c2a   0x00000006   Code   RO         4278    i.HAL_UART_GetState  stm32f4xx_hal_uart.o
    0x08003c30   0x00000108   Code   RO         4279    i.HAL_UART_IRQHandler  stm32f4xx_hal_uart.o
    0x08003d38   0x0000005e   Code   RO         4280    i.HAL_UART_Init     stm32f4xx_hal_uart.o
    0x08003d96   0x00000002   PAD
    0x08003d98   0x00000148   Code   RO         1034    i.HAL_UART_MspInit  usart.o
    0x08003ee0   0x00000084   Code   RO         4284    i.HAL_UART_Receive_DMA  stm32f4xx_hal_uart.o
    0x08003f64   0x00000028   Code   RO          147    i.HAL_UART_RxCpltCallback  stm32f4xx_it.o
    0x08003f8c   0x00000002   Code   RO          148    i.HAL_UART_RxHalfCpltCallback  stm32f4xx_it.o
    0x08003f8e   0x00000002   PAD
    0x08003f90   0x00000094   Code   RO         4289    i.HAL_UART_Transmit_DMA  stm32f4xx_hal_uart.o
    0x08004024   0x00000068   Code   RO         4290    i.HAL_UART_Transmit_IT  stm32f4xx_hal_uart.o
    0x0800408c   0x00000014   Code   RO          149    i.HAL_UART_TxCpltCallback  stm32f4xx_it.o
    0x080040a0   0x00000002   Code   RO         4292    i.HAL_UART_TxHalfCpltCallback  stm32f4xx_hal_uart.o
    0x080040a2   0x00000002   PAD
    0x080040a4   0x00000040   Code   RO         1081    i.HMC5883L_Charge_Data_Wifi  hmc5883l.o
    0x080040e4   0x00000024   Code   RO         1082    i.HMC5883L_Emission_IT  hmc5883l.o
    0x08004108   0x00000020   Code   RO         1083    i.HMC5883L_Envoyer_Config  hmc5883l.o
    0x08004128   0x0000000c   Code   RO         1084    i.HMC5883L_Event_IT  hmc5883l.o
    0x08004134   0x00000314   Code   RO         1085    i.HMC5883L_Gestion  hmc5883l.o
    0x08004448   0x00000028   Code   RO         1086    i.HMC5883L_Reception_IT  hmc5883l.o
    0x08004470   0x0000000c   Code   RO         1087    i.HMC5883L_Request  hmc5883l.o
    0x0800447c   0x0000003c   Code   RO         1088    i.HMC5883L_Start    hmc5883l.o
    0x080044b8   0x0000000c   Code   RO          150    i.I2C1_ER_IRQHandler  stm32f4xx_it.o
    0x080044c4   0x0000000c   Code   RO          151    i.I2C1_EV_IRQHandler  stm32f4xx_it.o
    0x080044d0   0x0000000c   Code   RO          152    i.I2C2_ER_IRQHandler  stm32f4xx_it.o
    0x080044dc   0x0000000c   Code   RO          153    i.I2C2_EV_IRQHandler  stm32f4xx_it.o
    0x080044e8   0x00000080   Code   RO         3715    i.I2C_MasterReceive_BTF  stm32f4xx_hal_i2c.o
    0x08004568   0x00000064   Code   RO         3716    i.I2C_MasterReceive_RXNE  stm32f4xx_hal_i2c.o
    0x080045cc   0x000000ba   Code   RO         3717    i.I2C_MasterRequestRead  stm32f4xx_hal_i2c.o
    0x08004686   0x00000002   PAD
    0x08004688   0x00000074   Code   RO         3718    i.I2C_MasterRequestWrite  stm32f4xx_hal_i2c.o
    0x080046fc   0x0000008a   Code   RO         3721    i.I2C_WaitOnFlagUntilTimeout  stm32f4xx_hal_i2c.o
    0x08004786   0x00000082   Code   RO         3722    i.I2C_WaitOnMasterAddressFlagUntilTimeout  stm32f4xx_hal_i2c.o
    0x08004808   0x00000050   Code   RO         1331    i.Initialise_Sauvegarde  sauve_restaure.o
    0x08004858   0x00000050   Code   RO         1529    i.Lazer_Scan_Request  rplidar.o
    0x080048a8   0x00000088   Code   RO          962    i.MX_ADC3_Init      adc.o
    0x08004930   0x0000006c   Code   RO         1160    i.MX_DMA_Init       dma.o
    0x0800499c   0x00000240   Code   RO          368    i.MX_GPIO_Init      gpio.o
    0x08004bdc   0x00000030   Code   RO          721    i.MX_I2C1_Init      i2c.o
    0x08004c0c   0x0000002c   Code   RO          722    i.MX_I2C2_Init      i2c.o
    0x08004c38   0x00000038   Code   RO         1186    i.MX_SPI2_Init      spi.o
    0x08004c70   0x00000044   Code   RO          468    i.MX_TIM10_Init     tim.o
    0x08004cb4   0x00000044   Code   RO          469    i.MX_TIM11_Init     tim.o
    0x08004cf8   0x00000048   Code   RO          470    i.MX_TIM13_Init     tim.o
    0x08004d40   0x00000094   Code   RO          471    i.MX_TIM1_Init      tim.o
    0x08004dd4   0x00000078   Code   RO          472    i.MX_TIM2_Init      tim.o
    0x08004e4c   0x00000064   Code   RO          473    i.MX_TIM3_Init      tim.o
    0x08004eb0   0x00000068   Code   RO          474    i.MX_TIM4_Init      tim.o
    0x08004f18   0x00000080   Code   RO          475    i.MX_TIM5_Init      tim.o
    0x08004f98   0x00000060   Code   RO          476    i.MX_TIM9_Init      tim.o
    0x08004ff8   0x00000028   Code   RO         1035    i.MX_USART2_UART_Init  usart.o
    0x08005020   0x0000002c   Code   RO         1036    i.MX_USART6_UART_Init  usart.o
    0x0800504c   0x00000040   Code   RO         1376    i.Mesure_Batterie_IT  batterie.o
    0x0800508c   0x00000038   Code   RO         1003    i.Mesure_Temperature_IT  temperature.o
    0x080050c4   0x00000070   Code   RO          643    i.Moteur_Commande   moteurs.o
    0x08005134   0x00000064   Code   RO          644    i.Moteur_Consigne   moteurs.o
    0x08005198   0x00000054   Code   RO          645    i.Moteur_Vitesse    moteurs.o
    0x080051ec   0x00000064   Code   RO          646    i.Moteurs_Start     moteurs.o
    0x08005250   0x00000020   Code   RO         1873    i.NVIC_SetPriority  stm32f4xx_hal_cortex.o
    0x08005270   0x00000014   Code   RO         1403    i.Phares_Commande   phares.o
    0x08005284   0x0000000c   Code   RO         1404    i.Phares_Start      phares.o
    0x08005290   0x00000010   Code   RO          773    i.Relance_Tempo_ASS_Vitesse  tempo.o
    0x080052a0   0x00000010   Code   RO          775    i.Relance_Tempo_USCapteur  tempo.o
    0x080052b0   0x00000084   Code   RO         1332    i.Restaure_Tout     sauve_restaure.o
    0x08005334   0x00000134   Code   RO          647    i.Robot_Commande    moteurs.o
    0x08005468   0x0000001e   Code   RO         1530    i.Rplidar_Calcule_ProchainDepart  rplidar.o
    0x08005486   0x00000002   PAD
    0x08005488   0x0000007c   Code   RO         1531    i.Rplidar_Charge_360_Scan  rplidar.o
    0x08005504   0x000000e0   Code   RO         1532    i.Rplidar_Gestion   rplidar.o
    0x080055e4   0x00000094   Code   RO         1533    i.Rplidar_Get_Distance  rplidar.o
    0x08005678   0x00000064   Code   RO         1534    i.Rplidar_LireData  rplidar.o
    0x080056dc   0x00000020   Code   RO         1535    i.Rplidar_Moteur    rplidar.o
    0x080056fc   0x00000014   Code   RO         1536    i.Rplidar_New_Scan  rplidar.o
    0x08005710   0x000000e4   Code   RO         1537    i.Rplidar_Receive_It  rplidar.o
    0x080057f4   0x00000024   Code   RO         1538    i.Rplidar_Request   rplidar.o
    0x08005818   0x00000020   Code   RO         1539    i.Rplidar_Start     rplidar.o
    0x08005838   0x00000074   Code   RO         1540    i.Rplidar_Transmit_It  rplidar.o
    0x080058ac   0x00000030   Code   RO         1541    i.Rplidar_Verif_Response  rplidar.o
    0x080058dc   0x0000006c   Code   RO         1226    i.SPI_FLASH_BufferRead  spi_flash.o
    0x08005948   0x00000010   Code   RO         1229    i.SPI_FLASH_Init    spi_flash.o
    0x08005958   0x0000007c   Code   RO         1230    i.SPI_FLASH_PageWrite  spi_flash.o
    0x080059d4   0x00000068   Code   RO         1231    i.SPI_FLASH_ReadID  spi_flash.o
    0x08005a3c   0x0000019c   Code   RO         1232    i.SPI_FLASH_Receive  spi_flash.o
    0x08005bd8   0x0000005c   Code   RO         1234    i.SPI_FLASH_SubSectorErase  spi_flash.o
    0x08005c34   0x0000005c   Code   RO         1235    i.SPI_FLASH_TestForWriteEnd  spi_flash.o
    0x08005c90   0x000000e8   Code   RO         1236    i.SPI_FLASH_Transmit  spi_flash.o
    0x08005d78   0x00000058   Code   RO         1237    i.SPI_FLASH_WaitForWriteEnd  spi_flash.o
    0x08005dd0   0x00000040   Code   RO         1238    i.SPI_FLASH_WriteEnable  spi_flash.o
    0x08005e10   0x00000094   Code   RO         1239    i.SPI_WaitOnFlagUntilTimeout  spi_flash.o
    0x08005ea4   0x00000014   Code   RO         1333    i.Sauvegarde_Tout_Request  sauve_restaure.o
    0x08005eb8   0x00000058   Code   RO          648    i.Servo_Position    moteurs.o
    0x08005f10   0x0000001c   Code   RO          649    i.Servos_Start_PWM  moteurs.o
    0x08005f2c   0x0000000e   Code   RO          154    i.SysTick_Handler   stm32f4xx_it.o
    0x08005f3a   0x00000002   PAD
    0x08005f3c   0x00000088   Code   RO          395    i.SystemClock_Config  main.o
    0x08005fc4   0x00000054   Code   RO         1822    i.SystemInit        system_stm32f4xx.o
    0x08006018   0x0000000c   Code   RO          155    i.TIM1_CC_IRQHandler  stm32f4xx_it.o
    0x08006024   0x0000000c   Code   RO          156    i.TIM2_IRQHandler   stm32f4xx_it.o
    0x08006030   0x0000000c   Code   RO          157    i.TIM5_IRQHandler   stm32f4xx_it.o
    0x0800603c   0x000000c0   Code   RO         2852    i.TIM_Base_SetConfig  stm32f4xx_hal_tim.o
    0x080060fc   0x00000016   Code   RO         2853    i.TIM_CCxChannelCmd  stm32f4xx_hal_tim.o
    0x08006112   0x00000014   Code   RO         2859    i.TIM_ETR_SetConfig  stm32f4xx_hal_tim.o
    0x08006126   0x00000010   Code   RO         2860    i.TIM_ITRx_SetConfig  stm32f4xx_hal_tim.o
    0x08006136   0x00000002   PAD
    0x08006138   0x00000058   Code   RO         2861    i.TIM_OC1_SetConfig  stm32f4xx_hal_tim.o
    0x08006190   0x00000064   Code   RO         2862    i.TIM_OC2_SetConfig  stm32f4xx_hal_tim.o
    0x080061f4   0x00000060   Code   RO         2863    i.TIM_OC3_SetConfig  stm32f4xx_hal_tim.o
    0x08006254   0x00000050   Code   RO         2864    i.TIM_OC4_SetConfig  stm32f4xx_hal_tim.o
    0x080062a4   0x0000007c   Code   RO         2865    i.TIM_SlaveTimer_SetConfig  stm32f4xx_hal_tim.o
    0x08006320   0x00000022   Code   RO         2866    i.TIM_TI1_ConfigInputStage  stm32f4xx_hal_tim.o
    0x08006342   0x00000002   PAD
    0x08006344   0x00000084   Code   RO         2867    i.TIM_TI1_SetConfig  stm32f4xx_hal_tim.o
    0x080063c8   0x00000024   Code   RO         2868    i.TIM_TI2_ConfigInputStage  stm32f4xx_hal_tim.o
    0x080063ec   0x00000036   Code   RO         2869    i.TIM_TI2_SetConfig  stm32f4xx_hal_tim.o
    0x08006422   0x00000002   PAD
    0x08006424   0x0000001c   Code   RO          566    i.TestCollisionArriere  us_capteur.o
    0x08006440   0x0000001c   Code   RO          567    i.TestCollisionAvant  us_capteur.o
    0x0800645c   0x0000001e   Code   RO         4293    i.UART_DMAError     stm32f4xx_hal_uart.o
    0x0800647a   0x00000034   Code   RO         4294    i.UART_DMAReceiveCplt  stm32f4xx_hal_uart.o
    0x080064ae   0x0000000a   Code   RO         4295    i.UART_DMARxHalfCplt  stm32f4xx_hal_uart.o
    0x080064b8   0x0000002e   Code   RO         4296    i.UART_DMATransmitCplt  stm32f4xx_hal_uart.o
    0x080064e6   0x0000000a   Code   RO         4297    i.UART_DMATxHalfCplt  stm32f4xx_hal_uart.o
    0x080064f0   0x000000a6   Code   RO         4298    i.UART_Receive_IT   stm32f4xx_hal_uart.o
    0x08006596   0x00000002   PAD
    0x08006598   0x000001ac   Code   RO         4299    i.UART_SetConfig    stm32f4xx_hal_uart.o
    0x08006744   0x00000066   Code   RO         4300    i.UART_Transmit_IT  stm32f4xx_hal_uart.o
    0x080067aa   0x00000002   PAD
    0x080067ac   0x0000000c   Code   RO          158    i.USART2_IRQHandler  stm32f4xx_it.o
    0x080067b8   0x0000000c   Code   RO          159    i.USART6_IRQHandler  stm32f4xx_it.o
    0x080067c4   0x0000007c   Code   RO          568    i.Us_GestionMesure_IT  us_capteur.o
    0x08006840   0x0000009c   Code   RO          569    i.Us_GestionTrigger_IT  us_capteur.o
    0x080068dc   0x00000030   Code   RO          570    i.Us_LireDistance   us_capteur.o
    0x0800690c   0x00000030   Code   RO          571    i.Us_MarcheArretGeneral  us_capteur.o
    0x0800693c   0x00000018   Code   RO          573    i.Us_SelectInterrogation  us_capteur.o
    0x08006954   0x00000020   Code   RO         1441    i.WifiCom_Communication_Start  wificom.o
    0x08006974   0x00000170   Code   RO         1442    i.WifiCom_Gestion   wificom.o
    0x08006ae4   0x000001c0   Code   RO         1443    i.WifiCom_Lire_Data  wificom.o
    0x08006ca4   0x00000024   Code   RO         1444    i.WifiCom_Receive_It  wificom.o
    0x08006cc8   0x00000020   Code   RO         1445    i.WifiCom_Reception  wificom.o
    0x08006ce8   0x0000007c   Code   RO         1446    i.WifiCom_Transmit_NextPacket  wificom.o
    0x08006d64   0x0000016c   Code   RO         1447    i.WifiCom_Transmit_Reglage  wificom.o
    0x08006ed0   0x00000070   Code   RO         1448    i.WifiCom_Transmit_Service  wificom.o
    0x08006f40   0x00000024   Code   RO         1449    i.WifiCom_Transmit_Transport  wificom.o
    0x08006f64   0x00000030   Code   RO         4843    i.__ARM_fpclassify  m_wm.l(fpclassify.o)
    0x08006f94   0x00000004   PAD
    0x08006f98   0x000002e8   Code   RO         4784    i.__hardfp_atan     m_wm.l(atan.o)
    0x08007280   0x000001e0   Code   RO         4749    i.__hardfp_atan2    m_wm.l(atan2.o)
    0x08007460   0x00000074   Code   RO         4761    i.__hardfp_fmax     m_wm.l(fmax.o)
    0x080074d4   0x00000074   Code   RO         4765    i.__hardfp_fmin     m_wm.l(fmin.o)
    0x08007548   0x000000f8   Code   RO         4845    i.__kernel_poly     m_wm.l(poly.o)
    0x08007640   0x00000020   Code   RO         4841    i.__mathlib_dbl_underflow  m_wm.l(dunder.o)
    0x08007660   0x0000000e   Code   RO         4853    i.__scatterload_copy  mc_w.l(handlers.o)
    0x0800766e   0x00000002   Code   RO         4854    i.__scatterload_null  mc_w.l(handlers.o)
    0x08007670   0x0000000e   Code   RO         4855    i.__scatterload_zeroinit  mc_w.l(handlers.o)
    0x0800767e   0x00000010   Code   RO         4786    i.atan              m_wm.l(atan.o)
    0x0800768e   0x00000020   Code   RO         4800    i.fabs              m_wm.l(fabs.o)
    0x080076ae   0x00000002   PAD
    0x080076b0   0x00000168   Code   RO          396    i.main              main.o
    0x08007818   0x00000020   Data   RO          650    .constdata          moteurs.o
    0x08007838   0x00000010   Data   RO         3411    .constdata          stm32f4xx_hal_rcc.o
    0x08007848   0x00000098   Data   RO         4787    .constdata          m_wm.l(atan.o)
    0x080078e0   0x00000008   Data   RO         4804    .constdata          m_wm.l(qnan.o)
    0x080078e8   0x00000020   Data   RO         4851    Region$$Table       anon$$obj.o


    Execution Region RW_IRAM1 (Base: 0x20000000, Size: 0x00002998, Max: 0x00020000, ABSOLUTE, COMPRESSED[0x00000068])

    Base Addr    Size         Type   Attr      Idx    E Section Name        Object

    0x20000000   0x00000002   Data   RW          397    .data               main.o
    0x20000002   0x00000036   Data   RW          574    .data               us_capteur.o
    0x20000038   0x00000040   Data   RW          651    .data               moteurs.o
    0x20000078   0x00000008   Data   RW          652    .data               moteurs.o
    0x20000080   0x00000008   Data   RW          653    .data               moteurs.o
    0x20000088   0x00000008   Data   RW         1004    .data               temperature.o
    0x20000090   0x00000040   Data   RW         1090    .data               hmc5883l.o
    0x200000d0   0x00000003   Data   RW         1334    .data               sauve_restaure.o
    0x200000d3   0x00000001   PAD
    0x200000d4   0x00000008   Data   RW         1377    .data               batterie.o
    0x200000dc   0x00000002   Data   RW         1405    .data               phares.o
    0x200000de   0x00000002   PAD
    0x200000e0   0x00000104   Data   RW         1451    .data               wificom.o
    0x200001e4   0x0000002c   Data   RW         1543    .data               rplidar.o
    0x20000210   0x0000004c   Data   RW         1788    .data               guidage.o
    0x2000025c   0x00000004   Data   RW         1824    .data               system_stm32f4xx.o
    0x20000260   0x00000004   Data   RW         2527    .data               stm32f4xx_hal.o
    0x20000264   0x0000021c   Zero   RW          477    .bss                tim.o
    0x20000480   0x00000078   Zero   RW          723    .bss                i2c.o
    0x200004f8   0x00000014   Zero   RW          963    .bss                adc.o
    0x2000050c   0x00000094   Zero   RW          964    .bss                adc.o
    0x200005a0   0x00000170   Zero   RW         1037    .bss                usart.o
    0x20000710   0x000007e4   Zero   RW         1089    .bss                hmc5883l.o
    0x20000ef4   0x00000058   Zero   RW         1187    .bss                spi.o
    0x20000f4c   0x00000294   Zero   RW         1450    .bss                wificom.o
    0x200011e0   0x000013b8   Zero   RW         1542    .bss                rplidar.o
    0x20002598   0x00000400   Zero   RW         4742    STACK               startup_stm32f407xx.o


==============================================================================

Image component sizes


      Code (inc. data)   RO Data    RW Data    ZI Data      Debug   Object Name

       284         34          0          0        168       1771   adc.o
        64          8          0          8          0        766   batterie.o
         0          0          0          0          0       3240   boutons.o
       108          4          0          0          0        826   dma.o
       576         36          0          0          0       1291   gpio.o
       312         18          0         76          0       2011   guidage.o
      1044        112          0         64       2020      10900   hmc5883l.o
       276         44          0          0        120       2110   i2c.o
       496         52          0          2          0       2643   main.o
      1024        102         32         80          0       9115   moteurs.o
        32         12          0          2          0       1116   phares.o
      1306        122          0         44       5048      15216   rplidar.o
       476         68          0          3          0       4425   sauve_restaure.o
       156         26          0          0         88       1557   spi.o
      1480         70          0          0          0       8213   spi_flash.o
        36          8        392          0       1024        920   startup_stm32f407xx.o
       114         16          0          4          0       3578   stm32f4xx_hal.o
       938         50          0          0          0       6178   stm32f4xx_hal_adc.o
       230         24          0          0          0      31605   stm32f4xx_hal_cortex.o
      4208         56          0          0          0       4819   stm32f4xx_hal_dma.o
       508         56          0          0          0       3558   stm32f4xx_hal_gpio.o
      2068         20          0          0          0      12808   stm32f4xx_hal_i2c.o
        22          0          0          0          0     381570   stm32f4xx_hal_msp.o
      1572         72         16          0          0       6003   stm32f4xx_hal_rcc.o
       132          0          0          0          0       1151   stm32f4xx_hal_spi.o
      3174        144          0          0          0      26348   stm32f4xx_hal_tim.o
        84          0          0          0          0       2386   stm32f4xx_hal_tim_ex.o
      1644         38          0          0          0      11497   stm32f4xx_hal_uart.o
       442        120          0          0          0      19319   stm32f4xx_it.o
        84         18          0          4          0       1353   system_stm32f4xx.o
        56         10          0          8          0        829   temperature.o
        92         24          0          0          0       2368   tempo.o
      1412        140          0          0        540       7881   tim.o
       456         48          0         54          0       7528   us_capteur.o
       412         48          0          0        368       2412   usart.o
      1578        246          0        260        660       8686   wificom.o

    ----------------------------------------------------------------------
     26928       1846        472        612      10036     607997   Object Totals
         0          0         32          0          0          0   (incl. Generated)
        32          0          0          3          0          0   (incl. Padding)

    ----------------------------------------------------------------------

      Code (inc. data)   RO Data    RW Data    ZI Data      Debug   Library Member Name

       760        108        152          0          0        344   atan.o
       480         64          0          0          0        156   atan2.o
        32          8          0          0          0        124   dunder.o
        32          0          0          0          0        124   fabs.o
       116          0          0          0          0        164   fmax.o
       116          0          0          0          0        164   fmin.o
        48          0          0          0          0        124   fpclassify.o
       248          0          0          0          0        152   poly.o
         0          0          8          0          0          0   qnan.o
        92          0          0          0          0          0   __dczerorl2.o
         0          0          0          0          0          0   entry.o
         0          0          0          0          0          0   entry10a.o
         0          0          0          0          0          0   entry11a.o
         8          4          0          0          0          0   entry2.o
         4          0          0          0          0          0   entry5.o
         0          0          0          0          0          0   entry7b.o
         0          0          0          0          0          0   entry8b.o
         8          4          0          0          0          0   entry9a.o
        30          0          0          0          0          0   handlers.o
        36          8          0          0          0         68   init.o
         0          0          0          0          0          0   iusefp.o
        30          0          0          0          0         68   llshl.o
        36          0          0          0          0         68   llsshr.o
        32          0          0          0          0         68   llushr.o
        36          0          0          0          0         68   memcpya.o
        56          0          0          0          0         88   d2f.o
       334          0          0          0          0        148   dadd.o
        96          0          0          0          0         80   dcmp4.o
       222          0          0          0          0        100   ddiv.o
       190          0          0          0          0        176   depilogue.o
       228          0          0          0          0         96   dmul.o
        38          0          0          0          0         68   f2d.o
       108          0          0          0          0        168   fepilogue.o

    ----------------------------------------------------------------------
      3424        196        160          0          0       2616   Library Totals
         8          0          0          0          0          0   (incl. Padding)

    ----------------------------------------------------------------------

      Code (inc. data)   RO Data    RW Data    ZI Data      Debug   Library Name

      1832        180        160          0          0       1352   m_wm.l
       312         16          0          0          0        340   mc_w.l
      1272          0          0          0          0        924   mf_w.l

    ----------------------------------------------------------------------
      3424        196        160          0          0       2616   Library Totals

    ----------------------------------------------------------------------

==============================================================================


      Code (inc. data)   RO Data    RW Data    ZI Data      Debug   

     30352       2042        632        612      10036     586593   Grand Totals
     30352       2042        632        104      10036     586593   ELF Image Totals (compressed)
     30352       2042        632        104          0          0   ROM Totals

==============================================================================

    Total RO  Size (Code + RO Data)                30984 (  30.26kB)
    Total RW  Size (RW Data + ZI Data)             10648 (  10.40kB)
    Total ROM Size (Code + RO Data + RW Data)      31088 (  30.36kB)

==============================================================================

