ARM Linker, 5.03 [Build 76] [MDK-ARM Lite]

==============================================================================

Section Cross References

    stm32f4xx_hal_msp.o(i.HAL_MspInit) refers to stm32f4xx_hal_cortex.o(i.HAL_NVIC_SetPriorityGrouping) for HAL_NVIC_SetPriorityGrouping
    stm32f4xx_hal_msp.o(i.HAL_MspInit) refers to stm32f4xx_hal_cortex.o(i.HAL_NVIC_SetPriority) for HAL_NVIC_SetPriority
    stm32f4xx_it.o(i.DMA1_Stream5_IRQHandler) refers to stm32f4xx_hal_dma.o(i.HAL_DMA_IRQHandler) for HAL_DMA_IRQHandler
    stm32f4xx_it.o(i.DMA1_Stream5_IRQHandler) refers to usart.o(.bss) for hdma_usart2_rx
    stm32f4xx_it.o(i.DMA2_Stream0_IRQHandler) refers to stm32f4xx_hal_dma.o(i.HAL_DMA_IRQHandler) for HAL_DMA_IRQHandler
    stm32f4xx_it.o(i.DMA2_Stream0_IRQHandler) refers to adc.o(.bss) for hdma_adc3
    stm32f4xx_it.o(i.DMA2_Stream1_IRQHandler) refers to stm32f4xx_hal_dma.o(i.HAL_DMA_IRQHandler) for HAL_DMA_IRQHandler
    stm32f4xx_it.o(i.DMA2_Stream1_IRQHandler) refers to usart.o(.bss) for hdma_usart6_rx
    stm32f4xx_it.o(i.DMA2_Stream6_IRQHandler) refers to stm32f4xx_hal_dma.o(i.HAL_DMA_IRQHandler) for HAL_DMA_IRQHandler
    stm32f4xx_it.o(i.DMA2_Stream6_IRQHandler) refers to usart.o(.bss) for hdma_usart6_tx
    stm32f4xx_it.o(i.EXTI4_IRQHandler) refers to stm32f4xx_hal_gpio.o(i.HAL_GPIO_EXTI_IRQHandler) for HAL_GPIO_EXTI_IRQHandler
    stm32f4xx_it.o(i.HAL_ADC_ConvCpltCallback) refers to temperature.o(i.Mesure_Temperature_IT) for Mesure_Temperature_IT
    stm32f4xx_it.o(i.HAL_ADC_ConvCpltCallback) refers to batterie.o(i.Mesure_Batterie_IT) for Mesure_Batterie_IT
    stm32f4xx_it.o(i.HAL_ADC_ConvCpltCallback) refers to phares.o(i.Phares_Commande) for Phares_Commande
    stm32f4xx_it.o(i.HAL_ADC_ConvCpltCallback) refers to adc.o(.bss) for Buf_Adc
    stm32f4xx_it.o(i.HAL_TIM_IC_CaptureCallback) refers to us_capteur.o(i.Us_GestionMesure_IT) for Us_GestionMesure_IT
    stm32f4xx_it.o(i.HAL_TIM_OC_DelayElapsedCallback) refers to tempo.o(i.Relance_Tempo_ASS_Vitesse) for Relance_Tempo_ASS_Vitesse
    stm32f4xx_it.o(i.HAL_TIM_OC_DelayElapsedCallback) refers to moteurs.o(i.ASServissement_VitesseMoteur) for ASServissement_VitesseMoteur
    stm32f4xx_it.o(i.HAL_TIM_OC_DelayElapsedCallback) refers to us_capteur.o(i.Us_GestionTrigger_IT) for Us_GestionTrigger_IT
    stm32f4xx_it.o(i.HAL_UART_RxCpltCallback) refers to wificom.o(i.WifiCom_Receive_It) for WifiCom_Receive_It
    stm32f4xx_it.o(i.HAL_UART_RxCpltCallback) refers to rplidar.o(i.Rplidar_Receive_It) for Rplidar_Receive_It
    stm32f4xx_it.o(i.HAL_UART_TxCpltCallback) refers to rplidar.o(i.Rplidar_Transmit_It) for Rplidar_Transmit_It
    stm32f4xx_it.o(i.I2C1_ER_IRQHandler) refers to stm32f4xx_hal_i2c.o(i.HAL_I2C_ER_IRQHandler) for HAL_I2C_ER_IRQHandler
    stm32f4xx_it.o(i.I2C1_ER_IRQHandler) refers to i2c.o(.bss) for hi2c1
    stm32f4xx_it.o(i.I2C1_EV_IRQHandler) refers to stm32f4xx_hal_i2c.o(i.HAL_I2C_EV_IRQHandler) for HAL_I2C_EV_IRQHandler
    stm32f4xx_it.o(i.I2C1_EV_IRQHandler) refers to i2c.o(.bss) for hi2c1
    stm32f4xx_it.o(i.I2C2_ER_IRQHandler) refers to stm32f4xx_hal_i2c.o(i.HAL_I2C_ER_IRQHandler) for HAL_I2C_ER_IRQHandler
    stm32f4xx_it.o(i.I2C2_ER_IRQHandler) refers to i2c.o(.bss) for hi2c2
    stm32f4xx_it.o(i.I2C2_EV_IRQHandler) refers to stm32f4xx_hal_i2c.o(i.HAL_I2C_EV_IRQHandler) for HAL_I2C_EV_IRQHandler
    stm32f4xx_it.o(i.I2C2_EV_IRQHandler) refers to i2c.o(.bss) for hi2c2
    stm32f4xx_it.o(i.SysTick_Handler) refers to stm32f4xx_hal.o(i.HAL_IncTick) for HAL_IncTick
    stm32f4xx_it.o(i.SysTick_Handler) refers to stm32f4xx_hal_cortex.o(i.HAL_SYSTICK_IRQHandler) for HAL_SYSTICK_IRQHandler
    stm32f4xx_it.o(i.TIM1_CC_IRQHandler) refers to stm32f4xx_hal_tim.o(i.HAL_TIM_IRQHandler) for HAL_TIM_IRQHandler
    stm32f4xx_it.o(i.TIM1_CC_IRQHandler) refers to tim.o(.bss) for htim1
    stm32f4xx_it.o(i.TIM2_IRQHandler) refers to stm32f4xx_hal_tim.o(i.HAL_TIM_IRQHandler) for HAL_TIM_IRQHandler
    stm32f4xx_it.o(i.TIM2_IRQHandler) refers to tim.o(.bss) for htim2
    stm32f4xx_it.o(i.TIM5_IRQHandler) refers to stm32f4xx_hal_tim.o(i.HAL_TIM_IRQHandler) for HAL_TIM_IRQHandler
    stm32f4xx_it.o(i.TIM5_IRQHandler) refers to tim.o(.bss) for htim5
    stm32f4xx_it.o(i.USART2_IRQHandler) refers to stm32f4xx_hal_uart.o(i.HAL_UART_IRQHandler) for HAL_UART_IRQHandler
    stm32f4xx_it.o(i.USART2_IRQHandler) refers to usart.o(.bss) for huart2
    stm32f4xx_it.o(i.USART6_IRQHandler) refers to stm32f4xx_hal_uart.o(i.HAL_UART_IRQHandler) for HAL_UART_IRQHandler
    stm32f4xx_it.o(i.USART6_IRQHandler) refers to usart.o(.bss) for huart6
    gpio.o(i.MX_GPIO_Init) refers to stm32f4xx_hal_gpio.o(i.HAL_GPIO_Init) for HAL_GPIO_Init
    gpio.o(i.MX_GPIO_Init) refers to stm32f4xx_hal_cortex.o(i.HAL_NVIC_SetPriority) for HAL_NVIC_SetPriority
    gpio.o(i.MX_GPIO_Init) refers to stm32f4xx_hal_cortex.o(i.HAL_NVIC_EnableIRQ) for HAL_NVIC_EnableIRQ
    main.o(i.SystemClock_Config) refers to stm32f4xx_hal_rcc.o(i.HAL_RCC_OscConfig) for HAL_RCC_OscConfig
[...]
    i.SPI_FLASH_BufferRead                   0x08005344   Section        0  spi_flash.o(i.SPI_FLASH_BufferRead)
    i.SPI_FLASH_Init                         0x080053b0   Section        0  spi_flash.o(i.SPI_FLASH_Init)
    i.SPI_FLASH_PageWrite                    0x080053c0   Section        0  spi_flash.o(i.SPI_FLASH_PageWrite)
    i.SPI_FLASH_ReadID                       0x0800543c   Section        0  spi_flash.o(i.SPI_FLASH_ReadID)
    i.SPI_FLASH_Receive                      0x080054a4   Section        0  spi_flash.o(i.SPI_FLASH_Receive)
    i.SPI_FLASH_SubSectorErase               0x08005640   Section        0  spi_flash.o(i.SPI_FLASH_SubSectorErase)
    i.SPI_FLASH_TestForWriteEnd              0x0800569c   Section        0  spi_flash.o(i.SPI_FLASH_TestForWriteEnd)
    i.SPI_FLASH_Transmit                     0x080056f8   Section        0  spi_flash.o(i.SPI_FLASH_Transmit)
    i.SPI_FLASH_WaitForWriteEnd              0x080057e0   Section        0  spi_flash.o(i.SPI_FLASH_WaitForWriteEnd)
    i.SPI_FLASH_WriteEnable                  0x08005838   Section        0  spi_flash.o(i.SPI_FLASH_WriteEnable)
    i.SPI_WaitOnFlagUntilTimeout             0x08005878   Section        0  spi_flash.o(i.SPI_WaitOnFlagUntilTimeout)
    SPI_WaitOnFlagUntilTimeout               0x08005879   Thumb Code   148  spi_flash.o(i.SPI_WaitOnFlagUntilTimeout)
    i.Sauvegarde_Tout_Request                0x0800590c   Section        0  sauve_restaure.o(i.Sauvegarde_Tout_Request)
    i.Servo_Position                         0x08005920   Section        0  moteurs.o(i.Servo_Position)
    i.Servos_Start_PWM                       0x08005978   Section        0  moteurs.o(i.Servos_Start_PWM)
    i.SysTick_Handler                        0x08005994   Section        0  stm32f4xx_it.o(i.SysTick_Handler)
    i.SystemClock_Config                     0x080059a4   Section        0  main.o(i.SystemClock_Config)
    i.SystemInit                             0x08005a2c   Section        0  system_stm32f4xx.o(i.SystemInit)
    i.TIM1_CC_IRQHandler                     0x08005a80   Section        0  stm32f4xx_it.o(i.TIM1_CC_IRQHandler)
    i.TIM2_IRQHandler                        0x08005a8c   Section        0  stm32f4xx_it.o(i.TIM2_IRQHandler)
    i.TIM5_IRQHandler                        0x08005a98   Section        0  stm32f4xx_it.o(i.TIM5_IRQHandler)
    i.TIM_Base_SetConfig                     0x08005aa4   Section        0  stm32f4xx_hal_tim.o(i.TIM_Base_SetConfig)
    i.TIM_CCxChannelCmd                      0x08005b64   Section        0  stm32f4xx_hal_tim.o(i.TIM_CCxChannelCmd)
    i.TIM_ETR_SetConfig                      0x08005b7a   Section        0  stm32f4xx_hal_tim.o(i.TIM_ETR_SetConfig)
    TIM_ETR_SetConfig                        0x08005b7b   Thumb Code    20  stm32f4xx_hal_tim.o(i.TIM_ETR_SetConfig)
    i.TIM_ITRx_SetConfig                     0x08005b8e   Section        0  stm32f4xx_hal_tim.o(i.TIM_ITRx_SetConfig)
    TIM_ITRx_SetConfig                       0x08005b8f   Thumb Code    16  stm32f4xx_hal_tim.o(i.TIM_ITRx_SetConfig)
    i.TIM_OC1_SetConfig                      0x08005ba0   Section        0  stm32f4xx_hal_tim.o(i.TIM_OC1_SetConfig)
    TIM_OC1_SetConfig                        0x08005ba1   Thumb Code    80  stm32f4xx_hal_tim.o(i.TIM_OC1_SetConfig)
    i.TIM_OC2_SetConfig                      0x08005bf8   Section        0  stm32f4xx_hal_tim.o(i.TIM_OC2_SetConfig)
    i.TIM_OC3_SetConfig                      0x08005c5c   Section        0  stm32f4xx_hal_tim.o(i.TIM_OC3_SetConfig)
    TIM_OC3_SetConfig                        0x08005c5d   Thumb Code    88  stm32f4xx_hal_tim.o(i.TIM_OC3_SetConfig)
    i.TIM_OC4_SetConfig                      0x08005cbc   Section        0  stm32f4xx_hal_tim.o(i.TIM_OC4_SetConfig)
    TIM_OC4_SetConfig                        0x08005cbd   Thumb Code    70  stm32f4xx_hal_tim.o(i.TIM_OC4_SetConfig)
    i.TIM_SlaveTimer_SetConfig               0x08005d0c   Section        0  stm32f4xx_hal_tim.o(i.TIM_SlaveTimer_SetConfig)
    TIM_SlaveTimer_SetConfig                 0x08005d0d   Thumb Code   124  stm32f4xx_hal_tim.o(i.TIM_SlaveTimer_SetConfig)
    i.TIM_TI1_ConfigInputStage               0x08005d88   Section        0  stm32f4xx_hal_tim.o(i.TIM_TI1_ConfigInputStage)
    TIM_TI1_ConfigInputStage                 0x08005d89   Thumb Code    34  stm32f4xx_hal_tim.o(i.TIM_TI1_ConfigInputStage)
    i.TIM_TI1_SetConfig                      0x08005dac   Section        0  stm32f4xx_hal_tim.o(i.TIM_TI1_SetConfig)
    i.TIM_TI2_ConfigInputStage               0x08005e30   Section        0  stm32f4xx_hal_tim.o(i.TIM_TI2_ConfigInputStage)
    TIM_TI2_ConfigInputStage                 0x08005e31   Thumb Code    36  stm32f4xx_hal_tim.o(i.TIM_TI2_ConfigInputStage)
    i.TIM_TI2_SetConfig                      0x08005e54   Section        0  stm32f4xx_hal_tim.o(i.TIM_TI2_SetConfig)
    TIM_TI2_SetConfig                        0x08005e55   Thumb Code    54  stm32f4xx_hal_tim.o(i.TIM_TI2_SetConfig)
    i.TestCollisionArriere                   0x08005e8c   Section        0  us_capteur.o(i.TestCollisionArriere)
    i.TestCollisionAvant                     0x08005ea8   Section        0  us_capteur.o(i.TestCollisionAvant)
    i.UART_DMAError                          0x08005ec4   Section        0  stm32f4xx_hal_uart.o(i.UART_DMAError)
    UART_DMAError                            0x08005ec5   Thumb Code    30  stm32f4xx_hal_uart.o(i.UART_DMAError)
    i.UART_DMAReceiveCplt                    0x08005ee2   Section        0  stm32f4xx_hal_uart.o(i.UART_DMAReceiveCplt)
    UART_DMAReceiveCplt                      0x08005ee3   Thumb Code    52  stm32f4xx_hal_uart.o(i.UART_DMAReceiveCplt)
    i.UART_DMARxHalfCplt                     0x08005f16   Section        0  stm32f4xx_hal_uart.o(i.UART_DMARxHalfCplt)
    UART_DMARxHalfCplt                       0x08005f17   Thumb Code    10  stm32f4xx_hal_uart.o(i.UART_DMARxHalfCplt)
    i.UART_DMATransmitCplt                   0x08005f20   Section        0  stm32f4xx_hal_uart.o(i.UART_DMATransmitCplt)
    UART_DMATransmitCplt                     0x08005f21   Thumb Code    46  stm32f4xx_hal_uart.o(i.UART_DMATransmitCplt)
    i.UART_DMATxHalfCplt                     0x08005f4e   Section        0  stm32f4xx_hal_uart.o(i.UART_DMATxHalfCplt)
    UART_DMATxHalfCplt                       0x08005f4f   Thumb Code    10  stm32f4xx_hal_uart.o(i.UART_DMATxHalfCplt)
    i.UART_Receive_IT                        0x08005f58   Section        0  stm32f4xx_hal_uart.o(i.UART_Receive_IT)
    UART_Receive_IT                          0x08005f59   Thumb Code   166  stm32f4xx_hal_uart.o(i.UART_Receive_IT)
    i.UART_SetConfig                         0x08006000   Section        0  stm32f4xx_hal_uart.o(i.UART_SetConfig)
    UART_SetConfig                           0x08006001   Thumb Code   418  stm32f4xx_hal_uart.o(i.UART_SetConfig)
    i.UART_Transmit_IT                       0x080061ac   Section        0  stm32f4xx_hal_uart.o(i.UART_Transmit_IT)
    UART_Transmit_IT                         0x080061ad   Thumb Code   102  stm32f4xx_hal_uart.o(i.UART_Transmit_IT)
    i.USART2_IRQHandler                      0x08006214   Section        0  stm32f4xx_it.o(i.USART2_IRQHandler)
    i.USART6_IRQHandler                      0x08006220   Section        0  stm32f4xx_it.o(i.USART6_IRQHandler)
    i.Us_GestionMesure_IT                    0x0800622c   Section        0  us_capteur.o(i.Us_GestionMesure_IT)
    i.Us_GestionTrigger_IT                   0x080062a8   Section        0  us_capteur.o(i.Us_GestionTrigger_IT)
    i.Us_LireDistance                        0x08006344   Section        0  us_capteur.o(i.Us_LireDistance)
    i.Us_MarcheArretGeneral                  0x08006374   Section        0  us_capteur.o(i.Us_MarcheArretGeneral)
    i.Us_SelectInterrogation                 0x080063a4   Section        0  us_capteur.o(i.Us_SelectInterrogation)
    i.WifiCom_Communication_Start            0x080063bc   Section        0  wificom.o(i.WifiCom_Communication_Start)
    i.WifiCom_Gestion                        0x080063dc   Section        0  wificom.o(i.WifiCom_Gestion)
    i.WifiCom_Lire_Data                      0x0800654c   Section        0  wificom.o(i.WifiCom_Lire_Data)
    WifiCom_Lire_Data                        0x0800654d   Thumb Code   378  wificom.o(i.WifiCom_Lire_Data)
    i.WifiCom_Receive_It                     0x08006700   Section        0  wificom.o(i.WifiCom_Receive_It)
    i.WifiCom_Reception                      0x08006724   Section        0  wificom.o(i.WifiCom_Reception)
    WifiCom_Reception                        0x08006725   Thumb Code    22  wificom.o(i.WifiCom_Reception)
    i.WifiCom_Transmit_NextPacket            0x08006744   Section        0  wificom.o(i.WifiCom_Transmit_NextPacket)
    i.WifiCom_Transmit_Reglage               0x080067c0   Section        0  wificom.o(i.WifiCom_Transmit_Reglage)
    i.WifiCom_Transmit_Service               0x0800692c   Section        0  wificom.o(i.WifiCom_Transmit_Service)
    i.WifiCom_Transmit_Transport             0x0800699c   Section        0  wificom.o(i.WifiCom_Transmit_Transport)
    i.__ARM_fpclassify                       0x080069c0   Section        0  fpclassify.o(i.__ARM_fpclassify)
    i.__hardfp_cos                           0x080069f0   Section        0  cos.o(i.__hardfp_cos)
    i.__ieee754_rem_pio2                     0x08006ac8   Section        0  rred.o(i.__ieee754_rem_pio2)
    i.__kernel_cos                           0x08006f20   Section        0  cos_i.o(i.__kernel_cos)
    i.__kernel_poly                          0x08007090   Section        0  poly.o(i.__kernel_poly)
    i.__kernel_sin                           0x08007188   Section        0  sin_i.o(i.__kernel_sin)
    i.__mathlib_dbl_underflow                0x080072b8   Section        0  dunder.o(i.__mathlib_dbl_underflow)
    i.__scatterload_copy                     0x080072d8   Section       14  handlers.o(i.__scatterload_copy)
    i.__scatterload_null                     0x080072e6   Section        2  handlers.o(i.__scatterload_null)
    i.__scatterload_zeroinit                 0x080072e8   Section       14  handlers.o(i.__scatterload_zeroinit)
    i.__set_errno                            0x080072f8   Section        0  errno.o(i.__set_errno)
    i.fabs                                   0x08007304   Section        0  fabs.o(i.fabs)
    i.main                                   0x08007324   Section        0  main.o(i.main)
    .constdata                               0x08007470   Section       32  moteurs.o(.constdata)
    .constdata                               0x08007490   Section       16  stm32f4xx_hal_rcc.o(.constdata)
    .constdata                               0x080074a0   Section       48  cos_i.o(.constdata)
    C                                        0x080074a0   Data          48  cos_i.o(.constdata)
    .constdata                               0x080074d0   Section      200  rred.o(.constdata)
    pio2s                                    0x080074d0   Data          48  rred.o(.constdata)
    twooverpi                                0x08007500   Data         152  rred.o(.constdata)
    .constdata                               0x08007598   Section       40  sin_i.o(.constdata)
    S                                        0x08007598   Data          40  sin_i.o(.constdata)
    .data                                    0x20000000   Section        2  main.o(.data)
    .data                                    0x20000002   Section       54  us_capteur.o(.data)
    .data                                    0x20000038   Section       64  moteurs.o(.data)
    .data                                    0x20000078   Section        8  moteurs.o(.data)
    .data                                    0x20000080   Section        8  moteurs.o(.data)
    .data                                    0x20000088   Section        8  temperature.o(.data)
    NbCumul                                  0x2000008a   Data           2  temperature.o(.data)
    Temperature_Exterieure_Cumul             0x2000008c   Data           4  temperature.o(.data)
    .data                                    0x20000090   Section       60  hmc5883l.o(.data)
    delay                                    0x20000098   Data           4  hmc5883l.o(.data)
    x_max                                    0x2000009c   Data           4  hmc5883l.o(.data)
    x_min                                    0x200000a0   Data           4  hmc5883l.o(.data)
    y_max                                    0x200000a4   Data           4  hmc5883l.o(.data)
    y_min                                    0x200000a8   Data           4  hmc5883l.o(.data)
    .data                                    0x200000cc   Section        3  sauve_restaure.o(.data)
    Etat_Suivant                             0x200000ce   Data           1  sauve_restaure.o(.data)
    .data                                    0x200000d0   Section        8  batterie.o(.data)
    NbCumul                                  0x200000d0   Data           2  batterie.o(.data)
    Tension_Batterie_Cumul                   0x200000d4   Data           4  batterie.o(.data)
    .data                                    0x200000d8   Section        2  phares.o(.data)
    .data                                    0x200000dc   Section      260  wificom.o(.data)
    Demande_Initialisation                   0x200000dc   Data           1  wificom.o(.data)
    time_out_wifi                            0x200000e8   Data           4  wificom.o(.data)
    time_out_transport                       0x200000ec   Data           4  wificom.o(.data)
    Date_Envoi                               0x200000f0   Data           4  wificom.o(.data)
    .data                                    0x200001e0   Section       35  rplidar.o(.data)
    nb_defaut                                0x200001e2   Data           1  rplidar.o(.data)
    Etat_Automate_Rplidar_Suivant            0x200001e3   Data           1  rplidar.o(.data)
    .data                                    0x20000204   Section      108  guidage.o(.data)
    date_precedente                          0x20000208   Data           4  guidage.o(.data)
    erreur_somme                             0x2000020c   Data           4  guidage.o(.data)
    erreur_precedente                        0x20000210   Data           4  guidage.o(.data)
    delta_erreur                             0x20000214   Data           4  guidage.o(.data)
    distance_reprise                         0x2000021c   Data           4  guidage.o(.data)
    consigne                                 0x20000220   Data           4  guidage.o(.data)
    .data                                    0x20000270   Section        4  system_stm32f4xx.o(.data)
    .data                                    0x20000274   Section        4  stm32f4xx_hal.o(.data)
    uwTick                                   0x20000274   Data           4  stm32f4xx_hal.o(.data)
    .data                                    0x20000278   Section        4  errno.o(.data)
    _errno                                   0x20000278   Data           4  errno.o(.data)
    .bss                                     0x2000027c   Section      540  tim.o(.bss)
    .bss                                     0x20000498   Section      120  i2c.o(.bss)
    .bss                                     0x20000510   Section       20  adc.o(.bss)
    .bss                                     0x20000524   Section      148  adc.o(.bss)
    .bss                                     0x200005b8   Section      368  usart.o(.bss)
    .bss                                     0x20000728   Section       88  spi.o(.bss)
    .bss                                     0x20000780   Section      660  wificom.o(.bss)
    .bss                                     0x20000a14   Section     5064  rplidar.o(.bss)
    STACK                                    0x20001de0   Section     1024  startup_stm32f407xx.o(STACK)

    Global Symbols

    Symbol Name                              Value     Ov Type        Size  Object(Section)

    BuildAttributes$$THM_ISAv4$E$P$D$K$B$S$7EM$VFPi3$EXTD16$VFPS$VFMA$PE$A:L22UL41UL21$X:L11$S22US41US21$IEEE1$IW$USESV6$~STKCKD$USESV7$~SHL$OTIME$ROPI$IEEEX$EBA8$MICROLIB$REQ8$PRES8$EABIv2 0x00000000   Number         0  anon$$obj.o ABSOLUTE
    __ARM_use_no_argv                        0x00000000   Number         0  main.o ABSOLUTE
    __cpp_initialize__aeabi_                  - Undefined Weak Reference
    __cxa_finalize                            - Undefined Weak Reference
    _clock_init                               - Undefined Weak Reference
    _microlib_exit                            - Undefined Weak Reference
    __Vectors_Size                           0x00000188   Number         0  startup_stm32f407xx.o ABSOLUTE
    __Vectors                                0x08000000   Data           4  startup_stm32f407xx.o(RESET)
    __Vectors_End                            0x08000188   Data           0  startup_stm32f407xx.o(RESET)
    __main                                   0x08000189   Thumb Code     0  entry.o(.ARM.Collect$$$$00000000)
    _main_stk                                0x08000189   Thumb Code     0  entry2.o(.ARM.Collect$$$$00000001)
    _main_scatterload                        0x0800018d   Thumb Code     0  entry5.o(.ARM.Collect$$$$00000004)
    __main_after_scatterload                 0x08000191   Thumb Code     0  entry5.o(.ARM.Collect$$$$00000004)
    _main_clock                              0x08000191   Thumb Code     0  entry7b.o(.ARM.Collect$$$$00000008)
    _main_cpp_init                           0x08000191   Thumb Code     0  entry8b.o(.ARM.Collect$$$$0000000A)
    _main_init                               0x08000191   Thumb Code     0  entry9a.o(.ARM.Collect$$$$0000000B)
    __rt_final_cpp                           0x08000199   Thumb Code     0  entry10a.o(.ARM.Collect$$$$0000000D)
    __rt_final_exit                          0x08000199   Thumb Code     0  entry11a.o(.ARM.Collect$$$$0000000F)
    Reset_Handler                            0x0800019d   Thumb Code     8  startup_stm32f407xx.o(.text)
    NMI_Handler                              0x080001a5   Thumb Code     2  startup_stm32f407xx.o(.text)
    HardFault_Handler                        0x080001a7   Thumb Code     2  startup_stm32f407xx.o(.text)
    MemManage_Handler                        0x080001a9   Thumb Code     2  startup_stm32f407xx.o(.text)
    BusFault_Handler                         0x080001ab   Thumb Code     2  startup_stm32f407xx.o(.text)
    UsageFault_Handler                       0x080001ad   Thumb Code     2  startup_stm32f407xx.o(.text)
    SVC_Handler                              0x080001af   Thumb Code     2  startup_stm32f407xx.o(.text)
    DebugMon_Handler                         0x080001b1   Thumb Code     2  startup_stm32f407xx.o(.text)
    PendSV_Handler                           0x080001b3   Thumb Code     2  startup_stm32f407xx.o(.text)
    ADC_IRQHandler                           0x080001b7   Thumb Code     0  startup_stm32f407xx.o(.text)
    CAN1_RX0_IRQHandler                      0x080001b7   Thumb Code     0  startup_stm32f407xx.o(.text)
    CAN1_RX1_IRQHandler                      0x080001b7   Thumb Code     0  startup_stm32f407xx.o(.text)
    CAN1_SCE_IRQHandler                      0x080001b7   Thumb Code     0  startup_stm32f407xx.o(.text)
    CAN1_TX_IRQHandler                       0x080001b7   Thumb Code     0  startup_stm32f407xx.o(.text)
    CAN2_RX0_IRQHandler                      0x080001b7   Thumb Code     0  startup_stm32f407xx.o(.text)
    CAN2_RX1_IRQHandler                      0x080001b7   Thumb Code     0  startup_stm32f407xx.o(.text)
    CAN2_SCE_IRQHandler                      0x080001b7   Thumb Code     0  startup_stm32f407xx.o(.text)
    CAN2_TX_IRQHandler                       0x080001b7   Thumb Code     0  startup_stm32f407xx.o(.text)
    DCMI_IRQHandler                          0x080001b7   Thumb Code     0  startup_stm32f407xx.o(.text)
    DMA1_Stream0_IRQHandler                  0x080001b7   Thumb Code     0  startup_stm32f407xx.o(.text)
    DMA1_Stream1_IRQHandler                  0x080001b7   Thumb Code     0  startup_stm32f407xx.o(.text)
    DMA1_Stream2_IRQHandler                  0x080001b7   Thumb Code     0  startup_stm32f407xx.o(.text)
    DMA1_Stream3_IRQHandler                  0x080001b7   Thumb Code     0  startup_stm32f407xx.o(.text)
    DMA1_Stream4_IRQHandler                  0x080001b7   Thumb Code     0  startup_stm32f407xx.o(.text)
    DMA1_Stream6_IRQHandler                  0x080001b7   Thumb Code     0  startup_stm32f407xx.o(.text)
    DMA1_Stream7_IRQHandler                  0x080001b7   Thumb Code     0  startup_stm32f407xx.o(.text)
    DMA2_Stream2_IRQHandler                  0x080001b7   Thumb Code     0  startup_stm32f407xx.o(.text)
    DMA2_Stream3_IRQHandler                  0x080001b7   Thumb Code     0  startup_stm32f407xx.o(.text)
    DMA2_Stream4_IRQHandler                  0x080001b7   Thumb Code     0  startup_stm32f407xx.o(.text)
    DMA2_Stream5_IRQHandler                  0x080001b7   Thumb Code     0  startup_stm32f407xx.o(.text)
    DMA2_Stream7_IRQHandler                  0x080001b7   Thumb Code     0  startup_stm32f407xx.o(.text)
    ETH_IRQHandler                           0x080001b7   Thumb Code     0  startup_stm32f407xx.o(.text)
    ETH_WKUP_IRQHandler                      0x080001b7   Thumb Code     0  startup_stm32f407xx.o(.text)
    EXTI0_IRQHandler                         0x080001b7   Thumb Code     0  startup_stm32f407xx.o(.text)
    EXTI15_10_IRQHandler                     0x080001b7   Thumb Code     0  startup_stm32f407xx.o(.text)
    EXTI1_IRQHandler                         0x080001b7   Thumb Code     0  startup_stm32f407xx.o(.text)
    EXTI2_IRQHandler                         0x080001b7   Thumb Code     0  startup_stm32f407xx.o(.text)
    EXTI3_IRQHandler                         0x080001b7   Thumb Code     0  startup_stm32f407xx.o(.text)
    EXTI9_5_IRQHandler                       0x080001b7   Thumb Code     0  startup_stm32f407xx.o(.text)
    FLASH_IRQHandler                         0x080001b7   Thumb Code     0  startup_stm32f407xx.o(.text)
    FMC_IRQHandler                           0x080001b7   Thumb Code     0  startup_stm32f407xx.o(.text)
    FPU_IRQHandler                           0x080001b7   Thumb Code     0  startup_stm32f407xx.o(.text)
    HASH_RNG_IRQHandler                      0x080001b7   Thumb Code     0  startup_stm32f407xx.o(.text)
    I2C3_ER_IRQHandler                       0x080001b7   Thumb Code     0  startup_stm32f407xx.o(.text)
    I2C3_EV_IRQHandler                       0x080001b7   Thumb Code     0  startup_stm32f407xx.o(.text)
    OTG_FS_IRQHandler                        0x080001b7   Thumb Code     0  startup_stm32f407xx.o(.text)
    OTG_FS_WKUP_IRQHandler                   0x080001b7   Thumb Code     0  startup_stm32f407xx.o(.text)
    OTG_HS_EP1_IN_IRQHandler                 0x080001b7   Thumb Code     0  startup_stm32f407xx.o(.text)
    OTG_HS_EP1_OUT_IRQHandler                0x080001b7   Thumb Code     0  startup_stm32f407xx.o(.text)
    OTG_HS_IRQHandler                        0x080001b7   Thumb Code     0  startup_stm32f407xx.o(.text)
    OTG_HS_WKUP_IRQHandler                   0x080001b7   Thumb Code     0  startup_stm32f407xx.o(.text)
    PVD_IRQHandler                           0x080001b7   Thumb Code     0  startup_stm32f407xx.o(.text)
    RCC_IRQHandler                           0x080001b7   Thumb Code     0  startup_stm32f407xx.o(.text)
    RTC_Alarm_IRQHandler                     0x080001b7   Thumb Code     0  startup_stm32f407xx.o(.text)
    RTC_WKUP_IRQHandler                      0x080001b7   Thumb Code     0  startup_stm32f407xx.o(.text)
    SDIO_IRQHandler                          0x080001b7   Thumb Code     0  startup_stm32f407xx.o(.text)
    SPI1_IRQHandler                          0x080001b7   Thumb Code     0  startup_stm32f407xx.o(.text)
    SPI2_IRQHandler                          0x080001b7   Thumb Code     0  startup_stm32f407xx.o(.text)
    SPI3_IRQHandler                          0x080001b7   Thumb Code     0  startup_stm32f407xx.o(.text)
    TAMP_STAMP_IRQHandler                    0x080001b7   Thumb Code     0  startup_stm32f407xx.o(.text)
    TIM1_BRK_TIM9_IRQHandler                 0x080001b7   Thumb Code     0  startup_stm32f407xx.o(.text)
    TIM1_TRG_COM_TIM11_IRQHandler            0x080001b7   Thumb Code     0  startup_stm32f407xx.o(.text)
    TIM1_UP_TIM10_IRQHandler                 0x080001b7   Thumb Code     0  startup_stm32f407xx.o(.text)
    TIM3_IRQHandler                          0x080001b7   Thumb Code     0  startup_stm32f407xx.o(.text)
    TIM4_IRQHandler                          0x080001b7   Thumb Code     0  startup_stm32f407xx.o(.text)
    TIM6_DAC_IRQHandler                      0x080001b7   Thumb Code     0  startup_stm32f407xx.o(.text)
    TIM7_IRQHandler                          0x080001b7   Thumb Code     0  startup_stm32f407xx.o(.text)
    TIM8_BRK_TIM12_IRQHandler                0x080001b7   Thumb Code     0  startup_stm32f407xx.o(.text)
    TIM8_CC_IRQHandler                       0x080001b7   Thumb Code     0  startup_stm32f407xx.o(.text)
    TIM8_TRG_COM_TIM14_IRQHandler            0x080001b7   Thumb Code     0  startup_stm32f407xx.o(.text)
    TIM8_UP_TIM13_IRQHandler                 0x080001b7   Thumb Code     0  startup_stm32f407xx.o(.text)
    UART4_IRQHandler                         0x080001b7   Thumb Code     0  startup_stm32f407xx.o(.text)
    UART5_IRQHandler                         0x080001b7   Thumb Code     0  startup_stm32f407xx.o(.text)
    USART1_IRQHandler                        0x080001b7   Thumb Code     0  startup_stm32f407xx.o(.text)
    USART3_IRQHandler                        0x080001b7   Thumb Code     0  startup_stm32f407xx.o(.text)
    WWDG_IRQHandler                          0x080001b7   Thumb Code     0  startup_stm32f407xx.o(.text)
    __aeabi_memcpy                           0x080001c1   Thumb Code    36  memcpya.o(.text)
    __aeabi_memcpy4                          0x080001c1   Thumb Code     0  memcpya.o(.text)
    __aeabi_memcpy8                          0x080001c1   Thumb Code     0  memcpya.o(.text)
    __aeabi_dadd                             0x080001e5   Thumb Code   322  dadd.o(.text)
    __aeabi_dsub                             0x08000327   Thumb Code     6  dadd.o(.text)
    __aeabi_drsub                            0x0800032d   Thumb Code     6  dadd.o(.text)
    __aeabi_dmul                             0x08000333   Thumb Code   228  dmul.o(.text)
    __aeabi_f2d                              0x08000417   Thumb Code    38  f2d.o(.text)
    __aeabi_d2f                              0x0800043d   Thumb Code    56  d2f.o(.text)
    __aeabi_llsl                             0x08000475   Thumb Code    30  llshl.o(.text)
    _ll_shift_l                              0x08000475   Thumb Code     0  llshl.o(.text)
    __aeabi_lasr                             0x08000493   Thumb Code    36  llsshr.o(.text)
    _ll_sshift_r                             0x08000493   Thumb Code     0  llsshr.o(.text)
    __I$use$fp                               0x080004b7   Thumb Code     0  iusefp.o(.text)
    _float_round                             0x080004b7   Thumb Code    18  fepilogue.o(.text)
    _float_epilogue                          0x080004c9   Thumb Code    90  fepilogue.o(.text)
    _double_round                            0x08000523   Thumb Code    26  depilogue.o(.text)
    _double_epilogue                         0x0800053d   Thumb Code   164  depilogue.o(.text)
    __aeabi_ddiv                             0x080005e1   Thumb Code   222  ddiv.o(.text)
    __scatterload                            0x080006c1   Thumb Code    28  init.o(.text)
    __scatterload_rt2                        0x080006c1   Thumb Code     0  init.o(.text)
    __aeabi_llsr                             0x080006e5   Thumb Code    32  llushr.o(.text)
    _ll_ushift_r                             0x080006e5   Thumb Code     0  llushr.o(.text)
    __aeabi_i2d                              0x08000705   Thumb Code    34  dflti.o(.text)
    __aeabi_ui2d                             0x08000727   Thumb Code    26  dfltui.o(.text)
    __aeabi_d2iz                             0x08000741   Thumb Code    62  dfixi.o(.text)
    __decompress                             0x0800077f   Thumb Code     0  __dczerorl2.o(.text)
    __decompress1                            0x0800077f   Thumb Code    92  __dczerorl2.o(.text)
    ASServissement_VitesseMoteur             0x08000949   Thumb Code   192  moteurs.o(i.ASServissement_VitesseMoteur)
    Arme_Tempo_ASS_Vitesse                   0x08000a15   Thumb Code    18  tempo.o(i.Arme_Tempo_ASS_Vitesse)
    Arme_Tempo_USCapteur                     0x08000a2d   Thumb Code    18  tempo.o(i.Arme_Tempo_USCapteur)
    Calcule_Checksum                         0x08000a45   Thumb Code    26  wificom.o(i.Calcule_Checksum)
    DMA1_Stream5_IRQHandler                  0x08000abd   Thumb Code     6  stm32f4xx_it.o(i.DMA1_Stream5_IRQHandler)
    DMA2_Stream0_IRQHandler                  0x08000ac9   Thumb Code     6  stm32f4xx_it.o(i.DMA2_Stream0_IRQHandler)
    DMA2_Stream1_IRQHandler                  0x08000ad5   Thumb Code     6  stm32f4xx_it.o(i.DMA2_Stream1_IRQHandler)
    DMA2_Stream6_IRQHandler                  0x08000ae1   Thumb Code     6  stm32f4xx_it.o(i.DMA2_Stream6_IRQHandler)
    Desarme_Tempo_USCapteur                  0x08000b15   Thumb Code     8  tempo.o(i.Desarme_Tempo_USCapteur)
    EXTI4_IRQHandler                         0x08000b21   Thumb Code     6  stm32f4xx_it.o(i.EXTI4_IRQHandler)
    Gestion_Sauvegarde                       0x08000b29   Thumb Code   216  sauve_restaure.o(i.Gestion_Sauvegarde)
    Guidage_Suivi_Mur                        0x08000c1d   Thumb Code   790  guidage.o(i.Guidage_Suivi_Mur)
    HAL_ADC_ConfigChannel                    0x08000f59   Thumb Code   322  stm32f4xx_hal_adc.o(i.HAL_ADC_ConfigChannel)
    HAL_ADC_ConvCpltCallback                 0x080010a9   Thumb Code    36  stm32f4xx_it.o(i.HAL_ADC_ConvCpltCallback)
    HAL_ADC_ConvHalfCpltCallback             0x080010d5   Thumb Code     2  stm32f4xx_hal_adc.o(i.HAL_ADC_ConvHalfCpltCallback)
    HAL_ADC_ErrorCallback                    0x080010d7   Thumb Code     2  stm32f4xx_hal_adc.o(i.HAL_ADC_ErrorCallback)
    HAL_ADC_Init                             0x080010d9   Thumb Code    56  stm32f4xx_hal_adc.o(i.HAL_ADC_Init)
    HAL_ADC_MspInit                          0x08001111   Thumb Code   122  adc.o(i.HAL_ADC_MspInit)
    HAL_ADC_Start_DMA                        0x080011a5   Thumb Code   154  stm32f4xx_hal_adc.o(i.HAL_ADC_Start_DMA)
    HAL_DMA_Abort                            0x08001255   Thumb Code    80  stm32f4xx_hal_dma.o(i.HAL_DMA_Abort)
    HAL_DMA_IRQHandler                       0x080012a5   Thumb Code  3860  stm32f4xx_hal_dma.o(i.HAL_DMA_IRQHandler)
    HAL_DMA_Init                             0x080021c1   Thumb Code   108  stm32f4xx_hal_dma.o(i.HAL_DMA_Init)
    HAL_DMA_Start_IT                         0x08002231   Thumb Code   108  stm32f4xx_hal_dma.o(i.HAL_DMA_Start_IT)
    HAL_GPIO_EXTI_Callback                   0x0800229d   Thumb Code     2  stm32f4xx_it.o(i.HAL_GPIO_EXTI_Callback)
    HAL_GPIO_EXTI_IRQHandler                 0x080022a1   Thumb Code    18  stm32f4xx_hal_gpio.o(i.HAL_GPIO_EXTI_IRQHandler)
    HAL_GPIO_Init                            0x080022b9   Thumb Code   414  stm32f4xx_hal_gpio.o(i.HAL_GPIO_Init)
    HAL_GPIO_ReadPin                         0x08002489   Thumb Code    10  stm32f4xx_hal_gpio.o(i.HAL_GPIO_ReadPin)
    HAL_GPIO_WritePin                        0x08002493   Thumb Code    10  stm32f4xx_hal_gpio.o(i.HAL_GPIO_WritePin)
    HAL_GetTick                              0x0800249d   Thumb Code     6  stm32f4xx_hal.o(i.HAL_GetTick)
    HAL_I2C_ER_IRQHandler                    0x080024a9   Thumb Code   226  stm32f4xx_hal_i2c.o(i.HAL_I2C_ER_IRQHandler)
    HAL_I2C_EV_IRQHandler                    0x0800258b   Thumb Code   424  stm32f4xx_hal_i2c.o(i.HAL_I2C_EV_IRQHandler)
    HAL_I2C_ErrorCallback                    0x08002733   Thumb Code     2  stm32f4xx_it.o(i.HAL_I2C_ErrorCallback)
    HAL_I2C_Init                             0x08002735   Thumb Code   240  stm32f4xx_hal_i2c.o(i.HAL_I2C_Init)
    HAL_I2C_MasterRxCpltCallback             0x0800282d   Thumb Code     2  stm32f4xx_it.o(i.HAL_I2C_MasterRxCpltCallback)
    HAL_I2C_MasterTxCpltCallback             0x0800282f   Thumb Code     2  stm32f4xx_it.o(i.HAL_I2C_MasterTxCpltCallback)
    HAL_I2C_MemRxCpltCallback                0x08002831   Thumb Code     2  stm32f4xx_hal_i2c.o(i.HAL_I2C_MemRxCpltCallback)
    HAL_I2C_MemTxCpltCallback                0x08002833   Thumb Code     2  stm32f4xx_hal_i2c.o(i.HAL_I2C_MemTxCpltCallback)
    HAL_I2C_MspInit                          0x08002835   Thumb Code   162  i2c.o(i.HAL_I2C_MspInit)
    HAL_I2C_SlaveRxCpltCallback              0x080028ed   Thumb Code     2  stm32f4xx_hal_i2c.o(i.HAL_I2C_SlaveRxCpltCallback)
    HAL_I2C_SlaveTxCpltCallback              0x080028ef   Thumb Code     2  stm32f4xx_hal_i2c.o(i.HAL_I2C_SlaveTxCpltCallback)
    HAL_IncTick                              0x080028f1   Thumb Code    10  stm32f4xx_hal.o(i.HAL_IncTick)
    HAL_Init                                 0x08002901   Thumb Code    48  stm32f4xx_hal.o(i.HAL_Init)
    HAL_InitTick                             0x08002935   Thumb Code    34  stm32f4xx_hal.o(i.HAL_InitTick)
    HAL_MspInit                              0x08002957   Thumb Code    22  stm32f4xx_hal_msp.o(i.HAL_MspInit)
    HAL_NVIC_EnableIRQ                       0x0800296d   Thumb Code    24  stm32f4xx_hal_cortex.o(i.HAL_NVIC_EnableIRQ)
    HAL_NVIC_SetPriority                     0x08002985   Thumb Code    60  stm32f4xx_hal_cortex.o(i.HAL_NVIC_SetPriority)
    HAL_NVIC_SetPriorityGrouping             0x080029c5   Thumb Code    26  stm32f4xx_hal_cortex.o(i.HAL_NVIC_SetPriorityGrouping)
    HAL_RCC_ClockConfig                      0x080029e9   Thumb Code   512  stm32f4xx_hal_rcc.o(i.HAL_RCC_ClockConfig)
    HAL_RCC_GetHCLKFreq                      0x08002bf1   Thumb Code    38  stm32f4xx_hal_rcc.o(i.HAL_RCC_GetHCLKFreq)
    HAL_RCC_GetPCLK1Freq                     0x08002c25   Thumb Code    36  stm32f4xx_hal_rcc.o(i.HAL_RCC_GetPCLK1Freq)
    HAL_RCC_GetPCLK2Freq                     0x08002c51   Thumb Code    36  stm32f4xx_hal_rcc.o(i.HAL_RCC_GetPCLK2Freq)
    HAL_RCC_GetSysClockFreq                  0x08002c7d   Thumb Code   104  stm32f4xx_hal_rcc.o(i.HAL_RCC_GetSysClockFreq)
    HAL_RCC_OscConfig                        0x08002cf1   Thumb Code   774  stm32f4xx_hal_rcc.o(i.HAL_RCC_OscConfig)
    HAL_SPI_Init                             0x0800300d   Thumb Code   132  stm32f4xx_hal_spi.o(i.HAL_SPI_Init)
    HAL_SPI_MspInit                          0x08003091   Thumb Code    82  spi.o(i.HAL_SPI_MspInit)
    HAL_SYSTICK_CLKSourceConfig              0x080030f5   Thumb Code    24  stm32f4xx_hal_cortex.o(i.HAL_SYSTICK_CLKSourceConfig)
    HAL_SYSTICK_Callback                     0x0800310d   Thumb Code     2  stm32f4xx_hal_cortex.o(i.HAL_SYSTICK_Callback)
    HAL_SYSTICK_Config                       0x0800310f   Thumb Code    40  stm32f4xx_hal_cortex.o(i.HAL_SYSTICK_Config)
    HAL_SYSTICK_IRQHandler                   0x08003137   Thumb Code     8  stm32f4xx_hal_cortex.o(i.HAL_SYSTICK_IRQHandler)
    HAL_TIMEx_BreakCallback                  0x0800313f   Thumb Code     2  stm32f4xx_hal_tim_ex.o(i.HAL_TIMEx_BreakCallback)
    HAL_TIMEx_CommutationCallback            0x08003141   Thumb Code     2  stm32f4xx_hal_tim_ex.o(i.HAL_TIMEx_CommutationCallback)
    HAL_TIMEx_MasterConfigSynchronization    0x08003143   Thumb Code    80  stm32f4xx_hal_tim_ex.o(i.HAL_TIMEx_MasterConfigSynchronization)
    HAL_TIM_Base_Init                        0x08003193   Thumb Code    54  stm32f4xx_hal_tim.o(i.HAL_TIM_Base_Init)
    HAL_TIM_Base_MspInit                     0x080031c9   Thumb Code   332  tim.o(i.HAL_TIM_Base_MspInit)
    HAL_TIM_ConfigClockSource                0x0800333d   Thumb Code   238  stm32f4xx_hal_tim.o(i.HAL_TIM_ConfigClockSource)
    HAL_TIM_ConfigTI1Input                   0x0800342b   Thumb Code    16  stm32f4xx_hal_tim.o(i.HAL_TIM_ConfigTI1Input)
    HAL_TIM_Encoder_Init                     0x0800343b   Thumb Code   150  stm32f4xx_hal_tim.o(i.HAL_TIM_Encoder_Init)
    HAL_TIM_Encoder_MspInit                  0x080034d1   Thumb Code     2  stm32f4xx_hal_tim.o(i.HAL_TIM_Encoder_MspInit)
    HAL_TIM_Encoder_Start                    0x080034d3   Thumb Code    50  stm32f4xx_hal_tim.o(i.HAL_TIM_Encoder_Start)
    HAL_TIM_IC_CaptureCallback               0x08003505   Thumb Code    20  stm32f4xx_it.o(i.HAL_TIM_IC_CaptureCallback)
    HAL_TIM_IC_ConfigChannel                 0x0800351d   Thumb Code   282  stm32f4xx_hal_tim.o(i.HAL_TIM_IC_ConfigChannel)
    HAL_TIM_IC_Init                          0x08003637   Thumb Code    54  stm32f4xx_hal_tim.o(i.HAL_TIM_IC_Init)
    HAL_TIM_IC_MspInit                       0x0800366d   Thumb Code   110  tim.o(i.HAL_TIM_IC_MspInit)
    HAL_TIM_IC_Start                         0x080036f5   Thumb Code    26  stm32f4xx_hal_tim.o(i.HAL_TIM_IC_Start)
    HAL_TIM_IC_Start_IT                      0x0800370f   Thumb Code    76  stm32f4xx_hal_tim.o(i.HAL_TIM_IC_Start_IT)
    HAL_TIM_IC_Stop_IT                       0x0800375b   Thumb Code    98  stm32f4xx_hal_tim.o(i.HAL_TIM_IC_Stop_IT)
    HAL_TIM_IRQHandler                       0x080037bd   Thumb Code   358  stm32f4xx_hal_tim.o(i.HAL_TIM_IRQHandler)
    HAL_TIM_OC_ConfigChannel                 0x08003923   Thumb Code    84  stm32f4xx_hal_tim.o(i.HAL_TIM_OC_ConfigChannel)
    HAL_TIM_OC_DelayElapsedCallback          0x08003979   Thumb Code    74  stm32f4xx_it.o(i.HAL_TIM_OC_DelayElapsedCallback)
    HAL_TIM_OC_Init                          0x080039c9   Thumb Code    54  stm32f4xx_hal_tim.o(i.HAL_TIM_OC_Init)
    HAL_TIM_OC_MspInit                       0x080039ff   Thumb Code     2  stm32f4xx_hal_tim.o(i.HAL_TIM_OC_MspInit)
    HAL_TIM_OC_Start_IT                      0x08003a01   Thumb Code    98  stm32f4xx_hal_tim.o(i.HAL_TIM_OC_Start_IT)
    HAL_TIM_OC_Stop_IT                       0x08003a6d   Thumb Code   130  stm32f4xx_hal_tim.o(i.HAL_TIM_OC_Stop_IT)
    HAL_TIM_PWM_ConfigChannel                0x08003af9   Thumb Code   206  stm32f4xx_hal_tim.o(i.HAL_TIM_PWM_ConfigChannel)
    HAL_TIM_PWM_Init                         0x08003bc7   Thumb Code    54  stm32f4xx_hal_tim.o(i.HAL_TIM_PWM_Init)
    HAL_TIM_PWM_MspInit                      0x08003bfd   Thumb Code     2  stm32f4xx_hal_tim.o(i.HAL_TIM_PWM_MspInit)
    HAL_TIM_PWM_PulseFinishedCallback        0x08003bff   Thumb Code     2  stm32f4xx_hal_tim.o(i.HAL_TIM_PWM_PulseFinishedCallback)
    HAL_TIM_PWM_Start                        0x08003c01   Thumb Code    48  stm32f4xx_hal_tim.o(i.HAL_TIM_PWM_Start)
    HAL_TIM_PeriodElapsedCallback            0x08003c39   Thumb Code     2  stm32f4xx_it.o(i.HAL_TIM_PeriodElapsedCallback)
    HAL_TIM_SlaveConfigSynchronization       0x08003c3b   Thumb Code    66  stm32f4xx_hal_tim.o(i.HAL_TIM_SlaveConfigSynchronization)
    HAL_TIM_TriggerCallback                  0x08003c7d   Thumb Code     2  stm32f4xx_hal_tim.o(i.HAL_TIM_TriggerCallback)
    HAL_UART_DMAStop                         0x08003c7f   Thumb Code    50  stm32f4xx_hal_uart.o(i.HAL_UART_DMAStop)
    HAL_UART_ErrorCallback                   0x08003cb1   Thumb Code     2  stm32f4xx_it.o(i.HAL_UART_ErrorCallback)
    HAL_UART_GetState                        0x08003cb3   Thumb Code     6  stm32f4xx_hal_uart.o(i.HAL_UART_GetState)
    HAL_UART_IRQHandler                      0x08003cb9   Thumb Code   264  stm32f4xx_hal_uart.o(i.HAL_UART_IRQHandler)
    HAL_UART_Init                            0x08003dc1   Thumb Code    94  stm32f4xx_hal_uart.o(i.HAL_UART_Init)
    HAL_UART_MspInit                         0x08003e21   Thumb Code   296  usart.o(i.HAL_UART_MspInit)
    HAL_UART_Receive_DMA                     0x08003f69   Thumb Code   118  stm32f4xx_hal_uart.o(i.HAL_UART_Receive_DMA)
    HAL_UART_RxCpltCallback                  0x08003fed   Thumb Code    34  stm32f4xx_it.o(i.HAL_UART_RxCpltCallback)
    HAL_UART_RxHalfCpltCallback              0x08004015   Thumb Code     2  stm32f4xx_it.o(i.HAL_UART_RxHalfCpltCallback)
    HAL_UART_Transmit_DMA                    0x08004019   Thumb Code   134  stm32f4xx_hal_uart.o(i.HAL_UART_Transmit_DMA)
    HAL_UART_Transmit_IT                     0x080040ad   Thumb Code   104  stm32f4xx_hal_uart.o(i.HAL_UART_Transmit_IT)
    HAL_UART_TxCpltCallback                  0x08004115   Thumb Code    14  stm32f4xx_it.o(i.HAL_UART_TxCpltCallback)
    HAL_UART_TxHalfCpltCallback              0x08004129   Thumb Code     2  stm32f4xx_hal_uart.o(i.HAL_UART_TxHalfCpltCallback)
    I2C1_ER_IRQHandler                       0x0800412d   Thumb Code     6  stm32f4xx_it.o(i.I2C1_ER_IRQHandler)
    I2C1_EV_IRQHandler                       0x08004139   Thumb Code     6  stm32f4xx_it.o(i.I2C1_EV_IRQHandler)
    I2C2_ER_IRQHandler                       0x08004145   Thumb Code     6  stm32f4xx_it.o(i.I2C2_ER_IRQHandler)
    I2C2_EV_IRQHandler                       0x08004151   Thumb Code     6  stm32f4xx_it.o(i.I2C2_EV_IRQHandler)
    Initialise_Sauvegarde                    0x08004241   Thumb Code    70  sauve_restaure.o(i.Initialise_Sauvegarde)
    Lazer_Scan_Request                       0x08004291   Thumb Code    76  rplidar.o(i.Lazer_Scan_Request)
    MX_ADC3_Init                             0x080042e1   Thumb Code   128  adc.o(i.MX_ADC3_Init)
    MX_DMA_Init                              0x08004369   Thumb Code   104  dma.o(i.MX_DMA_Init)
    MX_GPIO_Init                             0x080043d5   Thumb Code   540  gpio.o(i.MX_GPIO_Init)
    MX_I2C1_Init                             0x08004615   Thumb Code    34  i2c.o(i.MX_I2C1_Init)
    MX_I2C2_Init                             0x08004645   Thumb Code    36  i2c.o(i.MX_I2C2_Init)
    MX_SPI2_Init                             0x08004671   Thumb Code    48  spi.o(i.MX_SPI2_Init)
    MX_TIM10_Init                            0x080046a9   Thumb Code    60  tim.o(i.MX_TIM10_Init)
    MX_TIM11_Init                            0x080046ed   Thumb Code    60  tim.o(i.MX_TIM11_Init)
    MX_TIM13_Init                            0x08004731   Thumb Code    62  tim.o(i.MX_TIM13_Init)
    MX_TIM1_Init                             0x08004779   Thumb Code   138  tim.o(i.MX_TIM1_Init)
    MX_TIM2_Init                             0x0800480d   Thumb Code   114  tim.o(i.MX_TIM2_Init)
    MX_TIM3_Init                             0x08004885   Thumb Code    92  tim.o(i.MX_TIM3_Init)
    MX_TIM4_Init                             0x080048e9   Thumb Code    96  tim.o(i.MX_TIM4_Init)
    MX_TIM5_Init                             0x08004951   Thumb Code   120  tim.o(i.MX_TIM5_Init)
    MX_TIM9_Init                             0x080049d1   Thumb Code    88  tim.o(i.MX_TIM9_Init)
    MX_USART2_UART_Init                      0x08004a31   Thumb Code    32  usart.o(i.MX_USART2_UART_Init)
    MX_USART6_UART_Init                      0x08004a59   Thumb Code    36  usart.o(i.MX_USART6_UART_Init)
    Mesure_Batterie_IT                       0x08004a85   Thumb Code    56  batterie.o(i.Mesure_Batterie_IT)
    Mesure_Temperature_IT                    0x08004ac5   Thumb Code    46  temperature.o(i.Mesure_Temperature_IT)
    Moteur_Vitesse                           0x08004bd1   Thumb Code    64  moteurs.o(i.Moteur_Vitesse)
    Moteurs_Start                            0x08004c25   Thumb Code    82  moteurs.o(i.Moteurs_Start)
    Phares_Commande                          0x08004ca9   Thumb Code    12  phares.o(i.Phares_Commande)
    Phares_Start                             0x08004cbd   Thumb Code     8  phares.o(i.Phares_Start)
    Relance_Tempo_ASS_Vitesse                0x08004cc9   Thumb Code    12  tempo.o(i.Relance_Tempo_ASS_Vitesse)
    Relance_Tempo_USCapteur                  0x08004cd9   Thumb Code    12  tempo.o(i.Relance_Tempo_USCapteur)
    Restaure_Tout                            0x08004ce9   Thumb Code   108  sauve_restaure.o(i.Restaure_Tout)
    Robot_Commande                           0x08004d6d   Thumb Code   286  moteurs.o(i.Robot_Commande)
    Rplidar_Gestion                          0x08004f41   Thumb Code   214  rplidar.o(i.Rplidar_Gestion)
    Rplidar_Get_Distance                     0x08005021   Thumb Code   184  rplidar.o(i.Rplidar_Get_Distance)
    Rplidar_New_Scan                         0x08005165   Thumb Code    16  rplidar.o(i.Rplidar_New_Scan)
    Rplidar_Receive_It                       0x08005179   Thumb Code   216  rplidar.o(i.Rplidar_Receive_It)
    Rplidar_Start                            0x08005281   Thumb Code    24  rplidar.o(i.Rplidar_Start)
    Rplidar_Transmit_It                      0x080052a1   Thumb Code   106  rplidar.o(i.Rplidar_Transmit_It)
    SPI_FLASH_BufferRead                     0x08005345   Thumb Code   100  spi_flash.o(i.SPI_FLASH_BufferRead)
    SPI_FLASH_Init                           0x080053b1   Thumb Code    10  spi_flash.o(i.SPI_FLASH_Init)
    SPI_FLASH_PageWrite                      0x080053c1   Thumb Code   116  spi_flash.o(i.SPI_FLASH_PageWrite)
    SPI_FLASH_ReadID                         0x0800543d   Thumb Code    94  spi_flash.o(i.SPI_FLASH_ReadID)
    SPI_FLASH_Receive                        0x080054a5   Thumb Code   412  spi_flash.o(i.SPI_FLASH_Receive)
    SPI_FLASH_SubSectorErase                 0x08005641   Thumb Code    84  spi_flash.o(i.SPI_FLASH_SubSectorErase)
    SPI_FLASH_TestForWriteEnd                0x0800569d   Thumb Code    82  spi_flash.o(i.SPI_FLASH_TestForWriteEnd)
    SPI_FLASH_Transmit                       0x080056f9   Thumb Code   232  spi_flash.o(i.SPI_FLASH_Transmit)
    SPI_FLASH_WaitForWriteEnd                0x080057e1   Thumb Code    78  spi_flash.o(i.SPI_FLASH_WaitForWriteEnd)
    SPI_FLASH_WriteEnable                    0x08005839   Thumb Code    54  spi_flash.o(i.SPI_FLASH_WriteEnable)
    Sauvegarde_Tout_Request                  0x0800590d   Thumb Code    14  sauve_restaure.o(i.Sauvegarde_Tout_Request)
    Servo_Position                           0x08005921   Thumb Code    84  moteurs.o(i.Servo_Position)
    Servos_Start_PWM                         0x08005979   Thumb Code    22  moteurs.o(i.Servos_Start_PWM)
    SysTick_Handler                          0x08005995   Thumb Code    14  stm32f4xx_it.o(i.SysTick_Handler)
    SystemClock_Config                       0x080059a5   Thumb Code   128  main.o(i.SystemClock_Config)
    SystemInit                               0x08005a2d   Thumb Code    66  system_stm32f4xx.o(i.SystemInit)
    TIM1_CC_IRQHandler                       0x08005a81   Thumb Code     6  stm32f4xx_it.o(i.TIM1_CC_IRQHandler)
    TIM2_IRQHandler                          0x08005a8d   Thumb Code     6  stm32f4xx_it.o(i.TIM2_IRQHandler)
    TIM5_IRQHandler                          0x08005a99   Thumb Code     6  stm32f4xx_it.o(i.TIM5_IRQHandler)
    TIM_Base_SetConfig                       0x08005aa5   Thumb Code   148  stm32f4xx_hal_tim.o(i.TIM_Base_SetConfig)
    TIM_CCxChannelCmd                        0x08005b65   Thumb Code    22  stm32f4xx_hal_tim.o(i.TIM_CCxChannelCmd)
    TIM_OC2_SetConfig                        0x08005bf9   Thumb Code    90  stm32f4xx_hal_tim.o(i.TIM_OC2_SetConfig)
    TIM_TI1_SetConfig                        0x08005dad   Thumb Code   104  stm32f4xx_hal_tim.o(i.TIM_TI1_SetConfig)
    TestCollisionArriere                     0x08005e8d   Thumb Code    24  us_capteur.o(i.TestCollisionArriere)
    TestCollisionAvant                       0x08005ea9   Thumb Code    24  us_capteur.o(i.TestCollisionAvant)
    USART2_IRQHandler                        0x08006215   Thumb Code     6  stm32f4xx_it.o(i.USART2_IRQHandler)
    USART6_IRQHandler                        0x08006221   Thumb Code     6  stm32f4xx_it.o(i.USART6_IRQHandler)
    Us_GestionMesure_IT                      0x0800622d   Thumb Code   118  us_capteur.o(i.Us_GestionMesure_IT)
    Us_GestionTrigger_IT                     0x080062a9   Thumb Code   142  us_capteur.o(i.Us_GestionTrigger_IT)
    Us_LireDistance                          0x08006345   Thumb Code    44  us_capteur.o(i.Us_LireDistance)
    Us_MarcheArretGeneral                    0x08006375   Thumb Code    38  us_capteur.o(i.Us_MarcheArretGeneral)
    Us_SelectInterrogation                   0x080063a5   Thumb Code    18  us_capteur.o(i.Us_SelectInterrogation)
    WifiCom_Communication_Start              0x080063bd   Thumb Code    28  wificom.o(i.WifiCom_Communication_Start)
    WifiCom_Gestion                          0x080063dd   Thumb Code   346  wificom.o(i.WifiCom_Gestion)
    WifiCom_Receive_It                       0x08006701   Thumb Code    32  wificom.o(i.WifiCom_Receive_It)
    WifiCom_Transmit_NextPacket              0x08006745   Thumb Code   106  wificom.o(i.WifiCom_Transmit_NextPacket)
    WifiCom_Transmit_Reglage                 0x080067c1   Thumb Code   266  wificom.o(i.WifiCom_Transmit_Reglage)
    WifiCom_Transmit_Service                 0x0800692d   Thumb Code    90  wificom.o(i.WifiCom_Transmit_Service)
    WifiCom_Transmit_Transport               0x0800699d   Thumb Code    30  wificom.o(i.WifiCom_Transmit_Transport)
    __ARM_fpclassify                         0x080069c1   Thumb Code    48  fpclassify.o(i.__ARM_fpclassify)
    __hardfp_cos                             0x080069f1   Thumb Code   200  cos.o(i.__hardfp_cos)
    __ieee754_rem_pio2                       0x08006ac9   Thumb Code   972  rred.o(i.__ieee754_rem_pio2)
    __kernel_cos                             0x08006f21   Thumb Code   322  cos_i.o(i.__kernel_cos)
    __kernel_poly                            0x08007091   Thumb Code   248  poly.o(i.__kernel_poly)
    __kernel_sin                             0x08007189   Thumb Code   280  sin_i.o(i.__kernel_sin)
    __mathlib_dbl_underflow                  0x080072b9   Thumb Code    24  dunder.o(i.__mathlib_dbl_underflow)
    __scatterload_copy                       0x080072d9   Thumb Code    14  handlers.o(i.__scatterload_copy)
    __scatterload_null                       0x080072e7   Thumb Code     2  handlers.o(i.__scatterload_null)
    __scatterload_zeroinit                   0x080072e9   Thumb Code    14  handlers.o(i.__scatterload_zeroinit)
    __set_errno                              0x080072f9   Thumb Code     6  errno.o(i.__set_errno)
    fabs                                     0x08007305   Thumb Code    32  fabs.o(i.fabs)
    main                                     0x08007325   Thumb Code   296  main.o(i.main)
    Config_Moteur                            0x08007470   Data          32  moteurs.o(.constdata)
    APBAHBPrescTable                         0x08007490   Data          16  stm32f4xx_hal_rcc.o(.constdata)
    Region$$Table$$Base                      0x080075c0   Number         0  anon$$obj.o(Region$$Table)
    Region$$Table$$Limit                     0x080075e0   Number         0  anon$$obj.o(Region$$Table)
    Position_Servo                           0x20000000   Data           2  main.o(.data)
    Distance_Obstacle_Av                     0x20000002   Data           2  us_capteur.o(.data)
    Distance_Obstacle_Ar                     0x20000004   Data           2  us_capteur.o(.data)
    UltraSons                                0x20000006   Data          50  us_capteur.o(.data)
    Mode_Commande                            0x20000038   Data           1  moteurs.o(.data)
    ConsigneAngulaireNulle                   0x2000003c   Data           4  moteurs.o(.data)
    Compensation_Ligne_Droite                0x20000040   Data           8  moteurs.o(.data)
    ConsigneBoucle_Ouverte                   0x20000048   Data           8  moteurs.o(.data)
    Etat_Moteur                              0x20000050   Data          40  moteurs.o(.data)
    ConsigneManuelle                         0x20000078   Data           8  moteurs.o(.data)
    VitesseMesure                            0x20000080   Data           8  moteurs.o(.data)
    Temperature_Exterieure                   0x20000088   Data           2  temperature.o(.data)
    Etat_Automate_HMC5883L                   0x20000090   Data           1  hmc5883l.o(.data)
    Compas_X                                 0x20000092   Data           2  hmc5883l.o(.data)
    Compas_Z                                 0x20000094   Data           2  hmc5883l.o(.data)
    Compas_Y                                 0x20000096   Data           2  hmc5883l.o(.data)
    Compas                                   0x200000ac   Data           4  hmc5883l.o(.data)
    HMC5883L_Compensation                    0x200000b0   Data          28  hmc5883l.o(.data)
    Etat_Automate_Sauvegarde                 0x200000cc   Data           1  sauve_restaure.o(.data)
    Etat_Sauvegarde                          0x200000cd   Data           1  sauve_restaure.o(.data)
    V_Batterie                               0x200000d2   Data           2  batterie.o(.data)
    Phare_Luminosite                         0x200000d8   Data           2  phares.o(.data)
    Idc_Buf_Rec_Ecr                          0x200000dd   Data           1  wificom.o(.data)
    Idc_Buf_Rec_Lec                          0x200000de   Data           1  wificom.o(.data)
    Max_Repetition                           0x200000df   Data           1  wificom.o(.data)
    Requete_Exterieure                       0x200000e0   Data           2  wificom.o(.data)
    Etat_Buf_Rec_Wifi                        0x200000e2   Data           2  wificom.o(.data)
    Presence_Host                            0x200000e4   Data           4  wificom.o(.data)
    Transport_Emis                           0x200000f4   Data         236  wificom.o(.data)
    Etat_Automate_Rplidar                    0x200001e0   Data           1  rplidar.o(.data)
    New_Scan_Disponible                      0x200001e1   Data           1  rplidar.o(.data)
    Status_Moteur_Lidar                      0x200001e4   Data           1  rplidar.o(.data)
    Status_Rplidar                           0x200001e5   Data           1  rplidar.o(.data)
    Transmission_Rate_Request                0x200001e6   Data           1  rplidar.o(.data)
    Transmission_Rate                        0x200001e7   Data           1  rplidar.o(.data)
    Premiere_Reception                       0x200001e8   Data           1  rplidar.o(.data)
    Offset_Orientation_Lidar                 0x200001ea   Data           2  rplidar.o(.data)
    Buf_Request                              0x200001ec   Data           2  rplidar.o(.data)
    ErrorCode_Rplidar                        0x200001ee   Data           2  rplidar.o(.data)
    Indice_Debut_Lecture                     0x200001f0   Data           2  rplidar.o(.data)
    Buf_Health                               0x200001f2   Data           3  rplidar.o(.data)
    TimeoutVerifReponse                      0x200001f8   Data           4  rplidar.o(.data)
    Buf_Response                             0x200001fc   Data           7  rplidar.o(.data)
    Etat_Automate_Suivi_Mur                  0x20000204   Data           1  guidage.o(.data)
    erreur                                   0x20000218   Data           4  guidage.o(.data)
    deltat_T                                 0x20000224   Data           4  guidage.o(.data)
    angle_droit                              0x20000228   Data           8  guidage.o(.data)
    angle_droit_plus                         0x20000230   Data           8  guidage.o(.data)
    angle_droit_moins                        0x20000238   Data           8  guidage.o(.data)
    Suivi_De_Mur                             0x20000240   Data          48  guidage.o(.data)
    SystemCoreClock                          0x20000270   Data           4  system_stm32f4xx.o(.data)
    htim1                                    0x2000027c   Data          60  tim.o(.bss)
    htim2                                    0x200002b8   Data          60  tim.o(.bss)
    htim3                                    0x200002f4   Data          60  tim.o(.bss)
    htim4                                    0x20000330   Data          60  tim.o(.bss)
    htim5                                    0x2000036c   Data          60  tim.o(.bss)
    htim9                                    0x200003a8   Data          60  tim.o(.bss)
    htim10                                   0x200003e4   Data          60  tim.o(.bss)
    htim11                                   0x20000420   Data          60  tim.o(.bss)
    htim13                                   0x2000045c   Data          60  tim.o(.bss)
    hi2c1                                    0x20000498   Data          60  i2c.o(.bss)
    hi2c2                                    0x200004d4   Data          60  i2c.o(.bss)
    Buf_Adc                                  0x20000510   Data          20  adc.o(.bss)
    hadc3                                    0x20000524   Data          68  adc.o(.bss)
    hdma_adc3                                0x20000568   Data          80  adc.o(.bss)
    huart2                                   0x200005b8   Data          64  usart.o(.bss)
    huart6                                   0x200005f8   Data          64  usart.o(.bss)
    hdma_usart2_rx                           0x20000638   Data          80  usart.o(.bss)
    hdma_usart6_rx                           0x20000688   Data          80  usart.o(.bss)
    hdma_usart6_tx                           0x200006d8   Data          80  usart.o(.bss)
    hspi2                                    0x20000728   Data          88  spi.o(.bss)
    Wifi_Buf_Rec                             0x20000780   Data         440  wificom.o(.bss)
    Wifi_Buf_Emi                             0x20000938   Data         220  wificom.o(.bss)
    Buf_Info                                 0x20000a14   Data          20  rplidar.o(.bss)
    BufMessageScan                           0x20000a28   Data        2008  rplidar.o(.bss)
    Huit_Angles                              0x20001200   Data          16  rplidar.o(.bss)
    Buf_Rec                                  0x20001210   Data        3020  rplidar.o(.bss)
    __initial_sp                             0x200021e0   Data           0  startup_stm32f407xx.o(STACK)



==============================================================================

Memory Map of the image

  Image Entry point : 0x08000189

  Load Region LR_IROM1 (Base: 0x08000000, Size: 0x0000785c, Max: 0x00100000, ABSOLUTE, COMPRESSED[0x0000764c])

    Execution Region ER_IROM1 (Base: 0x08000000, Size: 0x000075e0, Max: 0x00100000, ABSOLUTE)

    Base Addr    Size         Type   Attr      Idx    E Section Name        Object

    0x08000000   0x00000188   Data   RO         4732    RESET               startup_stm32f407xx.o
    0x08000188   0x00000000   Code   RO         4769  * .ARM.Collect$$$$00000000  mc_w.l(entry.o)
    0x08000188   0x00000004   Code   RO         4819    .ARM.Collect$$$$00000001  mc_w.l(entry2.o)
    0x0800018c   0x00000004   Code   RO         4822    .ARM.Collect$$$$00000004  mc_w.l(entry5.o)
    0x08000190   0x00000000   Code   RO         4824    .ARM.Collect$$$$00000008  mc_w.l(entry7b.o)
    0x08000190   0x00000000   Code   RO         4826    .ARM.Collect$$$$0000000A  mc_w.l(entry8b.o)
    0x08000190   0x00000008   Code   RO         4827    .ARM.Collect$$$$0000000B  mc_w.l(entry9a.o)
    0x08000198   0x00000000   Code   RO         4829    .ARM.Collect$$$$0000000D  mc_w.l(entry10a.o)
    0x08000198   0x00000000   Code   RO         4831    .ARM.Collect$$$$0000000F  mc_w.l(entry11a.o)
    0x08000198   0x00000004   Code   RO         4820    .ARM.Collect$$$$00002712  mc_w.l(entry2.o)
    0x0800019c   0x00000024   Code   RO         4733    .text               startup_stm32f407xx.o
    0x080001c0   0x00000024   Code   RO         4772    .text               mc_w.l(memcpya.o)
    0x080001e4   0x0000014e   Code   RO         4776    .text               mf_w.l(dadd.o)
    0x08000332   0x000000e4   Code   RO         4778    .text               mf_w.l(dmul.o)
    0x08000416   0x00000026   Code   RO         4780    .text               mf_w.l(f2d.o)
    0x0800043c   0x00000038   Code   RO         4782    .text               mf_w.l(d2f.o)
    0x08000474   0x0000001e   Code   RO         4833    .text               mc_w.l(llshl.o)
    0x08000492   0x00000024   Code   RO         4835    .text               mc_w.l(llsshr.o)
    0x080004b6   0x00000000   Code   RO         4844    .text               mc_w.l(iusefp.o)
    0x080004b6   0x0000006c   Code   RO         4845    .text               mf_w.l(fepilogue.o)
    0x08000522   0x000000be   Code   RO         4847    .text               mf_w.l(depilogue.o)
    0x080005e0   0x000000de   Code   RO         4849    .text               mf_w.l(ddiv.o)
    0x080006be   0x00000002   PAD
    0x080006c0   0x00000024   Code   RO         4861    .text               mc_w.l(init.o)
    0x080006e4   0x00000020   Code   RO         4863    .text               mc_w.l(llushr.o)
    0x08000704   0x00000022   Code   RO         4865    .text               mf_w.l(dflti.o)
    0x08000726   0x0000001a   Code   RO         4867    .text               mf_w.l(dfltui.o)
    0x08000740   0x0000003e   Code   RO         4869    .text               mf_w.l(dfixi.o)
    0x0800077e   0x0000005c   Code   RO         4879    .text               mc_w.l(__dczerorl2.o)
    0x080007da   0x0000001c   Code   RO         4082    i.ADC_DMAConvCplt   stm32f4xx_hal_adc.o
    0x080007f6   0x00000018   Code   RO         4083    i.ADC_DMAError      stm32f4xx_hal_adc.o
    0x0800080e   0x0000000a   Code   RO         4084    i.ADC_DMAHalfConvCplt  stm32f4xx_hal_adc.o
    0x08000818   0x00000130   Code   RO         4085    i.ADC_Init          stm32f4xx_hal_adc.o
    0x08000948   0x000000cc   Code   RO          642    i.ASServissement_VitesseMoteur  moteurs.o
    0x08000a14   0x00000018   Code   RO          767    i.Arme_Tempo_ASS_Vitesse  tempo.o
    0x08000a2c   0x00000018   Code   RO          769    i.Arme_Tempo_USCapteur  tempo.o
    0x08000a44   0x0000001a   Code   RO         1427    i.Calcule_Checksum  wificom.o
    0x08000a5e   0x00000002   PAD
    0x08000a60   0x0000005c   Code   RO         1516    i.Charge_Data_Scan  rplidar.o
    0x08000abc   0x0000000c   Code   RO          133    i.DMA1_Stream5_IRQHandler  stm32f4xx_it.o
    0x08000ac8   0x0000000c   Code   RO          134    i.DMA2_Stream0_IRQHandler  stm32f4xx_it.o
    0x08000ad4   0x0000000c   Code   RO          135    i.DMA2_Stream1_IRQHandler  stm32f4xx_it.o
    0x08000ae0   0x0000000c   Code   RO          136    i.DMA2_Stream6_IRQHandler  stm32f4xx_it.o
    0x08000aec   0x00000028   Code   RO         1963    i.DMA_SetConfig     stm32f4xx_hal_dma.o
    0x08000b14   0x0000000c   Code   RO          772    i.Desarme_Tempo_USCapteur  tempo.o
    0x08000b20   0x00000006   Code   RO          137    i.EXTI4_IRQHandler  stm32f4xx_it.o
    0x08000b26   0x00000002   PAD
    0x08000b28   0x000000f4   Code   RO         1318    i.Gestion_Sauvegarde  sauve_restaure.o
    0x08000c1c   0x0000033c   Code   RO         1775    i.Guidage_Suivi_Mur  guidage.o
    0x08000f58   0x00000150   Code   RO         4087    i.HAL_ADC_ConfigChannel  stm32f4xx_hal_adc.o
    0x080010a8   0x0000002c   Code   RO          138    i.HAL_ADC_ConvCpltCallback  stm32f4xx_it.o
    0x080010d4   0x00000002   Code   RO         4089    i.HAL_ADC_ConvHalfCpltCallback  stm32f4xx_hal_adc.o
    0x080010d6   0x00000002   Code   RO         4091    i.HAL_ADC_ErrorCallback  stm32f4xx_hal_adc.o
    0x080010d8   0x00000038   Code   RO         4096    i.HAL_ADC_Init      stm32f4xx_hal_adc.o
    0x08001110   0x00000094   Code   RO          961    i.HAL_ADC_MspInit   adc.o
    0x080011a4   0x000000b0   Code   RO         4103    i.HAL_ADC_Start_DMA  stm32f4xx_hal_adc.o
    0x08001254   0x00000050   Code   RO         1964    i.HAL_DMA_Abort     stm32f4xx_hal_dma.o
    0x080012a4   0x00000f1c   Code   RO         1968    i.HAL_DMA_IRQHandler  stm32f4xx_hal_dma.o
    0x080021c0   0x00000070   Code   RO         1969    i.HAL_DMA_Init      stm32f4xx_hal_dma.o
    0x08002230   0x0000006c   Code   RO         1972    i.HAL_DMA_Start_IT  stm32f4xx_hal_dma.o
    0x0800229c   0x00000002   Code   RO          139    i.HAL_GPIO_EXTI_Callback  stm32f4xx_it.o
    0x0800229e   0x00000002   PAD
    0x080022a0   0x00000018   Code   RO         2690    i.HAL_GPIO_EXTI_IRQHandler  stm32f4xx_hal_gpio.o
    0x080022b8   0x000001d0   Code   RO         2691    i.HAL_GPIO_Init     stm32f4xx_hal_gpio.o
    0x08002488   0x0000000a   Code   RO         2693    i.HAL_GPIO_ReadPin  stm32f4xx_hal_gpio.o
    0x08002492   0x0000000a   Code   RO         2695    i.HAL_GPIO_WritePin  stm32f4xx_hal_gpio.o
    0x0800249c   0x0000000c   Code   RO         2507    i.HAL_GetTick       stm32f4xx_hal.o
    0x080024a8   0x000000e2   Code   RO         3663    i.HAL_I2C_ER_IRQHandler  stm32f4xx_hal_i2c.o
    0x0800258a   0x000001a8   Code   RO         3664    i.HAL_I2C_EV_IRQHandler  stm32f4xx_hal_i2c.o
    0x08002732   0x00000002   Code   RO          140    i.HAL_I2C_ErrorCallback  stm32f4xx_it.o
    0x08002734   0x000000f8   Code   RO         3668    i.HAL_I2C_Init      stm32f4xx_hal_i2c.o
    0x0800282c   0x00000002   Code   RO          141    i.HAL_I2C_MasterRxCpltCallback  stm32f4xx_it.o
    0x0800282e   0x00000002   Code   RO          142    i.HAL_I2C_MasterTxCpltCallback  stm32f4xx_it.o
    0x08002830   0x00000002   Code   RO         3678    i.HAL_I2C_MemRxCpltCallback  stm32f4xx_hal_i2c.o
    0x08002832   0x00000002   Code   RO         3679    i.HAL_I2C_MemTxCpltCallback  stm32f4xx_hal_i2c.o
    0x08002834   0x000000b8   Code   RO          720    i.HAL_I2C_MspInit   i2c.o
    0x080028ec   0x00000002   Code   RO         3688    i.HAL_I2C_SlaveRxCpltCallback  stm32f4xx_hal_i2c.o
    0x080028ee   0x00000002   Code   RO         3689    i.HAL_I2C_SlaveTxCpltCallback  stm32f4xx_hal_i2c.o
    0x080028f0   0x00000010   Code   RO         2508    i.HAL_IncTick       stm32f4xx_hal.o
    0x08002900   0x00000034   Code   RO         2509    i.HAL_Init          stm32f4xx_hal.o
    0x08002934   0x00000022   Code   RO         2510    i.HAL_InitTick      stm32f4xx_hal.o
    0x08002956   0x00000016   Code   RO            4    i.HAL_MspInit       stm32f4xx_hal_msp.o
    0x0800296c   0x00000018   Code   RO         1848    i.HAL_NVIC_EnableIRQ  stm32f4xx_hal_cortex.o
    0x08002984   0x00000040   Code   RO         1854    i.HAL_NVIC_SetPriority  stm32f4xx_hal_cortex.o
    0x080029c4   0x00000024   Code   RO         1855    i.HAL_NVIC_SetPriorityGrouping  stm32f4xx_hal_cortex.o
    0x080029e8   0x00000208   Code   RO         3386    i.HAL_RCC_ClockConfig  stm32f4xx_hal_rcc.o
    0x08002bf0   0x00000034   Code   RO         3391    i.HAL_RCC_GetHCLKFreq  stm32f4xx_hal_rcc.o
    0x08002c24   0x0000002c   Code   RO         3393    i.HAL_RCC_GetPCLK1Freq  stm32f4xx_hal_rcc.o
    0x08002c50   0x0000002c   Code   RO         3394    i.HAL_RCC_GetPCLK2Freq  stm32f4xx_hal_rcc.o
    0x08002c7c   0x00000074   Code   RO         3395    i.HAL_RCC_GetSysClockFreq  stm32f4xx_hal_rcc.o
    0x08002cf0   0x0000031c   Code   RO         3398    i.HAL_RCC_OscConfig  stm32f4xx_hal_rcc.o
    0x0800300c   0x00000084   Code   RO         4497    i.HAL_SPI_Init      stm32f4xx_hal_spi.o
    0x08003090   0x00000064   Code   RO         1173    i.HAL_SPI_MspInit   spi.o
    0x080030f4   0x00000018   Code   RO         1857    i.HAL_SYSTICK_CLKSourceConfig  stm32f4xx_hal_cortex.o
    0x0800310c   0x00000002   Code   RO         1858    i.HAL_SYSTICK_Callback  stm32f4xx_hal_cortex.o
    0x0800310e   0x00000028   Code   RO         1859    i.HAL_SYSTICK_Config  stm32f4xx_hal_cortex.o
    0x08003136   0x00000008   Code   RO         1860    i.HAL_SYSTICK_IRQHandler  stm32f4xx_hal_cortex.o
    0x0800313e   0x00000002   Code   RO         2255    i.HAL_TIMEx_BreakCallback  stm32f4xx_hal_tim_ex.o
    0x08003140   0x00000002   Code   RO         2256    i.HAL_TIMEx_CommutationCallback  stm32f4xx_hal_tim_ex.o
    0x08003142   0x00000050   Code   RO         2272    i.HAL_TIMEx_MasterConfigSynchronization  stm32f4xx_hal_tim_ex.o
    0x08003192   0x00000036   Code   RO         2756    i.HAL_TIM_Base_Init  stm32f4xx_hal_tim.o
    0x080031c8   0x00000174   Code   RO          465    i.HAL_TIM_Base_MspInit  tim.o
    0x0800333c   0x000000ee   Code   RO         2765    i.HAL_TIM_ConfigClockSource  stm32f4xx_hal_tim.o
    0x0800342a   0x00000010   Code   RO         2767    i.HAL_TIM_ConfigTI1Input  stm32f4xx_hal_tim.o
    0x0800343a   0x00000096   Code   RO         2774    i.HAL_TIM_Encoder_Init  stm32f4xx_hal_tim.o
    0x080034d0   0x00000002   Code   RO         2776    i.HAL_TIM_Encoder_MspInit  stm32f4xx_hal_tim.o
    0x080034d2   0x00000032   Code   RO         2777    i.HAL_TIM_Encoder_Start  stm32f4xx_hal_tim.o
    0x08003504   0x00000018   Code   RO          143    i.HAL_TIM_IC_CaptureCallback  stm32f4xx_it.o
    0x0800351c   0x0000011a   Code   RO         2786    i.HAL_TIM_IC_ConfigChannel  stm32f4xx_hal_tim.o
    0x08003636   0x00000036   Code   RO         2789    i.HAL_TIM_IC_Init   stm32f4xx_hal_tim.o
    0x0800366c   0x00000088   Code   RO          467    i.HAL_TIM_IC_MspInit  tim.o
    0x080036f4   0x0000001a   Code   RO         2792    i.HAL_TIM_IC_Start  stm32f4xx_hal_tim.o
    0x0800370e   0x0000004c   Code   RO         2794    i.HAL_TIM_IC_Start_IT  stm32f4xx_hal_tim.o
    0x0800375a   0x00000062   Code   RO         2797    i.HAL_TIM_IC_Stop_IT  stm32f4xx_hal_tim.o
    0x080037bc   0x00000166   Code   RO         2798    i.HAL_TIM_IRQHandler  stm32f4xx_hal_tim.o
    0x08003922   0x00000054   Code   RO         2799    i.HAL_TIM_OC_ConfigChannel  stm32f4xx_hal_tim.o
    0x08003976   0x00000002   PAD
    0x08003978   0x00000050   Code   RO          144    i.HAL_TIM_OC_DelayElapsedCallback  stm32f4xx_it.o
    0x080039c8   0x00000036   Code   RO         2803    i.HAL_TIM_OC_Init   stm32f4xx_hal_tim.o
    0x080039fe   0x00000002   Code   RO         2805    i.HAL_TIM_OC_MspInit  stm32f4xx_hal_tim.o
    0x08003a00   0x0000006c   Code   RO         2808    i.HAL_TIM_OC_Start_IT  stm32f4xx_hal_tim.o
    0x08003a6c   0x0000008c   Code   RO         2811    i.HAL_TIM_OC_Stop_IT  stm32f4xx_hal_tim.o
    0x08003af8   0x000000ce   Code   RO         2822    i.HAL_TIM_PWM_ConfigChannel  stm32f4xx_hal_tim.o
    0x08003bc6   0x00000036   Code   RO         2825    i.HAL_TIM_PWM_Init  stm32f4xx_hal_tim.o
    0x08003bfc   0x00000002   Code   RO         2827    i.HAL_TIM_PWM_MspInit  stm32f4xx_hal_tim.o
    0x08003bfe   0x00000002   Code   RO         2828    i.HAL_TIM_PWM_PulseFinishedCallback  stm32f4xx_hal_tim.o
    0x08003c00   0x00000038   Code   RO         2829    i.HAL_TIM_PWM_Start  stm32f4xx_hal_tim.o
    0x08003c38   0x00000002   Code   RO          145    i.HAL_TIM_PeriodElapsedCallback  stm32f4xx_it.o
    0x08003c3a   0x00000042   Code   RO         2837    i.HAL_TIM_SlaveConfigSynchronization  stm32f4xx_hal_tim.o
    0x08003c7c   0x00000002   Code   RO         2839    i.HAL_TIM_TriggerCallback  stm32f4xx_hal_tim.o
    0x08003c7e   0x00000032   Code   RO         4262    i.HAL_UART_DMAStop  stm32f4xx_hal_uart.o
    0x08003cb0   0x00000002   Code   RO          146    i.HAL_UART_ErrorCallback  stm32f4xx_it.o
    0x08003cb2   0x00000006   Code   RO         4266    i.HAL_UART_GetState  stm32f4xx_hal_uart.o
    0x08003cb8   0x00000108   Code   RO         4267    i.HAL_UART_IRQHandler  stm32f4xx_hal_uart.o
    0x08003dc0   0x0000005e   Code   RO         4268    i.HAL_UART_Init     stm32f4xx_hal_uart.o
    0x08003e1e   0x00000002   PAD
    0x08003e20   0x00000148   Code   RO         1034    i.HAL_UART_MspInit  usart.o
    0x08003f68   0x00000084   Code   RO         4272    i.HAL_UART_Receive_DMA  stm32f4xx_hal_uart.o
    0x08003fec   0x00000028   Code   RO          147    i.HAL_UART_RxCpltCallback  stm32f4xx_it.o
    0x08004014   0x00000002   Code   RO          148    i.HAL_UART_RxHalfCpltCallback  stm32f4xx_it.o
    0x08004016   0x00000002   PAD
    0x08004018   0x00000094   Code   RO         4277    i.HAL_UART_Transmit_DMA  stm32f4xx_hal_uart.o
    0x080040ac   0x00000068   Code   RO         4278    i.HAL_UART_Transmit_IT  stm32f4xx_hal_uart.o
    0x08004114   0x00000014   Code   RO          149    i.HAL_UART_TxCpltCallback  stm32f4xx_it.o
    0x08004128   0x00000002   Code   RO         4280    i.HAL_UART_TxHalfCpltCallback  stm32f4xx_hal_uart.o
    0x0800412a   0x00000002   PAD
    0x0800412c   0x0000000c   Code   RO          150    i.I2C1_ER_IRQHandler  stm32f4xx_it.o
    0x08004138   0x0000000c   Code   RO          151    i.I2C1_EV_IRQHandler  stm32f4xx_it.o
    0x08004144   0x0000000c   Code   RO          152    i.I2C2_ER_IRQHandler  stm32f4xx_it.o
    0x08004150   0x0000000c   Code   RO          153    i.I2C2_EV_IRQHandler  stm32f4xx_it.o
    0x0800415c   0x00000080   Code   RO         3703    i.I2C_MasterReceive_BTF  stm32f4xx_hal_i2c.o
    0x080041dc   0x00000064   Code   RO         3704    i.I2C_MasterReceive_RXNE  stm32f4xx_hal_i2c.o
    0x08004240   0x00000050   Code   RO         1319    i.Initialise_Sauvegarde  sauve_restaure.o
    0x08004290   0x00000050   Code   RO         1517    i.Lazer_Scan_Request  rplidar.o
    0x080042e0   0x00000088   Code   RO          962    i.MX_ADC3_Init      adc.o
    0x08004368   0x0000006c   Code   RO         1148    i.MX_DMA_Init       dma.o
    0x080043d4   0x00000240   Code   RO          368    i.MX_GPIO_Init      gpio.o
    0x08004614   0x00000030   Code   RO          721    i.MX_I2C1_Init      i2c.o
    0x08004644   0x0000002c   Code   RO          722    i.MX_I2C2_Init      i2c.o
    0x08004670   0x00000038   Code   RO         1174    i.MX_SPI2_Init      spi.o
    0x080046a8   0x00000044   Code   RO          468    i.MX_TIM10_Init     tim.o
    0x080046ec   0x00000044   Code   RO          469    i.MX_TIM11_Init     tim.o
    0x08004730   0x00000048   Code   RO          470    i.MX_TIM13_Init     tim.o
    0x08004778   0x00000094   Code   RO          471    i.MX_TIM1_Init      tim.o
    0x0800480c   0x00000078   Code   RO          472    i.MX_TIM2_Init      tim.o
    0x08004884   0x00000064   Code   RO          473    i.MX_TIM3_Init      tim.o
    0x080048e8   0x00000068   Code   RO          474    i.MX_TIM4_Init      tim.o
    0x08004950   0x00000080   Code   RO          475    i.MX_TIM5_Init      tim.o
    0x080049d0   0x00000060   Code   RO          476    i.MX_TIM9_Init      tim.o
    0x08004a30   0x00000028   Code   RO         1035    i.MX_USART2_UART_Init  usart.o
    0x08004a58   0x0000002c   Code   RO         1036    i.MX_USART6_UART_Init  usart.o
    0x08004a84   0x00000040   Code   RO         1364    i.Mesure_Batterie_IT  batterie.o
    0x08004ac4   0x00000038   Code   RO         1003    i.Mesure_Temperature_IT  temperature.o
    0x08004afc   0x00000070   Code   RO          643    i.Moteur_Commande   moteurs.o
    0x08004b6c   0x00000064   Code   RO          644    i.Moteur_Consigne   moteurs.o
    0x08004bd0   0x00000054   Code   RO          645    i.Moteur_Vitesse    moteurs.o
    0x08004c24   0x00000064   Code   RO          646    i.Moteurs_Start     moteurs.o
    0x08004c88   0x00000020   Code   RO         1861    i.NVIC_SetPriority  stm32f4xx_hal_cortex.o
    0x08004ca8   0x00000014   Code   RO         1391    i.Phares_Commande   phares.o
    0x08004cbc   0x0000000c   Code   RO         1392    i.Phares_Start      phares.o
    0x08004cc8   0x00000010   Code   RO          773    i.Relance_Tempo_ASS_Vitesse  tempo.o
    0x08004cd8   0x00000010   Code   RO          775    i.Relance_Tempo_USCapteur  tempo.o
    0x08004ce8   0x00000084   Code   RO         1320    i.Restaure_Tout     sauve_restaure.o
    0x08004d6c   0x00000134   Code   RO          647    i.Robot_Commande    moteurs.o
    0x08004ea0   0x0000001e   Code   RO         1518    i.Rplidar_Calcule_ProchainDepart  rplidar.o
    0x08004ebe   0x00000002   PAD
    0x08004ec0   0x00000080   Code   RO         1519    i.Rplidar_Charge_360_Scan  rplidar.o
    0x08004f40   0x000000e0   Code   RO         1520    i.Rplidar_Gestion   rplidar.o
    0x08005020   0x000000c0   Code   RO         1521    i.Rplidar_Get_Distance  rplidar.o
    0x080050e0   0x00000064   Code   RO         1522    i.Rplidar_LireData  rplidar.o
    0x08005144   0x00000020   Code   RO         1523    i.Rplidar_Moteur    rplidar.o
    0x08005164   0x00000014   Code   RO         1524    i.Rplidar_New_Scan  rplidar.o
    0x08005178   0x000000e4   Code   RO         1525    i.Rplidar_Receive_It  rplidar.o
    0x0800525c   0x00000024   Code   RO         1526    i.Rplidar_Request   rplidar.o
    0x08005280   0x00000020   Code   RO         1527    i.Rplidar_Start     rplidar.o
    0x080052a0   0x00000074   Code   RO         1528    i.Rplidar_Transmit_It  rplidar.o
    0x08005314   0x00000030   Code   RO         1529    i.Rplidar_Verif_Response  rplidar.o
    0x08005344   0x0000006c   Code   RO         1214    i.SPI_FLASH_BufferRead  spi_flash.o
    0x080053b0   0x00000010   Code   RO         1217    i.SPI_FLASH_Init    spi_flash.o
    0x080053c0   0x0000007c   Code   RO         1218    i.SPI_FLASH_PageWrite  spi_flash.o
    0x0800543c   0x00000068   Code   RO         1219    i.SPI_FLASH_ReadID  spi_flash.o
    0x080054a4   0x0000019c   Code   RO         1220    i.SPI_FLASH_Receive  spi_flash.o
    0x08005640   0x0000005c   Code   RO         1222    i.SPI_FLASH_SubSectorErase  spi_flash.o
    0x0800569c   0x0000005c   Code   RO         1223    i.SPI_FLASH_TestForWriteEnd  spi_flash.o
    0x080056f8   0x000000e8   Code   RO         1224    i.SPI_FLASH_Transmit  spi_flash.o
    0x080057e0   0x00000058   Code   RO         1225    i.SPI_FLASH_WaitForWriteEnd  spi_flash.o
    0x08005838   0x00000040   Code   RO         1226    i.SPI_FLASH_WriteEnable  spi_flash.o
    0x08005878   0x00000094   Code   RO         1227    i.SPI_WaitOnFlagUntilTimeout  spi_flash.o
    0x0800590c   0x00000014   Code   RO         1321    i.Sauvegarde_Tout_Request  sauve_restaure.o
    0x08005920   0x00000058   Code   RO          648    i.Servo_Position    moteurs.o
    0x08005978   0x0000001c   Code   RO          649    i.Servos_Start_PWM  moteurs.o
    0x08005994   0x0000000e   Code   RO          154    i.SysTick_Handler   stm32f4xx_it.o
    0x080059a2   0x00000002   PAD
    0x080059a4   0x00000088   Code   RO          395    i.SystemClock_Config  main.o
    0x08005a2c   0x00000054   Code   RO         1810    i.SystemInit        system_stm32f4xx.o
    0x08005a80   0x0000000c   Code   RO          155    i.TIM1_CC_IRQHandler  stm32f4xx_it.o
    0x08005a8c   0x0000000c   Code   RO          156    i.TIM2_IRQHandler   stm32f4xx_it.o
    0x08005a98   0x0000000c   Code   RO          157    i.TIM5_IRQHandler   stm32f4xx_it.o
    0x08005aa4   0x000000c0   Code   RO         2840    i.TIM_Base_SetConfig  stm32f4xx_hal_tim.o
    0x08005b64   0x00000016   Code   RO         2841    i.TIM_CCxChannelCmd  stm32f4xx_hal_tim.o
    0x08005b7a   0x00000014   Code   RO         2847    i.TIM_ETR_SetConfig  stm32f4xx_hal_tim.o
    0x08005b8e   0x00000010   Code   RO         2848    i.TIM_ITRx_SetConfig  stm32f4xx_hal_tim.o
    0x08005b9e   0x00000002   PAD
    0x08005ba0   0x00000058   Code   RO         2849    i.TIM_OC1_SetConfig  stm32f4xx_hal_tim.o
    0x08005bf8   0x00000064   Code   RO         2850    i.TIM_OC2_SetConfig  stm32f4xx_hal_tim.o
    0x08005c5c   0x00000060   Code   RO         2851    i.TIM_OC3_SetConfig  stm32f4xx_hal_tim.o
    0x08005cbc   0x00000050   Code   RO         2852    i.TIM_OC4_SetConfig  stm32f4xx_hal_tim.o
    0x08005d0c   0x0000007c   Code   RO         2853    i.TIM_SlaveTimer_SetConfig  stm32f4xx_hal_tim.o
    0x08005d88   0x00000022   Code   RO         2854    i.TIM_TI1_ConfigInputStage  stm32f4xx_hal_tim.o
    0x08005daa   0x00000002   PAD
    0x08005dac   0x00000084   Code   RO         2855    i.TIM_TI1_SetConfig  stm32f4xx_hal_tim.o
    0x08005e30   0x00000024   Code   RO         2856    i.TIM_TI2_ConfigInputStage  stm32f4xx_hal_tim.o
    0x08005e54   0x00000036   Code   RO         2857    i.TIM_TI2_SetConfig  stm32f4xx_hal_tim.o
    0x08005e8a   0x00000002   PAD
    0x08005e8c   0x0000001c   Code   RO          566    i.TestCollisionArriere  us_capteur.o
    0x08005ea8   0x0000001c   Code   RO          567    i.TestCollisionAvant  us_capteur.o
    0x08005ec4   0x0000001e   Code   RO         4281    i.UART_DMAError     stm32f4xx_hal_uart.o
    0x08005ee2   0x00000034   Code   RO         4282    i.UART_DMAReceiveCplt  stm32f4xx_hal_uart.o
    0x08005f16   0x0000000a   Code   RO         4283    i.UART_DMARxHalfCplt  stm32f4xx_hal_uart.o
    0x08005f20   0x0000002e   Code   RO         4284    i.UART_DMATransmitCplt  stm32f4xx_hal_uart.o
    0x08005f4e   0x0000000a   Code   RO         4285    i.UART_DMATxHalfCplt  stm32f4xx_hal_uart.o
    0x08005f58   0x000000a6   Code   RO         4286    i.UART_Receive_IT   stm32f4xx_hal_uart.o
    0x08005ffe   0x00000002   PAD
    0x08006000   0x000001ac   Code   RO         4287    i.UART_SetConfig    stm32f4xx_hal_uart.o
    0x080061ac   0x00000066   Code   RO         4288    i.UART_Transmit_IT  stm32f4xx_hal_uart.o
    0x08006212   0x00000002   PAD
    0x08006214   0x0000000c   Code   RO          158    i.USART2_IRQHandler  stm32f4xx_it.o
    0x08006220   0x0000000c   Code   RO          159    i.USART6_IRQHandler  stm32f4xx_it.o
    0x0800622c   0x0000007c   Code   RO          568    i.Us_GestionMesure_IT  us_capteur.o
    0x080062a8   0x0000009c   Code   RO          569    i.Us_GestionTrigger_IT  us_capteur.o
    0x08006344   0x00000030   Code   RO          570    i.Us_LireDistance   us_capteur.o
    0x08006374   0x00000030   Code   RO          571    i.Us_MarcheArretGeneral  us_capteur.o
    0x080063a4   0x00000018   Code   RO          573    i.Us_SelectInterrogation  us_capteur.o
    0x080063bc   0x00000020   Code   RO         1429    i.WifiCom_Communication_Start  wificom.o
    0x080063dc   0x00000170   Code   RO         1430    i.WifiCom_Gestion   wificom.o
    0x0800654c   0x000001b4   Code   RO         1431    i.WifiCom_Lire_Data  wificom.o
    0x08006700   0x00000024   Code   RO         1432    i.WifiCom_Receive_It  wificom.o
    0x08006724   0x00000020   Code   RO         1433    i.WifiCom_Reception  wificom.o
    0x08006744   0x0000007c   Code   RO         1434    i.WifiCom_Transmit_NextPacket  wificom.o
    0x080067c0   0x0000016c   Code   RO         1435    i.WifiCom_Transmit_Reglage  wificom.o
    0x0800692c   0x00000070   Code   RO         1436    i.WifiCom_Transmit_Service  wificom.o
    0x0800699c   0x00000024   Code   RO         1437    i.WifiCom_Transmit_Transport  wificom.o
    0x080069c0   0x00000030   Code   RO         4857    i.__ARM_fpclassify  m_wm.l(fpclassify.o)
    0x080069f0   0x000000d8   Code   RO         4749    i.__hardfp_cos      m_wm.l(cos.o)
    0x08006ac8   0x00000458   Code   RO         4808    i.__ieee754_rem_pio2  m_wm.l(rred.o)
    0x08006f20   0x00000170   Code   RO         4798    i.__kernel_cos      m_wm.l(cos_i.o)
    0x08007090   0x000000f8   Code   RO         4859    i.__kernel_poly     m_wm.l(poly.o)
    0x08007188   0x00000130   Code   RO         4813    i.__kernel_sin      m_wm.l(sin_i.o)
    0x080072b8   0x00000020   Code   RO         4855    i.__mathlib_dbl_underflow  m_wm.l(dunder.o)
    0x080072d8   0x0000000e   Code   RO         4873    i.__scatterload_copy  mc_w.l(handlers.o)
    0x080072e6   0x00000002   Code   RO         4874    i.__scatterload_null  mc_w.l(handlers.o)
    0x080072e8   0x0000000e   Code   RO         4875    i.__scatterload_zeroinit  mc_w.l(handlers.o)
    0x080072f6   0x00000002   PAD
    0x080072f8   0x0000000c   Code   RO         4839    i.__set_errno       mc_w.l(errno.o)
    0x08007304   0x00000020   Code   RO         4803    i.fabs              m_wm.l(fabs.o)
    0x08007324   0x0000014c   Code   RO          396    i.main              main.o
    0x08007470   0x00000020   Data   RO          650    .constdata          moteurs.o
    0x08007490   0x00000010   Data   RO         3399    .constdata          stm32f4xx_hal_rcc.o
    0x080074a0   0x00000030   Data   RO         4799    .constdata          m_wm.l(cos_i.o)
    0x080074d0   0x000000c8   Data   RO         4810    .constdata          m_wm.l(rred.o)
    0x08007598   0x00000028   Data   RO         4814    .constdata          m_wm.l(sin_i.o)
    0x080075c0   0x00000020   Data   RO         4871    Region$$Table       anon$$obj.o


    Execution Region RW_IRAM1 (Base: 0x20000000, Size: 0x000021e0, Max: 0x00020000, ABSOLUTE, COMPRESSED[0x0000006c])

    Base Addr    Size         Type   Attr      Idx    E Section Name        Object

    0x20000000   0x00000002   Data   RW          397    .data               main.o
    0x20000002   0x00000036   Data   RW          574    .data               us_capteur.o
    0x20000038   0x00000040   Data   RW          651    .data               moteurs.o
    0x20000078   0x00000008   Data   RW          652    .data               moteurs.o
    0x20000080   0x00000008   Data   RW          653    .data               moteurs.o
    0x20000088   0x00000008   Data   RW         1004    .data               temperature.o
    0x20000090   0x0000003c   Data   RW         1088    .data               hmc5883l.o
    0x200000cc   0x00000003   Data   RW         1322    .data               sauve_restaure.o
    0x200000cf   0x00000001   PAD
    0x200000d0   0x00000008   Data   RW         1365    .data               batterie.o
    0x200000d8   0x00000002   Data   RW         1393    .data               phares.o
    0x200000da   0x00000002   PAD
    0x200000dc   0x00000104   Data   RW         1439    .data               wificom.o
    0x200001e0   0x00000023   Data   RW         1531    .data               rplidar.o
    0x20000203   0x00000001   PAD
    0x20000204   0x0000006c   Data   RW         1776    .data               guidage.o
    0x20000270   0x00000004   Data   RW         1812    .data               system_stm32f4xx.o
    0x20000274   0x00000004   Data   RW         2515    .data               stm32f4xx_hal.o
    0x20000278   0x00000004   Data   RW         4840    .data               mc_w.l(errno.o)
    0x2000027c   0x0000021c   Zero   RW          477    .bss                tim.o
    0x20000498   0x00000078   Zero   RW          723    .bss                i2c.o
    0x20000510   0x00000014   Zero   RW          963    .bss                adc.o
    0x20000524   0x00000094   Zero   RW          964    .bss                adc.o
    0x200005b8   0x00000170   Zero   RW         1037    .bss                usart.o
    0x20000728   0x00000058   Zero   RW         1175    .bss                spi.o
    0x20000780   0x00000294   Zero   RW         1438    .bss                wificom.o
    0x20000a14   0x000013c8   Zero   RW         1530    .bss                rplidar.o
    0x20001ddc   0x00000004   PAD
    0x20001de0   0x00000400   Zero   RW         4730    STACK               startup_stm32f407xx.o


==============================================================================

Image component sizes


      Code (inc. data)   RO Data    RW Data    ZI Data      Debug   Object Name

       284         34          0          0        168       1791   adc.o
        64          8          0          8          0        778   batterie.o
         0          0          0          0          0       3248   boutons.o
       108          4          0          0          0        838   dma.o
       576         36          0          0          0       1299   gpio.o
       828         38          0        108          0       3196   guidage.o
         0          0          0         60          0       3787   hmc5883l.o
       276         44          0          0        120       2146   i2c.o
       468         50          0          2          0       2659   main.o
      1024        102         32         80          0       9175   moteurs.o
        32         12          0          2          0       1136   phares.o
      1358        114          0         35       5064      15546   rplidar.o
       476         68          0          3          0       4453   sauve_restaure.o
       156         26          0          0         88       1585   spi.o
      1480         70          0          0          0       8269   spi_flash.o
        36          8        392          0       1024        928   startup_stm32f407xx.o
       114         16          0          4          0       3622   stm32f4xx_hal.o
       938         50          0          0          0       6242   stm32f4xx_hal_adc.o
       230         24          0          0          0      31661   stm32f4xx_hal_cortex.o
      4208         56          0          0          0       4863   stm32f4xx_hal_dma.o
       508         56          0          0          0       3586   stm32f4xx_hal_gpio.o
      1134          8          0          0          0       7939   stm32f4xx_hal_i2c.o
        22          0          0          0          0     381650   stm32f4xx_hal_msp.o
      1572         72         16          0          0       6055   stm32f4xx_hal_rcc.o
       132          0          0          0          0       1163   stm32f4xx_hal_spi.o
      3174        144          0          0          0      26604   stm32f4xx_hal_tim.o
        84          0          0          0          0       2406   stm32f4xx_hal_tim_ex.o
      1644         38          0          0          0      11605   stm32f4xx_hal_uart.o
       398        108          0          0          0      19531   stm32f4xx_it.o
        84         18          0          4          0       1373   system_stm32f4xx.o
        56         10          0          8          0        841   temperature.o
        92         24          0          0          0       2396   tempo.o
      1412        140          0          0        540       7953   tim.o
       456         48          0         54          0       7596   us_capteur.o
       412         48          0          0        368       2436   usart.o
      1566        248          0        260        660       8802   wificom.o

    ----------------------------------------------------------------------
     25430       1722        472        632       8036     599158   Object Totals
         0          0         32          0          0          0   (incl. Generated)
        28          0          0          4          4          0   (incl. Padding)

    ----------------------------------------------------------------------

      Code (inc. data)   RO Data    RW Data    ZI Data      Debug   Library Member Name

       216         16          0          0          0        152   cos.o
       368         46         48          0          0        200   cos_i.o
        32          8          0          0          0        124   dunder.o
        32          0          0          0          0        124   fabs.o
        48          0          0          0          0        124   fpclassify.o
       248          0          0          0          0        152   poly.o
      1112        140        200          0          0        188   rred.o
       304         24         40          0          0        208   sin_i.o
        92          0          0          0          0          0   __dczerorl2.o
         0          0          0          0          0          0   entry.o
         0          0          0          0          0          0   entry10a.o
         0          0          0          0          0          0   entry11a.o
         8          4          0          0          0          0   entry2.o
         4          0          0          0          0          0   entry5.o
         0          0          0          0          0          0   entry7b.o
         0          0          0          0          0          0   entry8b.o
         8          4          0          0          0          0   entry9a.o
        12          6          0          4          0         68   errno.o
        30          0          0          0          0          0   handlers.o
        36          8          0          0          0         68   init.o
         0          0          0          0          0          0   iusefp.o
        30          0          0          0          0         68   llshl.o
        36          0          0          0          0         68   llsshr.o
        32          0          0          0          0         68   llushr.o
        36          0          0          0          0         68   memcpya.o
        56          0          0          0          0         88   d2f.o
       334          0          0          0          0        148   dadd.o
       222          0          0          0          0        100   ddiv.o
       190          0          0          0          0        176   depilogue.o
        62          0          0          0          0         80   dfixi.o
        34          0          0          0          0         76   dflti.o
        26          0          0          0          0         76   dfltui.o
       228          0          0          0          0         96   dmul.o
        38          0          0          0          0         68   f2d.o
       108          0          0          0          0        168   fepilogue.o

    ----------------------------------------------------------------------
      3986        256        288          4          0       2756   Library Totals
         4          0          0          0          0          0   (incl. Padding)

    ----------------------------------------------------------------------

      Code (inc. data)   RO Data    RW Data    ZI Data      Debug   Library Name

      2360        234        288          0          0       1272   m_wm.l
       324         22          0          4          0        408   mc_w.l
      1298          0          0          0          0       1076   mf_w.l

    ----------------------------------------------------------------------
      3986        256        288          4          0       2756   Library Totals

    ----------------------------------------------------------------------

==============================================================================


      Code (inc. data)   RO Data    RW Data    ZI Data      Debug   

     29416       1978        760        636       8036     579238   Grand Totals
     29416       1978        760        108       8036     579238   ELF Image Totals (compressed)
     29416       1978        760        108          0          0   ROM Totals

==============================================================================

    Total RO  Size (Code + RO Data)                30176 (  29.47kB)
    Total RW  Size (RW Data + ZI Data)              8672 (   8.47kB)
    Total ROM Size (Code + RO Data + RW Data)      30284 (  29.57kB)

==============================================================================

