Archive member included to satisfy reference by file (symbol)

d:/ac6/systemworkbench/plugins/fr.ac6.mcu.externaltools.arm-none.win32_1.7.0.201602121829/tools/compiler/bin/../lib/gcc/arm-none-eabi/5.2.1/armv7e-m/fpu\libgcc.a(_arm_addsubdf3.o)
                              ./Application/User/Guidage.o (__aeabi_dsub)
d:/ac6/systemworkbench/plugins/fr.ac6.mcu.externaltools.arm-none.win32_1.7.0.201602121829/tools/compiler/bin/../lib/gcc/arm-none-eabi/5.2.1/armv7e-m/fpu\libgcc.a(_arm_muldivdf3.o)
                              ./Application/User/MPU6050.o (__aeabi_dmul)
d:/ac6/systemworkbench/plugins/fr.ac6.mcu.externaltools.arm-none.win32_1.7.0.201602121829/tools/compiler/bin/../lib/gcc/arm-none-eabi/5.2.1/armv7e-m/fpu\libgcc.a(_arm_truncdfsf2.o)
                              ./Application/User/Guidage.o (__aeabi_d2f)
d:/ac6/systemworkbench/plugins/fr.ac6.mcu.externaltools.arm-none.win32_1.7.0.201602121829/tools/compiler/bin/../lib/gcc/arm-none-eabi/5.2.1/../../../../arm-none-eabi/lib/armv7e-m/fpu\libc_nano.a(lib_a-exit.o)
                              d:/ac6/systemworkbench/plugins/fr.ac6.mcu.externaltools.arm-none.win32_1.7.0.201602121829/tools/compiler/bin/../lib/gcc/arm-none-eabi/5.2.1/../../../../arm-none-eabi/lib/armv7e-m/fpu/crt0.o (exit)
d:/ac6/systemworkbench/plugins/fr.ac6.mcu.externaltools.arm-none.win32_1.7.0.201602121829/tools/compiler/bin/../lib/gcc/arm-none-eabi/5.2.1/../../../../arm-none-eabi/lib/armv7e-m/fpu\libc_nano.a(lib_a-impure.o)
                              d:/ac6/systemworkbench/plugins/fr.ac6.mcu.externaltools.arm-none.win32_1.7.0.201602121829/tools/compiler/bin/../lib/gcc/arm-none-eabi/5.2.1/../../../../arm-none-eabi/lib/armv7e-m/fpu\libc_nano.a(lib_a-exit.o) (_global_impure_ptr)
d:/ac6/systemworkbench/plugins/fr.ac6.mcu.externaltools.arm-none.win32_1.7.0.201602121829/tools/compiler/bin/../lib/gcc/arm-none-eabi/5.2.1/../../../../arm-none-eabi/lib/armv7e-m/fpu\libc_nano.a(lib_a-init.o)
                              d:/ac6/systemworkbench/plugins/fr.ac6.mcu.externaltools.arm-none.win32_1.7.0.201602121829/tools/compiler/bin/../lib/gcc/arm-none-eabi/5.2.1/../../../../arm-none-eabi/lib/armv7e-m/fpu/crt0.o (__libc_init_array)
d:/ac6/systemworkbench/plugins/fr.ac6.mcu.externaltools.arm-none.win32_1.7.0.201602121829/tools/compiler/bin/../lib/gcc/arm-none-eabi/5.2.1/../../../../arm-none-eabi/lib/armv7e-m/fpu\libc_nano.a(lib_a-memcpy-stub.o)
                              ./Application/User/WifiCom.o (memcpy)
d:/ac6/systemworkbench/plugins/fr.ac6.mcu.externaltools.arm-none.win32_1.7.0.201602121829/tools/compiler/bin/../lib/gcc/arm-none-eabi/5.2.1/../../../../arm-none-eabi/lib/armv7e-m/fpu\libc_nano.a(lib_a-memset.o)
                              d:/ac6/systemworkbench/plugins/fr.ac6.mcu.externaltools.arm-none.win32_1.7.0.201602121829/tools/compiler/bin/../lib/gcc/arm-none-eabi/5.2.1/../../../../arm-none-eabi/lib/armv7e-m/fpu/crt0.o (memset)
d:/ac6/systemworkbench/plugins/fr.ac6.mcu.externaltools.arm-none.win32_1.7.0.201602121829/tools/compiler/bin/../lib/gcc/arm-none-eabi/5.2.1/../../../../arm-none-eabi/lib/armv7e-m/fpu\libnosys.a(_exit.o)
                              d:/ac6/systemworkbench/plugins/fr.ac6.mcu.externaltools.arm-none.win32_1.7.0.201602121829/tools/compiler/bin/../lib/gcc/arm-none-eabi/5.2.1/../../../../arm-none-eabi/lib/armv7e-m/fpu\libc_nano.a(lib_a-exit.o) (_exit)
d:/ac6/systemworkbench/plugins/fr.ac6.mcu.externaltools.arm-none.win32_1.7.0.201602121829/tools/compiler/bin/../lib/gcc/arm-none-eabi/5.2.1/../../../../arm-none-eabi/lib/armv7e-m/fpu\libm.a(lib_a-s_cos.o)
                              ./Application/User/Guidage.o (cos)
d:/ac6/systemworkbench/plugins/fr.ac6.mcu.externaltools.arm-none.win32_1.7.0.201602121829/tools/compiler/bin/../lib/gcc/arm-none-eabi/5.2.1/../../../../arm-none-eabi/lib/armv7e-m/fpu\libm.a(lib_a-s_fmax.o)
                              ./Application/User/HMC5883L.o (fmax)
d:/ac6/systemworkbench/plugins/fr.ac6.mcu.externaltools.arm-none.win32_1.7.0.201602121829/tools/compiler/bin/../lib/gcc/arm-none-eabi/5.2.1/../../../../arm-none-eabi/lib/armv7e-m/fpu\libm.a(lib_a-s_fmin.o)
                              ./Application/User/HMC5883L.o (fmin)
d:/ac6/systemworkbench/plugins/fr.ac6.mcu.externaltools.arm-none.win32_1.7.0.201602121829/tools/compiler/bin/../lib/gcc/arm-none-eabi/5.2.1/../../../../arm-none-eabi/lib/armv7e-m/fpu\libm.a(lib_a-s_fpclassify.o)
                              d:/ac6/systemworkbench/plugins/fr.ac6.mcu.externaltools.arm-none.win32_1.7.0.201602121829/tools/compiler/bin/../lib/gcc/arm-none-eabi/5.2.1/../../../../arm-none-eabi/lib/armv7e-m/fpu\libm.a(lib_a-s_fmax.o) (__fpclassifyd)
d:/ac6/systemworkbench/plugins/fr.ac6.mcu.externaltools.arm-none.win32_1.7.0.201602121829/tools/compiler/bin/../lib/gcc/arm-none-eabi/5.2.1/../../../../arm-none-eabi/lib/armv7e-m/fpu\libm.a(lib_a-w_atan2.o)
                              ./Application/User/HMC5883L.o (atan2)
[...]
Memory Configuration

Name             Origin             Length             Attributes
FLASH            0x08000000         0x00100000         xr
RAM              0x20000000         0x00020000         xrw
CCMRAM           0x10000000         0x00010000         rw
*default*        0x00000000         0xffffffff

Linker script and memory map

LOAD d:/ac6/systemworkbench/plugins/fr.ac6.mcu.externaltools.arm-none.win32_1.7.0.201602121829/tools/compiler/bin/../lib/gcc/arm-none-eabi/5.2.1/armv7e-m/fpu/crti.o
LOAD d:/ac6/systemworkbench/plugins/fr.ac6.mcu.externaltools.arm-none.win32_1.7.0.201602121829/tools/compiler/bin/../lib/gcc/arm-none-eabi/5.2.1/armv7e-m/fpu/crtbegin.o
LOAD d:/ac6/systemworkbench/plugins/fr.ac6.mcu.externaltools.arm-none.win32_1.7.0.201602121829/tools/compiler/bin/../lib/gcc/arm-none-eabi/5.2.1/../../../../arm-none-eabi/lib/armv7e-m/fpu/crt0.o
LOAD d:/ac6/systemworkbench/plugins/fr.ac6.mcu.externaltools.arm-none.win32_1.7.0.201602121829/tools/compiler/bin/../lib/gcc/arm-none-eabi/5.2.1/../../../../arm-none-eabi/lib/armv7e-m/fpu\libm.a
LOAD ./Drivers/STM32F4xx_HAL_Driver/stm32f4xx_hal.o
LOAD ./Drivers/STM32F4xx_HAL_Driver/stm32f4xx_hal_adc.o
LOAD ./Drivers/STM32F4xx_HAL_Driver/stm32f4xx_hal_adc_ex.o
LOAD ./Drivers/STM32F4xx_HAL_Driver/stm32f4xx_hal_cortex.o
LOAD ./Drivers/STM32F4xx_HAL_Driver/stm32f4xx_hal_dma.o
LOAD ./Drivers/STM32F4xx_HAL_Driver/stm32f4xx_hal_dma_ex.o
LOAD ./Drivers/STM32F4xx_HAL_Driver/stm32f4xx_hal_flash.o
LOAD ./Drivers/STM32F4xx_HAL_Driver/stm32f4xx_hal_flash_ex.o
LOAD ./Drivers/STM32F4xx_HAL_Driver/stm32f4xx_hal_flash_ramfunc.o
LOAD ./Drivers/STM32F4xx_HAL_Driver/stm32f4xx_hal_gpio.o
LOAD ./Drivers/STM32F4xx_HAL_Driver/stm32f4xx_hal_i2c.o
LOAD ./Drivers/STM32F4xx_HAL_Driver/stm32f4xx_hal_i2c_ex.o
LOAD ./Drivers/STM32F4xx_HAL_Driver/stm32f4xx_hal_pwr.o
LOAD ./Drivers/STM32F4xx_HAL_Driver/stm32f4xx_hal_pwr_ex.o
LOAD ./Drivers/STM32F4xx_HAL_Driver/stm32f4xx_hal_rcc.o
LOAD ./Drivers/STM32F4xx_HAL_Driver/stm32f4xx_hal_rcc_ex.o
LOAD ./Drivers/STM32F4xx_HAL_Driver/stm32f4xx_hal_spi.o
LOAD ./Drivers/STM32F4xx_HAL_Driver/stm32f4xx_hal_tim.o
LOAD ./Drivers/STM32F4xx_HAL_Driver/stm32f4xx_hal_tim_ex.o
LOAD ./Drivers/STM32F4xx_HAL_Driver/stm32f4xx_hal_uart.o
LOAD ./Drivers/CMSIS/system_stm32f4xx.o
LOAD ./Application/User/Batterie.o
LOAD ./Application/User/Boutons.o
LOAD ./Application/User/Guidage.o
LOAD ./Application/User/HMC5883L.o
LOAD ./Application/User/Kalman.o
LOAD ./Application/User/LCD16x2.o
LOAD ./Application/User/MPU6050.o
LOAD ./Application/User/Moteurs.o
LOAD ./Application/User/Phares.o
LOAD ./Application/User/Rplidar.o
LOAD ./Application/User/Sauve_Restaure.o
LOAD ./Application/User/Temperature.o
LOAD ./Application/User/Tempo.o
LOAD ./Application/User/US_Capteur.o
LOAD ./Application/User/WifiCom.o
LOAD ./Application/User/adc.o
LOAD ./Application/User/dma.o
LOAD ./Application/User/gpio.o
LOAD ./Application/User/i2c.o
LOAD ./Application/User/main.o
LOAD ./Application/User/spi.o
LOAD ./Application/User/spi_flash.o
LOAD ./Application/User/stm32f4xx_hal_msp.o
LOAD ./Application/User/stm32f4xx_it.o
LOAD ./Application/User/tim.o
LOAD ./Application/User/usart.o
LOAD ./Application/SW4STM32/startup_stm32f407xx.o
START GROUP
LOAD d:/ac6/systemworkbench/plugins/fr.ac6.mcu.externaltools.arm-none.win32_1.7.0.201602121829/tools/compiler/bin/../lib/gcc/arm-none-eabi/5.2.1/armv7e-m/fpu\libgcc.a
LOAD d:/ac6/systemworkbench/plugins/fr.ac6.mcu.externaltools.arm-none.win32_1.7.0.201602121829/tools/compiler/bin/../lib/gcc/arm-none-eabi/5.2.1/../../../../arm-none-eabi/lib/armv7e-m/fpu\libc_nano.a
END GROUP
START GROUP
LOAD d:/ac6/systemworkbench/plugins/fr.ac6.mcu.externaltools.arm-none.win32_1.7.0.201602121829/tools/compiler/bin/../lib/gcc/arm-none-eabi/5.2.1/armv7e-m/fpu\libgcc.a
LOAD d:/ac6/systemworkbench/plugins/fr.ac6.mcu.externaltools.arm-none.win32_1.7.0.201602121829/tools/compiler/bin/../lib/gcc/arm-none-eabi/5.2.1/../../../../arm-none-eabi/lib/armv7e-m/fpu\libc_nano.a
LOAD d:/ac6/systemworkbench/plugins/fr.ac6.mcu.externaltools.arm-none.win32_1.7.0.201602121829/tools/compiler/bin/../lib/gcc/arm-none-eabi/5.2.1/../../../../arm-none-eabi/lib/armv7e-m/fpu\libnosys.a
END GROUP
START GROUP
LOAD d:/ac6/systemworkbench/plugins/fr.ac6.mcu.externaltools.arm-none.win32_1.7.0.201602121829/tools/compiler/bin/../lib/gcc/arm-none-eabi/5.2.1/armv7e-m/fpu\libgcc.a
LOAD d:/ac6/systemworkbench/plugins/fr.ac6.mcu.externaltools.arm-none.win32_1.7.0.201602121829/tools/compiler/bin/../lib/gcc/arm-none-eabi/5.2.1/../../../../arm-none-eabi/lib/armv7e-m/fpu\libc_nano.a
LOAD d:/ac6/systemworkbench/plugins/fr.ac6.mcu.externaltools.arm-none.win32_1.7.0.201602121829/tools/compiler/bin/../lib/gcc/arm-none-eabi/5.2.1/../../../../arm-none-eabi/lib/armv7e-m/fpu\libnosys.a
END GROUP
LOAD d:/ac6/systemworkbench/plugins/fr.ac6.mcu.externaltools.arm-none.win32_1.7.0.201602121829/tools/compiler/bin/../lib/gcc/arm-none-eabi/5.2.1/armv7e-m/fpu/crtend.o
LOAD d:/ac6/systemworkbench/plugins/fr.ac6.mcu.externaltools.arm-none.win32_1.7.0.201602121829/tools/compiler/bin/../lib/gcc/arm-none-eabi/5.2.1/armv7e-m/fpu/crtn.o
                0x20020000                _estack = 0x20020000
                0x00000000                _Min_Heap_Size = 0x0
                0x00000000                _Min_Stack_Size = 0x0

.isr_vector     0x08000000      0x188
                0x08000000                . = ALIGN (0x4)
 *(.isr_vector)
 .isr_vector    0x08000000      0x188 ./Application/SW4STM32/startup_stm32f407xx.o
                0x08000000                g_pfnVectors
                0x08000188                . = ALIGN (0x4)

.text           0x08000188     0x8908
                0x08000188                . = ALIGN (0x4)
 *(.text)
 .text          0x08000188       0xa4 d:/ac6/systemworkbench/plugins/fr.ac6.mcu.externaltools.arm-none.win32_1.7.0.201602121829/tools/compiler/bin/../lib/gcc/arm-none-eabi/5.2.1/armv7e-m/fpu/crtbegin.o
 .text          0x0800022c      0x370 d:/ac6/systemworkbench/plugins/fr.ac6.mcu.externaltools.arm-none.win32_1.7.0.201602121829/tools/compiler/bin/../lib/gcc/arm-none-eabi/5.2.1/armv7e-m/fpu\libgcc.a(_arm_addsubdf3.o)
                0x0800022c                __aeabi_drsub
                0x08000234                __aeabi_dsub
                0x08000234                __subdf3
                0x08000238                __aeabi_dadd
                0x08000238                __adddf3
                0x080004b0                __floatunsidf
                0x080004b0                __aeabi_ui2d
                0x080004d0                __floatsidf
                0x080004d0                __aeabi_i2d
                0x080004f4                __aeabi_f2d
                0x080004f4                __extendsfdf2
                0x08000530                __floatundidf
                0x08000530                __aeabi_ul2d
                0x08000540                __floatdidf
                0x08000540                __aeabi_l2d
 .text          0x0800059c      0x424 d:/ac6/systemworkbench/plugins/fr.ac6.mcu.externaltools.arm-none.win32_1.7.0.201602121829/tools/compiler/bin/../lib/gcc/arm-none-eabi/5.2.1/armv7e-m/fpu\libgcc.a(_arm_muldivdf3.o)
                0x0800059c                __aeabi_dmul
                0x0800059c                __muldf3
                0x080007f0                __divdf3
                0x080007f0                __aeabi_ddiv
 .text          0x080009c0       0xa0 d:/ac6/systemworkbench/plugins/fr.ac6.mcu.externaltools.arm-none.win32_1.7.0.201602121829/tools/compiler/bin/../lib/gcc/arm-none-eabi/5.2.1/armv7e-m/fpu\libgcc.a(_arm_truncdfsf2.o)
                0x080009c0                __truncdfsf2
                0x080009c0                __aeabi_d2f
 .text          0x08000a60      0x110 d:/ac6/systemworkbench/plugins/fr.ac6.mcu.externaltools.arm-none.win32_1.7.0.201602121829/tools/compiler/bin/../lib/gcc/arm-none-eabi/5.2.1/armv7e-m/fpu\libgcc.a(_arm_cmpdf2.o)
                0x08000a60                __gtdf2
                0x08000a60                __gedf2
                0x08000a68                __ltdf2
                0x08000a68                __ledf2
                0x08000a70                __nedf2
                0x08000a70                __eqdf2
                0x08000a70                __cmpdf2
                0x08000aec                __aeabi_cdrcmple
                0x08000afc                __aeabi_cdcmpeq
                0x08000afc                __aeabi_cdcmple
                0x08000b0c                __aeabi_dcmpeq
                0x08000b20                __aeabi_dcmplt
                0x08000b34                __aeabi_dcmple
                0x08000b48                __aeabi_dcmpge
                0x08000b5c                __aeabi_dcmpgt
 .text          0x08000b70       0x50 d:/ac6/systemworkbench/plugins/fr.ac6.mcu.externaltools.arm-none.win32_1.7.0.201602121829/tools/compiler/bin/../lib/gcc/arm-none-eabi/5.2.1/armv7e-m/fpu\libgcc.a(_arm_fixdfsi.o)
                0x08000b70                __aeabi_d2iz
                0x08000b70                __fixdfsi
 *(.text*)
 .text.HAL_InitTick
                0x08000bc0       0x24 ./Drivers/STM32F4xx_HAL_Driver/stm32f4xx_hal.o
                0x08000bc0                HAL_InitTick
 .text.HAL_Init
                0x08000be4       0x34 ./Drivers/STM32F4xx_HAL_Driver/stm32f4xx_hal.o
                0x08000be4                HAL_Init
 .text.HAL_IncTick
                0x08000c18       0x10 ./Drivers/STM32F4xx_HAL_Driver/stm32f4xx_hal.o
                0x08000c18                HAL_IncTick
 .text.HAL_GetTick
                0x08000c28        0xc ./Drivers/STM32F4xx_HAL_Driver/stm32f4xx_hal.o
                0x08000c28                HAL_GetTick
 .text.HAL_ADC_Init
                0x08000c34      0x13c ./Drivers/STM32F4xx_HAL_Driver/stm32f4xx_hal_adc.o
                0x08000c34                HAL_ADC_Init
 .text.HAL_ADC_Start_DMA
                0x08000d70       0xa8 ./Drivers/STM32F4xx_HAL_Driver/stm32f4xx_hal_adc.o
                0x08000d70                HAL_ADC_Start_DMA
 .text.ADC_DMAConvCplt
                0x08000e18       0x1a ./Drivers/STM32F4xx_HAL_Driver/stm32f4xx_hal_adc.o
 .text.HAL_ADC_ConvHalfCpltCallback
                0x08000e32        0x2 ./Drivers/STM32F4xx_HAL_Driver/stm32f4xx_hal_adc.o
                0x08000e32                HAL_ADC_ConvHalfCpltCallback
 .text.ADC_DMAHalfConvCplt
                0x08000e34        0xa ./Drivers/STM32F4xx_HAL_Driver/stm32f4xx_hal_adc.o
 .text.HAL_ADC_ErrorCallback
                0x08000e3e        0x2 ./Drivers/STM32F4xx_HAL_Driver/stm32f4xx_hal_adc.o
                0x08000e3e                HAL_ADC_ErrorCallback
 .text.ADC_DMAError
                0x08000e40       0x18 ./Drivers/STM32F4xx_HAL_Driver/stm32f4xx_hal_adc.o
 .text.HAL_ADC_ConfigChannel
                0x08000e58      0x12c ./Drivers/STM32F4xx_HAL_Driver/stm32f4xx_hal_adc.o
                0x08000e58                HAL_ADC_ConfigChannel
 .text.HAL_NVIC_SetPriorityGrouping
                0x08000f84       0x24 ./Drivers/STM32F4xx_HAL_Driver/stm32f4xx_hal_cortex.o
                0x08000f84                HAL_NVIC_SetPriorityGrouping
 .text.HAL_NVIC_SetPriority
                0x08000fa8       0x68 ./Drivers/STM32F4xx_HAL_Driver/stm32f4xx_hal_cortex.o
                0x08000fa8                HAL_NVIC_SetPriority
 .text.HAL_NVIC_EnableIRQ
                0x08001010       0x18 ./Drivers/STM32F4xx_HAL_Driver/stm32f4xx_hal_cortex.o
                0x08001010                HAL_NVIC_EnableIRQ
 .text.HAL_SYSTICK_Config
                0x08001028       0x2c ./Drivers/STM32F4xx_HAL_Driver/stm32f4xx_hal_cortex.o
                0x08001028                HAL_SYSTICK_Config
 .text.HAL_SYSTICK_CLKSourceConfig
                0x08001054       0x18 ./Drivers/STM32F4xx_HAL_Driver/stm32f4xx_hal_cortex.o
                0x08001054                HAL_SYSTICK_CLKSourceConfig
 .text.HAL_SYSTICK_Callback
                0x0800106c        0x2 ./Drivers/STM32F4xx_HAL_Driver/stm32f4xx_hal_cortex.o
                0x0800106c                HAL_SYSTICK_Callback
 .text.HAL_SYSTICK_IRQHandler
                0x0800106e        0x8 ./Drivers/STM32F4xx_HAL_Driver/stm32f4xx_hal_cortex.o
                0x0800106e                HAL_SYSTICK_IRQHandler
 *fill*         0x08001076        0x2 
 .text.HAL_DMA_Init
                0x08001078       0x70 ./Drivers/STM32F4xx_HAL_Driver/stm32f4xx_hal_dma.o
                0x08001078                HAL_DMA_Init
 .text.HAL_DMA_Start_IT
                0x080010e8       0x72 ./Drivers/STM32F4xx_HAL_Driver/stm32f4xx_hal_dma.o
                0x080010e8                HAL_DMA_Start_IT
 .text.HAL_DMA_Abort
                0x0800115a       0x4c ./Drivers/STM32F4xx_HAL_Driver/stm32f4xx_hal_dma.o
                0x0800115a                HAL_DMA_Abort
 *fill*         0x080011a6        0x2 
 .text.HAL_DMA_IRQHandler
                0x080011a8      0xa24 ./Drivers/STM32F4xx_HAL_Driver/stm32f4xx_hal_dma.o
                0x080011a8                HAL_DMA_IRQHandler
 .text.HAL_GPIO_Init
                0x08001bcc      0x1c8 ./Drivers/STM32F4xx_HAL_Driver/stm32f4xx_hal_gpio.o
                0x08001bcc                HAL_GPIO_Init
 .text.HAL_GPIO_ReadPin
                0x08001d94        0xc ./Drivers/STM32F4xx_HAL_Driver/stm32f4xx_hal_gpio.o
                0x08001d94                HAL_GPIO_ReadPin
 .text.HAL_GPIO_WritePin
                0x08001da0        0x8 ./Drivers/STM32F4xx_HAL_Driver/stm32f4xx_hal_gpio.o
                0x08001da0                HAL_GPIO_WritePin
 .text.HAL_GPIO_EXTI_IRQHandler
                0x08001da8       0x18 ./Drivers/STM32F4xx_HAL_Driver/stm32f4xx_hal_gpio.o
                0x08001da8                HAL_GPIO_EXTI_IRQHandler
 .text.I2C_WaitOnMasterAddressFlagUntilTimeout
                0x08001dc0       0x7e ./Drivers/STM32F4xx_HAL_Driver/stm32f4xx_hal_i2c.o
 .text.I2C_WaitOnFlagUntilTimeout
                0x08001e3e       0x96 ./Drivers/STM32F4xx_HAL_Driver/stm32f4xx_hal_i2c.o
 .text.I2C_MasterRequestWrite
                0x08001ed4       0x78 ./Drivers/STM32F4xx_HAL_Driver/stm32f4xx_hal_i2c.o
 .text.I2C_MasterRequestRead
                0x08001f4c       0xc0 ./Drivers/STM32F4xx_HAL_Driver/stm32f4xx_hal_i2c.o
 .text.HAL_I2C_Init
                0x0800200c       0xd8 ./Drivers/STM32F4xx_HAL_Driver/stm32f4xx_hal_i2c.o
                0x0800200c                HAL_I2C_Init
 .text.HAL_I2C_Master_Transmit_IT
                0x080020e4       0x9c ./Drivers/STM32F4xx_HAL_Driver/stm32f4xx_hal_i2c.o
                0x080020e4                HAL_I2C_Master_Transmit_IT
 .text.HAL_I2C_Master_Receive_IT
                0x08002180       0xec ./Drivers/STM32F4xx_HAL_Driver/stm32f4xx_hal_i2c.o
                0x08002180                HAL_I2C_Master_Receive_IT
 .text.HAL_I2C_SlaveTxCpltCallback
                0x0800226c        0x2 ./Drivers/STM32F4xx_HAL_Driver/stm32f4xx_hal_i2c.o
                0x0800226c                HAL_I2C_SlaveTxCpltCallback
 .text.HAL_I2C_SlaveRxCpltCallback
                0x0800226e        0x2 ./Drivers/STM32F4xx_HAL_Driver/stm32f4xx_hal_i2c.o
                0x0800226e                HAL_I2C_SlaveRxCpltCallback
 .text.HAL_I2C_MemTxCpltCallback
                0x08002270        0x2 ./Drivers/STM32F4xx_HAL_Driver/stm32f4xx_hal_i2c.o
                0x08002270                HAL_I2C_MemTxCpltCallback
 .text.HAL_I2C_MemRxCpltCallback
                0x08002272        0x2 ./Drivers/STM32F4xx_HAL_Driver/stm32f4xx_hal_i2c.o
                0x08002272                HAL_I2C_MemRxCpltCallback
 .text.HAL_I2C_EV_IRQHandler
                0x08002274      0x21c ./Drivers/STM32F4xx_HAL_Driver/stm32f4xx_hal_i2c.o
                0x08002274                HAL_I2C_EV_IRQHandler
 .text.HAL_I2C_ER_IRQHandler
                0x08002490       0xc4 ./Drivers/STM32F4xx_HAL_Driver/stm32f4xx_hal_i2c.o
                0x08002490                HAL_I2C_ER_IRQHandler
 .text.HAL_RCC_OscConfig
                0x08002554      0x320 ./Drivers/STM32F4xx_HAL_Driver/stm32f4xx_hal_rcc.o
                0x08002554                HAL_RCC_OscConfig
 .text.HAL_RCC_ClockConfig
                0x08002874      0x1f8 ./Drivers/STM32F4xx_HAL_Driver/stm32f4xx_hal_rcc.o
                0x08002874                HAL_RCC_ClockConfig
 .text.HAL_RCC_GetSysClockFreq
                0x08002a6c       0x8c ./Drivers/STM32F4xx_HAL_Driver/stm32f4xx_hal_rcc.o
                0x08002a6c                HAL_RCC_GetSysClockFreq
 .text.HAL_RCC_GetHCLKFreq
                0x08002af8       0x38 ./Drivers/STM32F4xx_HAL_Driver/stm32f4xx_hal_rcc.o
                0x08002af8                HAL_RCC_GetHCLKFreq
 .text.HAL_RCC_GetPCLK1Freq
                0x08002b30       0x30 ./Drivers/STM32F4xx_HAL_Driver/stm32f4xx_hal_rcc.o
                0x08002b30                HAL_RCC_GetPCLK1Freq
 .text.HAL_RCC_GetPCLK2Freq
                0x08002b60       0x30 ./Drivers/STM32F4xx_HAL_Driver/stm32f4xx_hal_rcc.o
                0x08002b60                HAL_RCC_GetPCLK2Freq
 .text.HAL_SPI_Init
                0x08002b90       0x7a ./Drivers/STM32F4xx_HAL_Driver/stm32f4xx_hal_spi.o
                0x08002b90                HAL_SPI_Init
 *fill*         0x08002c0a        0x2 
 .text.TIM_OC1_SetConfig
                0x08002c0c       0x58 ./Drivers/STM32F4xx_HAL_Driver/stm32f4xx_hal_tim.o
 .text.TIM_OC3_SetConfig
                0x08002c64       0x60 ./Drivers/STM32F4xx_HAL_Driver/stm32f4xx_hal_tim.o
 .text.TIM_OC4_SetConfig
                0x08002cc4       0x50 ./Drivers/STM32F4xx_HAL_Driver/stm32f4xx_hal_tim.o
 .text.TIM_SlaveTimer_SetConfig
                0x08002d14       0xa6 ./Drivers/STM32F4xx_HAL_Driver/stm32f4xx_hal_tim.o
 .text.HAL_TIM_OC_MspInit
                0x08002dba        0x2 ./Drivers/STM32F4xx_HAL_Driver/stm32f4xx_hal_tim.o
                0x08002dba                HAL_TIM_OC_MspInit
 .text.HAL_TIM_PWM_MspInit
                0x08002dbc        0x2 ./Drivers/STM32F4xx_HAL_Driver/stm32f4xx_hal_tim.o
                0x08002dbc                HAL_TIM_PWM_MspInit
 .text.HAL_TIM_Encoder_MspInit
                0x08002dbe        0x2 ./Drivers/STM32F4xx_HAL_Driver/stm32f4xx_hal_tim.o
                0x08002dbe                HAL_TIM_Encoder_MspInit
 .text.HAL_TIM_Encoder_Start
                0x08002dc0       0x46 ./Drivers/STM32F4xx_HAL_Driver/stm32f4xx_hal_tim.o
                0x08002dc0                HAL_TIM_Encoder_Start
 .text.HAL_TIM_ConfigClockSource
                0x08002e06      0x174 ./Drivers/STM32F4xx_HAL_Driver/stm32f4xx_hal_tim.o
                0x08002e06                HAL_TIM_ConfigClockSource
 .text.HAL_TIM_ConfigTI1Input
                0x08002f7a       0x10 ./Drivers/STM32F4xx_HAL_Driver/stm32f4xx_hal_tim.o
                0x08002f7a                HAL_TIM_ConfigTI1Input
 .text.HAL_TIM_SlaveConfigSynchronization
                0x08002f8a       0x40 ./Drivers/STM32F4xx_HAL_Driver/stm32f4xx_hal_tim.o
                0x08002f8a                HAL_TIM_SlaveConfigSynchronization
 .text.HAL_TIM_PWM_PulseFinishedCallback
                0x08002fca        0x2 ./Drivers/STM32F4xx_HAL_Driver/stm32f4xx_hal_tim.o
                0x08002fca                HAL_TIM_PWM_PulseFinishedCallback
 .text.HAL_TIM_TriggerCallback
                0x08002fcc        0x2 ./Drivers/STM32F4xx_HAL_Driver/stm32f4xx_hal_tim.o
                0x08002fcc                HAL_TIM_TriggerCallback
 .text.HAL_TIM_IRQHandler
                0x08002fce      0x144 ./Drivers/STM32F4xx_HAL_Driver/stm32f4xx_hal_tim.o
                0x08002fce                HAL_TIM_IRQHandler
 *fill*         0x08003112        0x2 
 .text.TIM_Base_SetConfig
                0x08003114       0xc8 ./Drivers/STM32F4xx_HAL_Driver/stm32f4xx_hal_tim.o
                0x08003114                TIM_Base_SetConfig
 .text.HAL_TIM_Base_Init
                0x080031dc       0x34 ./Drivers/STM32F4xx_HAL_Driver/stm32f4xx_hal_tim.o
                0x080031dc                HAL_TIM_Base_Init
 .text.HAL_TIM_OC_Init
                0x08003210       0x34 ./Drivers/STM32F4xx_HAL_Driver/stm32f4xx_hal_tim.o
                0x08003210                HAL_TIM_OC_Init
 .text.HAL_TIM_PWM_Init
                0x08003244       0x34 ./Drivers/STM32F4xx_HAL_Driver/stm32f4xx_hal_tim.o
                0x08003244                HAL_TIM_PWM_Init
 .text.HAL_TIM_IC_Init
                0x08003278       0x34 ./Drivers/STM32F4xx_HAL_Driver/stm32f4xx_hal_tim.o
                0x08003278                HAL_TIM_IC_Init
 .text.HAL_TIM_Encoder_Init
                0x080032ac       0x92 ./Drivers/STM32F4xx_HAL_Driver/stm32f4xx_hal_tim.o
                0x080032ac                HAL_TIM_Encoder_Init
 *fill*         0x0800333e        0x2 
 .text.TIM_TI1_SetConfig
                0x08003340       0x74 ./Drivers/STM32F4xx_HAL_Driver/stm32f4xx_hal_tim.o
                0x08003340                TIM_TI1_SetConfig
 .text.HAL_TIM_IC_ConfigChannel
                0x080033b4      0x114 ./Drivers/STM32F4xx_HAL_Driver/stm32f4xx_hal_tim.o
                0x080033b4                HAL_TIM_IC_ConfigChannel
 .text.TIM_OC2_SetConfig
                0x080034c8       0x64 ./Drivers/STM32F4xx_HAL_Driver/stm32f4xx_hal_tim.o
                0x080034c8                TIM_OC2_SetConfig
 .text.HAL_TIM_OC_ConfigChannel
                0x0800352c       0x5c ./Drivers/STM32F4xx_HAL_Driver/stm32f4xx_hal_tim.o
                0x0800352c                HAL_TIM_OC_ConfigChannel
 .text.HAL_TIM_PWM_ConfigChannel
                0x08003588       0xc6 ./Drivers/STM32F4xx_HAL_Driver/stm32f4xx_hal_tim.o
                0x08003588                HAL_TIM_PWM_ConfigChannel
 .text.TIM_CCxChannelCmd
                0x0800364e       0x1a ./Drivers/STM32F4xx_HAL_Driver/stm32f4xx_hal_tim.o
                0x0800364e                TIM_CCxChannelCmd
 .text.HAL_TIM_PWM_Start
                0x08003668       0x34 ./Drivers/STM32F4xx_HAL_Driver/stm32f4xx_hal_tim.o
                0x08003668                HAL_TIM_PWM_Start
 .text.HAL_TIM_PWM_Start_IT
                0x0800369c       0x74 ./Drivers/STM32F4xx_HAL_Driver/stm32f4xx_hal_tim.o
                0x0800369c                HAL_TIM_PWM_Start_IT
 .text.HAL_TIM_OC_Start_IT
                0x08003710        0x4 ./Drivers/STM32F4xx_HAL_Driver/stm32f4xx_hal_tim.o
                0x08003710                HAL_TIM_OC_Start_IT
 .text.HAL_TIM_PWM_Stop_IT
                0x08003714       0x9c ./Drivers/STM32F4xx_HAL_Driver/stm32f4xx_hal_tim.o
                0x08003714                HAL_TIM_PWM_Stop_IT
 .text.HAL_TIM_OC_Stop_IT
                0x080037b0        0x4 ./Drivers/STM32F4xx_HAL_Driver/stm32f4xx_hal_tim.o
                0x080037b0                HAL_TIM_OC_Stop_IT
 .text.HAL_TIM_IC_Start
                0x080037b4       0x1a ./Drivers/STM32F4xx_HAL_Driver/stm32f4xx_hal_tim.o
                0x080037b4                HAL_TIM_IC_Start
 .text.HAL_TIM_IC_Start_IT
                0x080037ce       0x58 ./Drivers/STM32F4xx_HAL_Driver/stm32f4xx_hal_tim.o
                0x080037ce                HAL_TIM_IC_Start_IT
 .text.HAL_TIM_IC_Stop_IT
                0x08003826       0x6c ./Drivers/STM32F4xx_HAL_Driver/stm32f4xx_hal_tim.o
                0x08003826                HAL_TIM_IC_Stop_IT
 .text.HAL_TIMEx_MasterConfigSynchronization
                0x08003892       0x44 ./Drivers/STM32F4xx_HAL_Driver/stm32f4xx_hal_tim_ex.o
                0x08003892                HAL_TIMEx_MasterConfigSynchronization
 .text.HAL_TIMEx_CommutationCallback
                0x080038d6        0x2 ./Drivers/STM32F4xx_HAL_Driver/stm32f4xx_hal_tim_ex.o
                0x080038d6                HAL_TIMEx_CommutationCallback
 .text.HAL_TIMEx_BreakCallback
                0x080038d8        0x2 ./Drivers/STM32F4xx_HAL_Driver/stm32f4xx_hal_tim_ex.o
                0x080038d8                HAL_TIMEx_BreakCallback
 *fill*         0x080038da        0x2 
 .text.UART_SetConfig
                0x080038dc      0x160 ./Drivers/STM32F4xx_HAL_Driver/stm32f4xx_hal_uart.o
 .text.HAL_UART_Init
                0x08003a3c       0x58 ./Drivers/STM32F4xx_HAL_Driver/stm32f4xx_hal_uart.o
                0x08003a3c                HAL_UART_Init
 .text.HAL_UART_Transmit_IT
                0x08003a94       0x68 ./Drivers/STM32F4xx_HAL_Driver/stm32f4xx_hal_uart.o
                0x08003a94                HAL_UART_Transmit_IT
 .text.HAL_UART_Transmit_DMA
                0x08003afc       0x84 ./Drivers/STM32F4xx_HAL_Driver/stm32f4xx_hal_uart.o
                0x08003afc                HAL_UART_Transmit_DMA
 .text.HAL_UART_Receive_DMA
                0x08003b80       0x7c ./Drivers/STM32F4xx_HAL_Driver/stm32f4xx_hal_uart.o
                0x08003b80                HAL_UART_Receive_DMA
 .text.HAL_UART_DMAStop
                0x08003bfc       0x30 ./Drivers/STM32F4xx_HAL_Driver/stm32f4xx_hal_uart.o
                0x08003bfc                HAL_UART_DMAStop
 .text.UART_DMATransmitCplt
                0x08003c2c       0x2c ./Drivers/STM32F4xx_HAL_Driver/stm32f4xx_hal_uart.o
 .text.HAL_UART_TxHalfCpltCallback
                0x08003c58        0x2 ./Drivers/STM32F4xx_HAL_Driver/stm32f4xx_hal_uart.o
                0x08003c58                HAL_UART_TxHalfCpltCallback
 .text.UART_DMATxHalfCplt
                0x08003c5a        0xa ./Drivers/STM32F4xx_HAL_Driver/stm32f4xx_hal_uart.o
 .text.UART_DMAReceiveCplt
                0x08003c64       0x32 ./Drivers/STM32F4xx_HAL_Driver/stm32f4xx_hal_uart.o
 .text.UART_DMARxHalfCplt
                0x08003c96        0xa ./Drivers/STM32F4xx_HAL_Driver/stm32f4xx_hal_uart.o
 .text.UART_DMAError
                0x08003ca0       0x1e ./Drivers/STM32F4xx_HAL_Driver/stm32f4xx_hal_uart.o
 .text.HAL_UART_IRQHandler
                0x08003cbe      0x1b8 ./Drivers/STM32F4xx_HAL_Driver/stm32f4xx_hal_uart.o
                0x08003cbe                HAL_UART_IRQHandler
 .text.HAL_UART_GetState
                0x08003e76        0x6 ./Drivers/STM32F4xx_HAL_Driver/stm32f4xx_hal_uart.o
                0x08003e76                HAL_UART_GetState
 .text.SystemInit
                0x08003e7c       0x4c ./Drivers/CMSIS/system_stm32f4xx.o
                0x08003e7c                SystemInit
 .text.Mesure_Batterie_IT
                0x08003ec8       0x48 ./Application/User/Batterie.o
                0x08003ec8                Mesure_Batterie_IT
 .text.Guidage_Suivi_Mur
                0x08003f10      0x13c ./Application/User/Guidage.o
                0x08003f10                Guidage_Suivi_Mur
 .text.HMC5883L_Envoyer_Config
                0x0800404c       0x20 ./Application/User/HMC5883L.o
 .text.HMC5883L_Charge_Data_Wifi
                0x0800406c       0x3c ./Application/User/HMC5883L.o
                0x0800406c                HMC5883L_Charge_Data_Wifi
 .text.HMC5883L_Request
                0x080040a8        0xc ./Application/User/HMC5883L.o
                0x080040a8                HMC5883L_Request
 .text.HMC5883L_Gestion
                0x080040b4      0x34c ./Application/User/HMC5883L.o
                0x080040b4                HMC5883L_Gestion
 .text.HMC5883L_Start
                0x08004400       0x3c ./Application/User/HMC5883L.o
                0x08004400                HMC5883L_Start
 .text.HMC5883L_Emission_IT
                0x0800443c       0x24 ./Application/User/HMC5883L.o
                0x0800443c                HMC5883L_Emission_IT
 .text.HMC5883L_Reception_IT
                0x08004460       0x40 ./Application/User/HMC5883L.o
                0x08004460                HMC5883L_Reception_IT
 .text.HMC5883L_Event_IT
                0x080044a0        0xc ./Application/User/HMC5883L.o
                0x080044a0                HMC5883L_Event_IT
 .text.Moteur_Commande.part.1
                0x080044ac       0x7c ./Application/User/Moteurs.o
 .text.Moteurs_Start
                0x08004528       0x68 ./Application/User/Moteurs.o
                0x08004528                Moteurs_Start
 .text.Moteur_Vitesse
                0x08004590       0x50 ./Application/User/Moteurs.o
                0x08004590                Moteur_Vitesse
 .text.Robot_Commande
                0x080045e0      0x11c ./Application/User/Moteurs.o
                0x080045e0                Robot_Commande
 .text.ASServissement_VitesseMoteur
                0x080046fc       0xc4 ./Application/User/Moteurs.o
                0x080046fc                ASServissement_VitesseMoteur
 .text.Servos_Start_PWM
                0x080047c0       0x1c ./Application/User/Moteurs.o
                0x080047c0                Servos_Start_PWM
 .text.Servo_Position
                0x080047dc       0x5c ./Application/User/Moteurs.o
                0x080047dc                Servo_Position
 .text.Phares_Start
                0x08004838        0xc ./Application/User/Phares.o
                0x08004838                Phares_Start
 .text.Phares_Commande
                0x08004844       0x14 ./Application/User/Phares.o
                0x08004844                Phares_Commande
 .text.Rplidar_LireData
                0x08004858       0x6c ./Application/User/Rplidar.o
 .text.Rplidar_Verif_Response
                0x080048c4       0x30 ./Application/User/Rplidar.o
 .text.Rplidar_Request.constprop.1
                0x080048f4       0x20 ./Application/User/Rplidar.o
 .text.Rplidar_Receive_It
                0x08004914      0x1d8 ./Application/User/Rplidar.o
                0x08004914                Rplidar_Receive_It
 .text.Rplidar_Transmit_It
                0x08004aec       0xb4 ./Application/User/Rplidar.o
                0x08004aec                Rplidar_Transmit_It
 .text.Lazer_Scan_Request
                0x08004ba0       0x60 ./Application/User/Rplidar.o
                0x08004ba0                Lazer_Scan_Request
 .text.Rplidar_New_Scan
                0x08004c00       0x18 ./Application/User/Rplidar.o
                0x08004c00                Rplidar_New_Scan
 .text.Rplidar_Get_Distance
                0x08004c18       0x88 ./Application/User/Rplidar.o
                0x08004c18                Rplidar_Get_Distance
 .text.Rplidar_Gestion
                0x08004ca0      0x104 ./Application/User/Rplidar.o
                0x08004ca0                Rplidar_Gestion
 .text.Rplidar_Start
                0x08004da4       0x30 ./Application/User/Rplidar.o
                0x08004da4                Rplidar_Start
 .text.Restaure_Tout
                0x08004dd4       0x94 ./Application/User/Sauve_Restaure.o
                0x08004dd4                Restaure_Tout
 .text.Sauvegarde_Tout_Request
                0x08004e68       0x10 ./Application/User/Sauve_Restaure.o
                0x08004e68                Sauvegarde_Tout_Request
 .text.Gestion_Sauvegarde
                0x08004e78       0xfc ./Application/User/Sauve_Restaure.o
                0x08004e78                Gestion_Sauvegarde
 .text.Initialise_Sauvegarde
                0x08004f74       0x48 ./Application/User/Sauve_Restaure.o
                0x08004f74                Initialise_Sauvegarde
 .text.Mesure_Temperature_IT
                0x08004fbc       0x38 ./Application/User/Temperature.o
                0x08004fbc                Mesure_Temperature_IT
 .text.Arme_Tempo_USCapteur
                0x08004ff4       0x18 ./Application/User/Tempo.o
                0x08004ff4                Arme_Tempo_USCapteur
 .text.Relance_Tempo_USCapteur
                0x0800500c       0x10 ./Application/User/Tempo.o
                0x0800500c                Relance_Tempo_USCapteur
 .text.Desarme_Tempo_USCapteur
                0x0800501c        0xc ./Application/User/Tempo.o
                0x0800501c                Desarme_Tempo_USCapteur
 .text.Arme_Tempo_ASS_Vitesse
                0x08005028       0x18 ./Application/User/Tempo.o
                0x08005028                Arme_Tempo_ASS_Vitesse
 .text.Relance_Tempo_ASS_Vitesse
                0x08005040       0x10 ./Application/User/Tempo.o
                0x08005040                Relance_Tempo_ASS_Vitesse
 .text.Us_SelectInterrogation
                0x08005050       0x14 ./Application/User/US_Capteur.o
                0x08005050                Us_SelectInterrogation
 .text.Us_MarcheArretGeneral
                0x08005064       0x30 ./Application/User/US_Capteur.o
                0x08005064                Us_MarcheArretGeneral
 .text.Us_GestionMesure_IT
                0x08005094       0x60 ./Application/User/US_Capteur.o
                0x08005094                Us_GestionMesure_IT
 .text.Us_GestionTrigger_IT
                0x080050f4       0x8c ./Application/User/US_Capteur.o
                0x080050f4                Us_GestionTrigger_IT
 .text.TestCollisionAvant
                0x08005180       0x28 ./Application/User/US_Capteur.o
                0x08005180                TestCollisionAvant
 .text.TestCollisionArriere
                0x080051a8       0x28 ./Application/User/US_Capteur.o
                0x080051a8                TestCollisionArriere
 .text.Calcule_Checksum
                0x080051d0       0x16 ./Application/User/WifiCom.o
                0x080051d0                Calcule_Checksum
 *fill*         0x080051e6        0x2 
 .text.WifiCom_Transmit_NextPacket
                0x080051e8       0x74 ./Application/User/WifiCom.o
                0x080051e8                WifiCom_Transmit_NextPacket
 .text.WifiCom_Transmit_Transport
                0x0800525c       0x20 ./Application/User/WifiCom.o
                0x0800525c                WifiCom_Transmit_Transport
 .text.WifiCom_Transmit_Reglage
                0x0800527c      0x198 ./Application/User/WifiCom.o
                0x0800527c                WifiCom_Transmit_Reglage
 .text.WifiCom_Transmit_Service
                0x08005414       0x6c ./Application/User/WifiCom.o
                0x08005414                WifiCom_Transmit_Service
 .text.WifiCom_Communication_Start
                0x08005480       0x30 ./Application/User/WifiCom.o
                0x08005480                WifiCom_Communication_Start
 .text.WifiCom_Gestion
                0x080054b0      0x360 ./Application/User/WifiCom.o
                0x080054b0                WifiCom_Gestion
 .text.WifiCom_Receive_It
                0x08005810       0x3c ./Application/User/WifiCom.o
                0x08005810                WifiCom_Receive_It
 .text.MX_ADC3_Init
                0x0800584c       0x94 ./Application/User/adc.o
                0x0800584c                MX_ADC3_Init
 .text.HAL_ADC_MspInit
                0x080058e0       0x9c ./Application/User/adc.o
                0x080058e0                HAL_ADC_MspInit
 .text.MX_DMA_Init
                0x0800597c       0x74 ./Application/User/dma.o
                0x0800597c                MX_DMA_Init
 .text.MX_GPIO_Init
                0x080059f0      0x278 ./Application/User/gpio.o
                0x080059f0                MX_GPIO_Init
 .text.MX_I2C1_Init
                0x08005c68       0x30 ./Application/User/i2c.o
                0x08005c68                MX_I2C1_Init
 .text.MX_I2C2_Init
                0x08005c98       0x2c ./Application/User/i2c.o
                0x08005c98                MX_I2C2_Init
 .text.HAL_I2C_MspInit
                0x08005cc4       0xcc ./Application/User/i2c.o
                0x08005cc4                HAL_I2C_MspInit
 .text.SystemClock_Config
                0x08005d90       0x90 ./Application/User/main.o
                0x08005d90                SystemClock_Config
 .text.startup.main
                0x08005e20      0x19c ./Application/User/main.o
                0x08005e20                main
 .text.MX_SPI2_Init
                0x08005fbc       0x3c ./Application/User/spi.o
                0x08005fbc                MX_SPI2_Init
 .text.HAL_SPI_MspInit
                0x08005ff8       0x64 ./Application/User/spi.o
                0x08005ff8                HAL_SPI_MspInit
 .text.SPI_WaitOnFlagUntilTimeout
                0x0800605c       0x8a ./Application/User/spi_flash.o
 *fill*         0x080060e6        0x2 
 .text.SPI_FLASH_Init
                0x080060e8       0x10 ./Application/User/spi_flash.o
                0x080060e8                SPI_FLASH_Init
 .text.SPI_FLASH_Receive
                0x080060f8      0x19c ./Application/User/spi_flash.o
                0x080060f8                SPI_FLASH_Receive
 .text.SPI_FLASH_Transmit
                0x08006294       0xee ./Application/User/spi_flash.o
                0x08006294                SPI_FLASH_Transmit
 *fill*         0x08006382        0x2 
 .text.SPI_FLASH_WriteEnable
                0x08006384       0x40 ./Application/User/spi_flash.o
                0x08006384                SPI_FLASH_WriteEnable
 .text.SPI_FLASH_WaitForWriteEnd
                0x080063c4       0x58 ./Application/User/spi_flash.o
                0x080063c4                SPI_FLASH_WaitForWriteEnd
 .text.SPI_FLASH_TestForWriteEnd
                0x0800641c       0x5c ./Application/User/spi_flash.o
                0x0800641c                SPI_FLASH_TestForWriteEnd
 .text.SPI_FLASH_ReadID
                0x08006478       0x68 ./Application/User/spi_flash.o
                0x08006478                SPI_FLASH_ReadID
 .text.SPI_FLASH_SubSectorErase
                0x080064e0       0x60 ./Application/User/spi_flash.o
                0x080064e0                SPI_FLASH_SubSectorErase
 .text.SPI_FLASH_BufferRead
                0x08006540       0x6c ./Application/User/spi_flash.o
                0x08006540                SPI_FLASH_BufferRead
 .text.SPI_FLASH_PageWrite
                0x080065ac       0x80 ./Application/User/spi_flash.o
                0x080065ac                SPI_FLASH_PageWrite
 .text.HAL_MspInit
                0x0800662c       0x18 ./Application/User/stm32f4xx_hal_msp.o
                0x0800662c                HAL_MspInit
 .text.SysTick_Handler
                0x08006644        0xe ./Application/User/stm32f4xx_it.o
                0x08006644                SysTick_Handler
 .text.EXTI4_IRQHandler
                0x08006652        0x6 ./Application/User/stm32f4xx_it.o
                0x08006652                EXTI4_IRQHandler
 .text.DMA1_Stream5_IRQHandler
                0x08006658        0xc ./Application/User/stm32f4xx_it.o
                0x08006658                DMA1_Stream5_IRQHandler
 .text.TIM1_CC_IRQHandler
                0x08006664        0xc ./Application/User/stm32f4xx_it.o
                0x08006664                TIM1_CC_IRQHandler
 .text.TIM2_IRQHandler
                0x08006670        0xc ./Application/User/stm32f4xx_it.o
                0x08006670                TIM2_IRQHandler
 .text.I2C1_EV_IRQHandler
                0x0800667c        0xc ./Application/User/stm32f4xx_it.o
                0x0800667c                I2C1_EV_IRQHandler
 .text.I2C1_ER_IRQHandler
                0x08006688        0xc ./Application/User/stm32f4xx_it.o
                0x08006688                I2C1_ER_IRQHandler
 .text.I2C2_EV_IRQHandler
                0x08006694        0xc ./Application/User/stm32f4xx_it.o
                0x08006694                I2C2_EV_IRQHandler
 .text.I2C2_ER_IRQHandler
                0x080066a0        0xc ./Application/User/stm32f4xx_it.o
                0x080066a0                I2C2_ER_IRQHandler
 .text.USART2_IRQHandler
                0x080066ac        0xc ./Application/User/stm32f4xx_it.o
                0x080066ac                USART2_IRQHandler
 .text.TIM5_IRQHandler
                0x080066b8        0xc ./Application/User/stm32f4xx_it.o
                0x080066b8                TIM5_IRQHandler
 .text.DMA2_Stream0_IRQHandler
                0x080066c4        0xc ./Application/User/stm32f4xx_it.o
                0x080066c4                DMA2_Stream0_IRQHandler
 .text.DMA2_Stream1_IRQHandler
                0x080066d0        0xc ./Application/User/stm32f4xx_it.o
                0x080066d0                DMA2_Stream1_IRQHandler
 .text.DMA2_Stream6_IRQHandler
                0x080066dc        0xc ./Application/User/stm32f4xx_it.o
                0x080066dc                DMA2_Stream6_IRQHandler
 .text.USART6_IRQHandler
                0x080066e8        0xc ./Application/User/stm32f4xx_it.o
                0x080066e8                USART6_IRQHandler
 .text.HAL_TIM_PeriodElapsedCallback
                0x080066f4        0x2 ./Application/User/stm32f4xx_it.o
                0x080066f4                HAL_TIM_PeriodElapsedCallback
 *fill*         0x080066f6        0x2 
 .text.HAL_TIM_IC_CaptureCallback
                0x080066f8       0x18 ./Application/User/stm32f4xx_it.o
                0x080066f8                HAL_TIM_IC_CaptureCallback
 .text.HAL_TIM_OC_DelayElapsedCallback
                0x08006710       0x4c ./Application/User/stm32f4xx_it.o
                0x08006710                HAL_TIM_OC_DelayElapsedCallback
 .text.HAL_I2C_MasterRxCpltCallback
                0x0800675c       0x14 ./Application/User/stm32f4xx_it.o
                0x0800675c                HAL_I2C_MasterRxCpltCallback
 .text.HAL_I2C_MasterTxCpltCallback
                0x08006770       0x14 ./Application/User/stm32f4xx_it.o
                0x08006770                HAL_I2C_MasterTxCpltCallback
 .text.HAL_I2C_ErrorCallback
                0x08006784        0x2 ./Application/User/stm32f4xx_it.o
                0x08006784                HAL_I2C_ErrorCallback
 .text.HAL_GPIO_EXTI_Callback
                0x08006786        0xa ./Application/User/stm32f4xx_it.o
                0x08006786                HAL_GPIO_EXTI_Callback
 .text.HAL_ADC_ConvCpltCallback
                0x08006790       0x2c ./Application/User/stm32f4xx_it.o
                0x08006790                HAL_ADC_ConvCpltCallback
 .text.HAL_UART_RxHalfCpltCallback
                0x080067bc        0x2 ./Application/User/stm32f4xx_it.o
                0x080067bc                HAL_UART_RxHalfCpltCallback
 *fill*         0x080067be        0x2 
 .text.HAL_UART_RxCpltCallback
                0x080067c0       0x28 ./Application/User/stm32f4xx_it.o
                0x080067c0                HAL_UART_RxCpltCallback
 .text.HAL_UART_ErrorCallback
                0x080067e8        0x2 ./Application/User/stm32f4xx_it.o
                0x080067e8                HAL_UART_ErrorCallback
 *fill*         0x080067ea        0x2 
 .text.HAL_UART_TxCpltCallback
                0x080067ec       0x14 ./Application/User/stm32f4xx_it.o
                0x080067ec                HAL_UART_TxCpltCallback
 .text.MX_TIM1_Init
                0x08006800       0x98 ./Application/User/tim.o
                0x08006800                MX_TIM1_Init
 .text.MX_TIM2_Init
                0x08006898       0x7c ./Application/User/tim.o
                0x08006898                MX_TIM2_Init
 .text.MX_TIM3_Init
                0x08006914       0x68 ./Application/User/tim.o
                0x08006914                MX_TIM3_Init
 .text.MX_TIM4_Init
                0x0800697c       0x6c ./Application/User/tim.o
                0x0800697c                MX_TIM4_Init
 .text.MX_TIM5_Init
                0x080069e8       0x84 ./Application/User/tim.o
                0x080069e8                MX_TIM5_Init
 .text.MX_TIM9_Init
                0x08006a6c       0x64 ./Application/User/tim.o
                0x08006a6c                MX_TIM9_Init
 .text.MX_TIM10_Init
                0x08006ad0       0x44 ./Application/User/tim.o
                0x08006ad0                MX_TIM10_Init
 .text.MX_TIM11_Init
                0x08006b14       0x44 ./Application/User/tim.o
                0x08006b14                MX_TIM11_Init
 .text.MX_TIM13_Init
                0x08006b58       0x48 ./Application/User/tim.o
                0x08006b58                MX_TIM13_Init
 .text.HAL_TIM_Base_MspInit
                0x08006ba0      0x1ac ./Application/User/tim.o
                0x08006ba0                HAL_TIM_Base_MspInit
 .text.HAL_TIM_IC_MspInit
                0x08006d4c       0x9c ./Application/User/tim.o
                0x08006d4c                HAL_TIM_IC_MspInit
 .text.MX_USART2_UART_Init
                0x08006de8       0x28 ./Application/User/usart.o
                0x08006de8                MX_USART2_UART_Init
 .text.MX_USART6_UART_Init
                0x08006e10       0x2c ./Application/User/usart.o
                0x08006e10                MX_USART6_UART_Init
 .text.HAL_UART_MspInit
                0x08006e3c      0x164 ./Application/User/usart.o
                0x08006e3c                HAL_UART_MspInit
 .text.Reset_Handler
                0x08006fa0       0x50 ./Application/SW4STM32/startup_stm32f407xx.o
                0x08006fa0                Reset_Handler
 .text.Default_Handler
                0x08006ff0        0x2 ./Application/SW4STM32/startup_stm32f407xx.o
                0x08006ff0                RTC_Alarm_IRQHandler
                0x08006ff0                HASH_RNG_IRQHandler
                0x08006ff0                EXTI2_IRQHandler
                0x08006ff0                TIM8_CC_IRQHandler
                0x08006ff0                DebugMon_Handler
                0x08006ff0                DMA2_Stream5_IRQHandler
                0x08006ff0                HardFault_Handler
                0x08006ff0                PVD_IRQHandler
                0x08006ff0                SDIO_IRQHandler
                0x08006ff0                TAMP_STAMP_IRQHandler
                0x08006ff0                PendSV_Handler
                0x08006ff0                NMI_Handler
                0x08006ff0                CAN2_RX1_IRQHandler
                0x08006ff0                EXTI3_IRQHandler
                0x08006ff0                TIM8_TRG_COM_TIM14_IRQHandler
                0x08006ff0                TIM1_UP_TIM10_IRQHandler
                0x08006ff0                TIM8_UP_TIM13_IRQHandler
                0x08006ff0                I2C3_ER_IRQHandler
                0x08006ff0                EXTI0_IRQHandler
                0x08006ff0                DMA1_Stream2_IRQHandler
                0x08006ff0                CAN1_RX0_IRQHandler
                0x08006ff0                FPU_IRQHandler
                0x08006ff0                OTG_HS_WKUP_IRQHandler
                0x08006ff0                UsageFault_Handler
                0x08006ff0                CAN2_SCE_IRQHandler
                0x08006ff0                DMA2_Stream2_IRQHandler
                0x08006ff0                SPI1_IRQHandler
                0x08006ff0                TIM6_DAC_IRQHandler
                0x08006ff0                TIM1_BRK_TIM9_IRQHandler
                0x08006ff0                DCMI_IRQHandler
                0x08006ff0                CAN2_RX0_IRQHandler
                0x08006ff0                DMA2_Stream3_IRQHandler
                0x08006ff0                USART3_IRQHandler
                0x08006ff0                CAN1_RX1_IRQHandler
                0x08006ff0                UART5_IRQHandler
                0x08006ff0                TIM4_IRQHandler
                0x08006ff0                DMA1_Stream6_IRQHandler
                0x08006ff0                DMA1_Stream1_IRQHandler
                0x08006ff0                UART4_IRQHandler
                0x08006ff0                TIM3_IRQHandler
                0x08006ff0                RCC_IRQHandler
                0x08006ff0                TIM8_BRK_TIM12_IRQHandler
                0x08006ff0                Default_Handler
                0x08006ff0                EXTI15_10_IRQHandler
                0x08006ff0                ADC_IRQHandler
                0x08006ff0                DMA1_Stream7_IRQHandler
                0x08006ff0                TIM7_IRQHandler
                0x08006ff0                CAN2_TX_IRQHandler
                0x08006ff0                DMA2_Stream7_IRQHandler
                0x08006ff0                I2C3_EV_IRQHandler
                0x08006ff0                EXTI9_5_IRQHandler
                0x08006ff0                RTC_WKUP_IRQHandler
                0x08006ff0                ETH_WKUP_IRQHandler
                0x08006ff0                SPI2_IRQHandler
                0x08006ff0                OTG_HS_EP1_IN_IRQHandler
                0x08006ff0                MemManage_Handler
                0x08006ff0                DMA1_Stream0_IRQHandler
                0x08006ff0                CAN1_TX_IRQHandler
                0x08006ff0                SVC_Handler
                0x08006ff0                FSMC_IRQHandler
                0x08006ff0                ETH_IRQHandler
                0x08006ff0                OTG_HS_EP1_OUT_IRQHandler
                0x08006ff0                WWDG_IRQHandler
                0x08006ff0                OTG_FS_WKUP_IRQHandler
                0x08006ff0                TIM1_TRG_COM_TIM11_IRQHandler
                0x08006ff0                OTG_HS_IRQHandler
                0x08006ff0                EXTI1_IRQHandler
                0x08006ff0                CAN1_SCE_IRQHandler
                0x08006ff0                FLASH_IRQHandler
                0x08006ff0                DMA2_Stream4_IRQHandler
                0x08006ff0                BusFault_Handler
                0x08006ff0                USART1_IRQHandler
                0x08006ff0                OTG_FS_IRQHandler
                0x08006ff0                SPI3_IRQHandler
                0x08006ff0                DMA1_Stream4_IRQHandler
                0x08006ff0                DMA1_Stream3_IRQHandler
 *fill*         0x08006ff2        0x2 
 .text.__libc_init_array
                0x08006ff4       0x4c d:/ac6/systemworkbench/plugins/fr.ac6.mcu.externaltools.arm-none.win32_1.7.0.201602121829/tools/compiler/bin/../lib/gcc/arm-none-eabi/5.2.1/../../../../arm-none-eabi/lib/armv7e-m/fpu\libc_nano.a(lib_a-init.o)
                0x08006ff4                __libc_init_array
 .text.memcpy   0x08007040       0x16 d:/ac6/systemworkbench/plugins/fr.ac6.mcu.externaltools.arm-none.win32_1.7.0.201602121829/tools/compiler/bin/../lib/gcc/arm-none-eabi/5.2.1/../../../../arm-none-eabi/lib/armv7e-m/fpu\libc_nano.a(lib_a-memcpy-stub.o)
                0x08007040                memcpy
 *fill*         0x08007056        0x2 
 .text.cos      0x08007058       0xc0 d:/ac6/systemworkbench/plugins/fr.ac6.mcu.externaltools.arm-none.win32_1.7.0.201602121829/tools/compiler/bin/../lib/gcc/arm-none-eabi/5.2.1/../../../../arm-none-eabi/lib/armv7e-m/fpu\libm.a(lib_a-s_cos.o)
                0x08007058                cos
 .text.fmax     0x08007118       0x58 d:/ac6/systemworkbench/plugins/fr.ac6.mcu.externaltools.arm-none.win32_1.7.0.201602121829/tools/compiler/bin/../lib/gcc/arm-none-eabi/5.2.1/../../../../arm-none-eabi/lib/armv7e-m/fpu\libm.a(lib_a-s_fmax.o)
                0x08007118                fmax
 .text.fmin     0x08007170       0x58 d:/ac6/systemworkbench/plugins/fr.ac6.mcu.externaltools.arm-none.win32_1.7.0.201602121829/tools/compiler/bin/../lib/gcc/arm-none-eabi/5.2.1/../../../../arm-none-eabi/lib/armv7e-m/fpu\libm.a(lib_a-s_fmin.o)
                0x08007170                fmin
 .text.__fpclassifyd
                0x080071c8       0x5c d:/ac6/systemworkbench/plugins/fr.ac6.mcu.externaltools.arm-none.win32_1.7.0.201602121829/tools/compiler/bin/../lib/gcc/arm-none-eabi/5.2.1/../../../../arm-none-eabi/lib/armv7e-m/fpu\libm.a(lib_a-s_fpclassify.o)
                0x080071c8                __fpclassifyd
 .text.atan2    0x08007224        0x4 d:/ac6/systemworkbench/plugins/fr.ac6.mcu.externaltools.arm-none.win32_1.7.0.201602121829/tools/compiler/bin/../lib/gcc/arm-none-eabi/5.2.1/../../../../arm-none-eabi/lib/armv7e-m/fpu\libm.a(lib_a-w_atan2.o)
                0x08007224                atan2
 .text.__ieee754_atan2
                0x08007228      0x1ec d:/ac6/systemworkbench/plugins/fr.ac6.mcu.externaltools.arm-none.win32_1.7.0.201602121829/tools/compiler/bin/../lib/gcc/arm-none-eabi/5.2.1/../../../../arm-none-eabi/lib/armv7e-m/fpu\libm.a(lib_a-e_atan2.o)
                0x08007228                __ieee754_atan2
 *fill*         0x08007414        0x4 
 .text.__ieee754_rem_pio2
                0x08007418      0x44c d:/ac6/systemworkbench/plugins/fr.ac6.mcu.externaltools.arm-none.win32_1.7.0.201602121829/tools/compiler/bin/../lib/gcc/arm-none-eabi/5.2.1/../../../../arm-none-eabi/lib/armv7e-m/fpu\libm.a(lib_a-e_rem_pio2.o)
                0x08007418                __ieee754_rem_pio2
 *fill*         0x08007864        0x4 
 .text.__kernel_cos
                0x08007868      0x284 d:/ac6/systemworkbench/plugins/fr.ac6.mcu.externaltools.arm-none.win32_1.7.0.201602121829/tools/compiler/bin/../lib/gcc/arm-none-eabi/5.2.1/../../../../arm-none-eabi/lib/armv7e-m/fpu\libm.a(lib_a-k_cos.o)
                0x08007868                __kernel_cos
 *fill*         0x08007aec        0x4 
 .text.__kernel_rem_pio2
                0x08007af0      0x820 d:/ac6/systemworkbench/plugins/fr.ac6.mcu.externaltools.arm-none.win32_1.7.0.201602121829/tools/compiler/bin/../lib/gcc/arm-none-eabi/5.2.1/../../../../arm-none-eabi/lib/armv7e-m/fpu\libm.a(lib_a-k_rem_pio2.o)
                0x08007af0                __kernel_rem_pio2
 .text.__kernel_sin
                0x08008310      0x194 d:/ac6/systemworkbench/plugins/fr.ac6.mcu.externaltools.arm-none.win32_1.7.0.201602121829/tools/compiler/bin/../lib/gcc/arm-none-eabi/5.2.1/../../../../arm-none-eabi/lib/armv7e-m/fpu\libm.a(lib_a-k_sin.o)
                0x08008310                __kernel_sin
 *fill*         0x080084a4        0x4 
 .text.atan     0x080084a8      0x378 d:/ac6/systemworkbench/plugins/fr.ac6.mcu.externaltools.arm-none.win32_1.7.0.201602121829/tools/compiler/bin/../lib/gcc/arm-none-eabi/5.2.1/../../../../arm-none-eabi/lib/armv7e-m/fpu\libm.a(lib_a-s_atan.o)
                0x080084a8                atan
 .text.fabs     0x08008820       0x10 d:/ac6/systemworkbench/plugins/fr.ac6.mcu.externaltools.arm-none.win32_1.7.0.201602121829/tools/compiler/bin/../lib/gcc/arm-none-eabi/5.2.1/../../../../arm-none-eabi/lib/armv7e-m/fpu\libm.a(lib_a-s_fabs.o)
                0x08008820                fabs
 .text.floor    0x08008830      0x120 d:/ac6/systemworkbench/plugins/fr.ac6.mcu.externaltools.arm-none.win32_1.7.0.201602121829/tools/compiler/bin/../lib/gcc/arm-none-eabi/5.2.1/../../../../arm-none-eabi/lib/armv7e-m/fpu\libm.a(lib_a-s_floor.o)
                0x08008830                floor
 .text.scalbn   0x08008950      0x10c d:/ac6/systemworkbench/plugins/fr.ac6.mcu.externaltools.arm-none.win32_1.7.0.201602121829/tools/compiler/bin/../lib/gcc/arm-none-eabi/5.2.1/../../../../arm-none-eabi/lib/armv7e-m/fpu\libm.a(lib_a-s_scalbn.o)
                0x08008950                scalbn
 .text.copysign
                0x08008a5c       0x1c d:/ac6/systemworkbench/plugins/fr.ac6.mcu.externaltools.arm-none.win32_1.7.0.201602121829/tools/compiler/bin/../lib/gcc/arm-none-eabi/5.2.1/../../../../arm-none-eabi/lib/armv7e-m/fpu\libm.a(lib_a-s_copysign.o)
                0x08008a5c                copysign
 *(.glue_7)
 .glue_7        0x08008a78        0x0 linker stubs
 *(.glue_7t)
 .glue_7t       0x08008a78        0x0 linker stubs
 *(.eh_frame)
 .eh_frame      0x08008a78        0x0 d:/ac6/systemworkbench/plugins/fr.ac6.mcu.externaltools.arm-none.win32_1.7.0.201602121829/tools/compiler/bin/../lib/gcc/arm-none-eabi/5.2.1/armv7e-m/fpu/crtbegin.o
 *(.init)
 .init          0x08008a78        0x4 d:/ac6/systemworkbench/plugins/fr.ac6.mcu.externaltools.arm-none.win32_1.7.0.201602121829/tools/compiler/bin/../lib/gcc/arm-none-eabi/5.2.1/armv7e-m/fpu/crti.o
                0x08008a78                _init
 .init          0x08008a7c        0x8 d:/ac6/systemworkbench/plugins/fr.ac6.mcu.externaltools.arm-none.win32_1.7.0.201602121829/tools/compiler/bin/../lib/gcc/arm-none-eabi/5.2.1/armv7e-m/fpu/crtn.o
 *(.fini)
 .fini          0x08008a84        0x4 d:/ac6/systemworkbench/plugins/fr.ac6.mcu.externaltools.arm-none.win32_1.7.0.201602121829/tools/compiler/bin/../lib/gcc/arm-none-eabi/5.2.1/armv7e-m/fpu/crti.o
                0x08008a84                _fini
 .fini          0x08008a88        0x8 d:/ac6/systemworkbench/plugins/fr.ac6.mcu.externaltools.arm-none.win32_1.7.0.201602121829/tools/compiler/bin/../lib/gcc/arm-none-eabi/5.2.1/armv7e-m/fpu/crtn.o
                0x08008a90                . = ALIGN (0x4)
                0x08008a90                _etext = .

.vfp11_veneer   0x08008a90        0x0
 .vfp11_veneer  0x08008a90        0x0 linker stubs

.v4_bx          0x08008a90        0x0
 .v4_bx         0x08008a90        0x0 linker stubs

.iplt           0x08008a90        0x0
 .iplt          0x08008a90        0x0 d:/ac6/systemworkbench/plugins/fr.ac6.mcu.externaltools.arm-none.win32_1.7.0.201602121829/tools/compiler/bin/../lib/gcc/arm-none-eabi/5.2.1/armv7e-m/fpu/crtbegin.o

.rodata         0x08008a90      0x248
                0x08008a90                . = ALIGN (0x4)
 *(.rodata)
 .rodata        0x08008a90       0x10 ./Drivers/STM32F4xx_HAL_Driver/stm32f4xx_hal_rcc.o
                0x08008a90                APBAHBPrescTable
 .rodata        0x08008aa0       0x20 ./Application/User/Moteurs.o
                0x08008aa0                Config_Moteur
 *(.rodata*)
 .rodata.npio2_hw
                0x08008ac0       0x80 d:/ac6/systemworkbench/plugins/fr.ac6.mcu.externaltools.arm-none.win32_1.7.0.201602121829/tools/compiler/bin/../lib/gcc/arm-none-eabi/5.2.1/../../../../arm-none-eabi/lib/armv7e-m/fpu\libm.a(lib_a-e_rem_pio2.o)
 .rodata.two_over_pi
                0x08008b40      0x108 d:/ac6/systemworkbench/plugins/fr.ac6.mcu.externaltools.arm-none.win32_1.7.0.201602121829/tools/compiler/bin/../lib/gcc/arm-none-eabi/5.2.1/../../../../arm-none-eabi/lib/armv7e-m/fpu\libm.a(lib_a-e_rem_pio2.o)
 .rodata.init_jk
                0x08008c48       0x10 d:/ac6/systemworkbench/plugins/fr.ac6.mcu.externaltools.arm-none.win32_1.7.0.201602121829/tools/compiler/bin/../lib/gcc/arm-none-eabi/5.2.1/../../../../arm-none-eabi/lib/armv7e-m/fpu\libm.a(lib_a-k_rem_pio2.o)
 .rodata.PIo2   0x08008c58       0x40 d:/ac6/systemworkbench/plugins/fr.ac6.mcu.externaltools.arm-none.win32_1.7.0.201602121829/tools/compiler/bin/../lib/gcc/arm-none-eabi/5.2.1/../../../../arm-none-eabi/lib/armv7e-m/fpu\libm.a(lib_a-k_rem_pio2.o)
 .rodata.atanlo
                0x08008c98       0x20 d:/ac6/systemworkbench/plugins/fr.ac6.mcu.externaltools.arm-none.win32_1.7.0.201602121829/tools/compiler/bin/../lib/gcc/arm-none-eabi/5.2.1/../../../../arm-none-eabi/lib/armv7e-m/fpu\libm.a(lib_a-s_atan.o)
 .rodata.atanhi
                0x08008cb8       0x20 d:/ac6/systemworkbench/plugins/fr.ac6.mcu.externaltools.arm-none.win32_1.7.0.201602121829/tools/compiler/bin/../lib/gcc/arm-none-eabi/5.2.1/../../../../arm-none-eabi/lib/armv7e-m/fpu\libm.a(lib_a-s_atan.o)
                0x08008cd8                . = ALIGN (0x4)

.rel.dyn        0x08008cd8        0x0
 .rel.iplt      0x08008cd8        0x0 d:/ac6/systemworkbench/plugins/fr.ac6.mcu.externaltools.arm-none.win32_1.7.0.201602121829/tools/compiler/bin/../lib/gcc/arm-none-eabi/5.2.1/armv7e-m/fpu/crtbegin.o

.ARM.extab
 *(.ARM.extab* .gnu.linkonce.armextab.*)

.ARM            0x08008cd8        0x0
                0x08008cd8                __exidx_start = .
 *(.ARM.exidx*)
                0x08008cd8                __exidx_end = .

.preinit_array  0x08008cd8        0x0
                0x08008cd8                PROVIDE (__preinit_array_start, .)
 *(.preinit_array*)
                0x08008cd8                PROVIDE (__preinit_array_end, .)

.init_array     0x08008cd8        0x4
                0x08008cd8                PROVIDE (__init_array_start, .)
 *(SORT(.init_array.*))
 *(.init_array*)
 .init_array    0x08008cd8        0x4 d:/ac6/systemworkbench/plugins/fr.ac6.mcu.externaltools.arm-none.win32_1.7.0.201602121829/tools/compiler/bin/../lib/gcc/arm-none-eabi/5.2.1/armv7e-m/fpu/crtbegin.o
                0x08008cdc                PROVIDE (__init_array_end, .)

.fini_array     0x08008cdc        0x4
                [!provide]                PROVIDE (__fini_array_start, .)
 *(SORT(.fini_array.*))
 *(.fini_array*)
 .fini_array    0x08008cdc        0x4 d:/ac6/systemworkbench/plugins/fr.ac6.mcu.externaltools.arm-none.win32_1.7.0.201602121829/tools/compiler/bin/../lib/gcc/arm-none-eabi/5.2.1/armv7e-m/fpu/crtbegin.o
                [!provide]                PROVIDE (__fini_array_end, .)
                0x08008ce0                _sidata = LOADADDR (.data)

.data           0x20000000      0x1b8 load address 0x08008ce0
                0x20000000                . = ALIGN (0x4)
                0x20000000                _sdata = .
 *(.data)
 .data          0x20000000        0x4 ./Drivers/CMSIS/system_stm32f4xx.o
                0x20000000                SystemCoreClock
 .data          0x20000004       0x20 ./Application/User/Guidage.o
                0x20000004                Suivi_De_Mur
                0x20000020                Distance_Mur
 .data          0x20000024       0x1c ./Application/User/HMC5883L.o
                0x20000024                HMC5883L_Compensation
 .data          0x20000040       0x3a ./Application/User/Moteurs.o
                0x20000040                Etat_Moteur
                0x20000068                Compensation_Ligne_Droite
                0x20000070                Mode_Commande
                0x20000072                ConsigneBoucle_Ouverte
 .data          0x2000007a        0x7 ./Application/User/Rplidar.o
                0x2000007a                Buf_Request
                0x2000007c                Etat_Automate_Rplidar
                0x2000007e                Offset_Orientation_Lidar
 *fill*         0x20000081        0x1 
 .data          0x20000082       0x36 ./Application/User/US_Capteur.o
                0x20000082                UltraSons
                0x200000b4                Distance_Obstacle_Av
                0x200000b6                Distance_Obstacle_Ar
 .data          0x200000b8       0xfc ./Application/User/WifiCom.o
                0x200000b8                Presence_Host
                0x200000bc                Transport_Emis
                0x200001ac                Requete_Exterieure
 .data          0x200001b4        0x2 ./Application/User/main.o
                0x200001b4                Position_Servo
 *(.data*)
                0x200001b8                . = ALIGN (0x4)
 *fill*         0x200001b6        0x2 
                0x200001b8                _edata = .
                0x08008e98                _siccmram = LOADADDR (.ccmram)

.jcr            0x200001b8        0x0 load address 0x08008e98
 .jcr           0x200001b8        0x0 d:/ac6/systemworkbench/plugins/fr.ac6.mcu.externaltools.arm-none.win32_1.7.0.201602121829/tools/compiler/bin/../lib/gcc/arm-none-eabi/5.2.1/armv7e-m/fpu/crtbegin.o

.tm_clone_table
                0x200001b8        0x0 load address 0x08008e98
 .tm_clone_table
                0x200001b8        0x0 d:/ac6/systemworkbench/plugins/fr.ac6.mcu.externaltools.arm-none.win32_1.7.0.201602121829/tools/compiler/bin/../lib/gcc/arm-none-eabi/5.2.1/armv7e-m/fpu/crtbegin.o
 .tm_clone_table
                0x200001b8        0x0 d:/ac6/systemworkbench/plugins/fr.ac6.mcu.externaltools.arm-none.win32_1.7.0.201602121829/tools/compiler/bin/../lib/gcc/arm-none-eabi/5.2.1/armv7e-m/fpu/crtend.o

.igot.plt       0x200001b8        0x0 load address 0x08008e98
 .igot.plt      0x200001b8        0x0 d:/ac6/systemworkbench/plugins/fr.ac6.mcu.externaltools.arm-none.win32_1.7.0.201602121829/tools/compiler/bin/../lib/gcc/arm-none-eabi/5.2.1/armv7e-m/fpu/crtbegin.o

.ccmram         0x10000000        0x0 load address 0x08008e98
                0x10000000                . = ALIGN (0x4)
                0x10000000                _sccmram = .
 *(.ccmram)
 *(.ccmram*)
                0x10000000                . = ALIGN (0x4)
                0x10000000                _eccmram = .
                0x10000000                . = ALIGN (0x4)

.bss            0x200001b8     0x2408
                0x200001b8                _sbss = .
                0x200001b8                __bss_start__ = _sbss
 *(.bss)
 .bss           0x200001b8       0x1c d:/ac6/systemworkbench/plugins/fr.ac6.mcu.externaltools.arm-none.win32_1.7.0.201602121829/tools/compiler/bin/../lib/gcc/arm-none-eabi/5.2.1/armv7e-m/fpu/crtbegin.o
 .bss           0x200001d4        0x4 ./Drivers/STM32F4xx_HAL_Driver/stm32f4xx_hal.o
 .bss           0x200001d8        0x6 ./Application/User/Batterie.o
 *fill*         0x200001de        0x2 
 .bss           0x200001e0       0x10 ./Application/User/Guidage.o
                0x200001ec                erreur
 .bss           0x200001f0       0x18 ./Application/User/HMC5883L.o
                0x200001f0                Idc_BufMessageCompasXY
                0x200001f2                Etat_Automate_HMC5883L
 .bss           0x20000208        0xc ./Application/User/Moteurs.o
                0x20000208                ConsigneAngulaireNulle
                0x2000020c                ConsigneManuelle
 .bss           0x20000214        0x2 ./Application/User/Phares.o
                0x20000214                Phare_Luminosite
 *fill*         0x20000216        0x2 
 .bss           0x20000218        0x6 ./Application/User/Rplidar.o
                0x20000218                TimeoutVerifReponse
                0x2000021c                New_Scan_Disponible
 .bss           0x2000021e        0x3 ./Application/User/Sauve_Restaure.o
                0x2000021e                Etat_Automate_Sauvegarde
                0x2000021f                Etat_Sauvegarde
 *fill*         0x20000221        0x3 
 .bss           0x20000224        0x8 ./Application/User/Temperature.o
                0x2000022a                Temperature_Exterieure
 .bss           0x2000022c        0x8 ./Application/User/WifiCom.o
 .bss           0x20000234        0x8 ./Application/User/main.o
 *(.bss*)
 *(COMMON)
 COMMON         0x2000023c        0x2 ./Application/User/Batterie.o
                0x2000023c                V_Batterie
 *fill*         0x2000023e        0x2 
 COMMON         0x20000240       0x10 ./Application/User/Guidage.o
                0x20000240                distance_a_moins
                0x20000244                distance_a_90
                0x20000248                angle_a_90
                0x2000024c                angle_a_moins
 COMMON         0x20000250      0x7f0 ./Application/User/HMC5883L.o
                0x20000250                Compas_Y
                0x20000254                Compas
                0x20000258                HMC5883L_Communication
                0x20000264                BufMessageCompasXY
                0x20000a3c                Compas_Z
                0x20000a3e                Compas_X
 COMMON         0x20000a40        0x8 ./Application/User/Moteurs.o
                0x20000a40                VitesseMesure
 COMMON         0x20000a48     0x13d6 ./Application/User/Rplidar.o
                0x20000a48                Quatre_Angles
                0x20000a50                Status_Rplidar
                0x20000a51                Transmission_Rate
                0x20000a54                BufMessageScan
                0x2000122c                E_Etat_Automate_Rplidar
                0x2000122d                Premiere_Reception
                0x2000122e                Buf_Response
                0x20001235                Status_Moteur_Lidar
                0x20001236                Buf_Rec
                0x20001e02                ErrorCode_Rplidar
                0x20001e04                Buf_Health
                0x20001e07                Transmission_Rate_Request
                0x20001e08                Indice_Debut_Lecture
                0x20001e0a                Buf_Info
 *fill*         0x20001e1e        0x2 
 COMMON         0x20001e20      0x29b ./Application/User/WifiCom.o
                0x20001e20                Wifi_Buf_Emi
                0x20001efc                Etat_Buf_Rec_Wifi
                0x20001f00                Wifi_Buf_Rec
                0x200020b8                Idc_Buf_Rec_Lec
                0x200020b9                Max_Repetition
                0x200020ba                Idc_Buf_Rec_Ecr
 *fill*         0x200020bb        0x1 
 COMMON         0x200020bc       0xa8 ./Application/User/adc.o
                0x200020bc                Buf_Adc
                0x200020d0                hdma_adc3
                0x20002120                hadc3
 COMMON         0x20002164       0x78 ./Application/User/i2c.o
                0x20002164                hi2c1
                0x200021a0                hi2c2
 COMMON         0x200021dc       0x58 ./Application/User/spi.o
                0x200021dc                hspi2
 COMMON         0x20002234      0x21c ./Application/User/tim.o
                0x20002234                htim4
                0x20002270                htim10
                0x200022ac                htim5
                0x200022e8                htim3
                0x20002324                htim13
                0x20002360                htim11
                0x2000239c                htim1
                0x200023d8                htim9
                0x20002414                htim2
 COMMON         0x20002450      0x170 ./Application/User/usart.o
                0x20002450                hdma_usart2_rx
                0x200024a0                hdma_usart6_rx
                0x200024f0                hdma_usart6_tx
                0x20002540                huart6
                0x20002580                huart2
                0x200025c0                . = ALIGN (0x4)
                0x200025c0                _ebss = .
                0x200025c0                __bss_end__ = _ebss

._user_heap_stack
                0x200025c0        0x0
                0x200025c0                . = ALIGN (0x4)
                [!provide]                PROVIDE (end, .)
                [!provide]                PROVIDE (_end, .)
                0x200025c0                . = (. + _Min_Heap_Size)
                0x200025c0                . = (. + _Min_Stack_Size)
                0x200025c0                . = ALIGN (0x4)

/DISCARD/
 libc.a(*)
 libm.a(*)
 libgcc.a(*)

.ARM.attributes
                0x00000000       0x30
 *(.ARM.attributes)
 .ARM.attributes
                0x00000000       0x22 d:/ac6/systemworkbench/plugins/fr.ac6.mcu.externaltools.arm-none.win32_1.7.0.201602121829/tools/compiler/bin/../lib/gcc/arm-none-eabi/5.2.1/armv7e-m/fpu/crti.o
 .ARM.attributes
                0x00000022       0x34 d:/ac6/systemworkbench/plugins/fr.ac6.mcu.externaltools.arm-none.win32_1.7.0.201602121829/tools/compiler/bin/../lib/gcc/arm-none-eabi/5.2.1/armv7e-m/fpu/crtbegin.o
 .ARM.attributes
                0x00000056       0x39 ./Drivers/STM32F4xx_HAL_Driver/stm32f4xx_hal.o
 .ARM.attributes
                0x0000008f       0x39 ./Drivers/STM32F4xx_HAL_Driver/stm32f4xx_hal_adc.o
 .ARM.attributes
                0x000000c8       0x39 ./Drivers/STM32F4xx_HAL_Driver/stm32f4xx_hal_cortex.o
 .ARM.attributes
                0x00000101       0x39 ./Drivers/STM32F4xx_HAL_Driver/stm32f4xx_hal_dma.o
 .ARM.attributes
                0x0000013a       0x39 ./Drivers/STM32F4xx_HAL_Driver/stm32f4xx_hal_gpio.o
 .ARM.attributes
                0x00000173       0x39 ./Drivers/STM32F4xx_HAL_Driver/stm32f4xx_hal_i2c.o
 .ARM.attributes
                0x000001ac       0x39 ./Drivers/STM32F4xx_HAL_Driver/stm32f4xx_hal_rcc.o
 .ARM.attributes
                0x000001e5       0x39 ./Drivers/STM32F4xx_HAL_Driver/stm32f4xx_hal_spi.o
 .ARM.attributes
                0x0000021e       0x39 ./Drivers/STM32F4xx_HAL_Driver/stm32f4xx_hal_tim.o
 .ARM.attributes
                0x00000257       0x39 ./Drivers/STM32F4xx_HAL_Driver/stm32f4xx_hal_tim_ex.o
 .ARM.attributes
                0x00000290       0x39 ./Drivers/STM32F4xx_HAL_Driver/stm32f4xx_hal_uart.o
 .ARM.attributes
                0x000002c9       0x39 ./Drivers/CMSIS/system_stm32f4xx.o
 .ARM.attributes
                0x00000302       0x39 ./Application/User/Batterie.o
 .ARM.attributes
                0x0000033b       0x39 ./Application/User/Guidage.o
 .ARM.attributes
                0x00000374       0x39 ./Application/User/HMC5883L.o
 .ARM.attributes
                0x000003ad       0x39 ./Application/User/Moteurs.o
 .ARM.attributes
                0x000003e6       0x39 ./Application/User/Phares.o
 .ARM.attributes
                0x0000041f       0x39 ./Application/User/Rplidar.o
 .ARM.attributes
                0x00000458       0x39 ./Application/User/Sauve_Restaure.o
 .ARM.attributes
                0x00000491       0x39 ./Application/User/Temperature.o
 .ARM.attributes
                0x000004ca       0x39 ./Application/User/Tempo.o
 .ARM.attributes
                0x00000503       0x39 ./Application/User/US_Capteur.o
 .ARM.attributes
                0x0000053c       0x39 ./Application/User/WifiCom.o
 .ARM.attributes
                0x00000575       0x39 ./Application/User/adc.o
 .ARM.attributes
                0x000005ae       0x39 ./Application/User/dma.o
 .ARM.attributes
                0x000005e7       0x39 ./Application/User/gpio.o
 .ARM.attributes
                0x00000620       0x39 ./Application/User/i2c.o
 .ARM.attributes
                0x00000659       0x39 ./Application/User/main.o
 .ARM.attributes
                0x00000692       0x39 ./Application/User/spi.o
 .ARM.attributes
                0x000006cb       0x39 ./Application/User/spi_flash.o
 .ARM.attributes
                0x00000704       0x39 ./Application/User/stm32f4xx_hal_msp.o
 .ARM.attributes
                0x0000073d       0x39 ./Application/User/stm32f4xx_it.o
 .ARM.attributes
                0x00000776       0x39 ./Application/User/tim.o
 .ARM.attributes
                0x000007af       0x39 ./Application/User/usart.o
 .ARM.attributes
                0x000007e8       0x21 ./Application/SW4STM32/startup_stm32f407xx.o
 .ARM.attributes
                0x00000809       0x22 d:/ac6/systemworkbench/plugins/fr.ac6.mcu.externaltools.arm-none.win32_1.7.0.201602121829/tools/compiler/bin/../lib/gcc/arm-none-eabi/5.2.1/armv7e-m/fpu\libgcc.a(_arm_addsubdf3.o)
 .ARM.attributes
                0x0000082b       0x22 d:/ac6/systemworkbench/plugins/fr.ac6.mcu.externaltools.arm-none.win32_1.7.0.201602121829/tools/compiler/bin/../lib/gcc/arm-none-eabi/5.2.1/armv7e-m/fpu\libgcc.a(_arm_muldivdf3.o)
 .ARM.attributes
                0x0000084d       0x22 d:/ac6/systemworkbench/plugins/fr.ac6.mcu.externaltools.arm-none.win32_1.7.0.201602121829/tools/compiler/bin/../lib/gcc/arm-none-eabi/5.2.1/armv7e-m/fpu\libgcc.a(_arm_truncdfsf2.o)
 .ARM.attributes
                0x0000086f       0x34 d:/ac6/systemworkbench/plugins/fr.ac6.mcu.externaltools.arm-none.win32_1.7.0.201602121829/tools/compiler/bin/../lib/gcc/arm-none-eabi/5.2.1/../../../../arm-none-eabi/lib/armv7e-m/fpu\libc_nano.a(lib_a-init.o)
 .ARM.attributes
                0x000008a3       0x34 d:/ac6/systemworkbench/plugins/fr.ac6.mcu.externaltools.arm-none.win32_1.7.0.201602121829/tools/compiler/bin/../lib/gcc/arm-none-eabi/5.2.1/../../../../arm-none-eabi/lib/armv7e-m/fpu\libc_nano.a(lib_a-memcpy-stub.o)
 .ARM.attributes
                0x000008d7       0x34 d:/ac6/systemworkbench/plugins/fr.ac6.mcu.externaltools.arm-none.win32_1.7.0.201602121829/tools/compiler/bin/../lib/gcc/arm-none-eabi/5.2.1/armv7e-m/fpu/crtend.o
 .ARM.attributes
                0x0000090b       0x22 d:/ac6/systemworkbench/plugins/fr.ac6.mcu.externaltools.arm-none.win32_1.7.0.201602121829/tools/compiler/bin/../lib/gcc/arm-none-eabi/5.2.1/armv7e-m/fpu/crtn.o
OUTPUT(BaseMobile1.elf elf32-littlearm)

.debug_info     0x00000000    0x1c34f
 .debug_info    0x00000000      0x979 ./Drivers/STM32F4xx_HAL_Driver/stm32f4xx_hal.o
 .debug_info    0x00000979      0xd47 ./Drivers/STM32F4xx_HAL_Driver/stm32f4xx_hal_adc.o
 .debug_info    0x000016c0      0xccb ./Drivers/STM32F4xx_HAL_Driver/stm32f4xx_hal_cortex.o
 .debug_info    0x0000238b      0x73a ./Drivers/STM32F4xx_HAL_Driver/stm32f4xx_hal_dma.o
 .debug_info    0x00002ac5      0x721 ./Drivers/STM32F4xx_HAL_Driver/stm32f4xx_hal_gpio.o
 .debug_info    0x000031e6     0x2787 ./Drivers/STM32F4xx_HAL_Driver/stm32f4xx_hal_i2c.o
 .debug_info    0x0000596d      0xf7a ./Drivers/STM32F4xx_HAL_Driver/stm32f4xx_hal_rcc.o
 .debug_info    0x000068e7     0x161b ./Drivers/STM32F4xx_HAL_Driver/stm32f4xx_hal_spi.o
 .debug_info    0x00007f02     0x2e96 ./Drivers/STM32F4xx_HAL_Driver/stm32f4xx_hal_tim.o
 .debug_info    0x0000ad98      0xf5d ./Drivers/STM32F4xx_HAL_Driver/stm32f4xx_hal_tim_ex.o
 .debug_info    0x0000bcf5     0x1117 ./Drivers/STM32F4xx_HAL_Driver/stm32f4xx_hal_uart.o
 .debug_info    0x0000ce0c      0x4b0 ./Drivers/CMSIS/system_stm32f4xx.o
 .debug_info    0x0000d2bc      0x130 ./Application/User/Batterie.o
 .debug_info    0x0000d3ec      0x328 ./Application/User/Guidage.o
 .debug_info    0x0000d714      0xd40 ./Application/User/HMC5883L.o
 .debug_info    0x0000e454      0xf78 ./Application/User/Moteurs.o
 .debug_info    0x0000f3cc      0x5de ./Application/User/Phares.o
 .debug_info    0x0000f9aa     0x109a ./Application/User/Rplidar.o
 .debug_info    0x00010a44      0x674 ./Application/User/Sauve_Restaure.o
 .debug_info    0x000110b8      0x153 ./Application/User/Temperature.o
 .debug_info    0x0001120b      0x712 ./Application/User/Tempo.o
 .debug_info    0x0001191d      0xae4 ./Application/User/US_Capteur.o
 .debug_info    0x00012401     0x14a5 ./Application/User/WifiCom.o
 .debug_info    0x000138a6      0xac5 ./Application/User/adc.o
 .debug_info    0x0001436b      0x5b3 ./Application/User/dma.o
 .debug_info    0x0001491e      0x8f5 ./Application/User/gpio.o
 .debug_info    0x00015213      0xc6b ./Application/User/i2c.o
 .debug_info    0x00015e7e      0xf34 ./Application/User/main.o
 .debug_info    0x00016db2      0x952 ./Application/User/spi.o
 .debug_info    0x00017704     0x12f5 ./Application/User/spi_flash.o
 .debug_info    0x000189f9      0x33e ./Application/User/stm32f4xx_hal_msp.o
 .debug_info    0x00018d37     0x1198 ./Application/User/stm32f4xx_it.o
 .debug_info    0x00019ecf     0x1749 ./Application/User/tim.o
 .debug_info    0x0001b618      0xc6a ./Application/User/usart.o
 .debug_info    0x0001c282       0xcd ./Application/SW4STM32/startup_stm32f407xx.o

.debug_abbrev   0x00000000     0x4808
 .debug_abbrev  0x00000000      0x25d ./Drivers/STM32F4xx_HAL_Driver/stm32f4xx_hal.o
 .debug_abbrev  0x0000025d      0x2ab ./Drivers/STM32F4xx_HAL_Driver/stm32f4xx_hal_adc.o
 .debug_abbrev  0x00000508      0x30d ./Drivers/STM32F4xx_HAL_Driver/stm32f4xx_hal_cortex.o
 .debug_abbrev  0x00000815      0x217 ./Drivers/STM32F4xx_HAL_Driver/stm32f4xx_hal_dma.o
 .debug_abbrev  0x00000a2c      0x1cb ./Drivers/STM32F4xx_HAL_Driver/stm32f4xx_hal_gpio.o
 .debug_abbrev  0x00000bf7      0x2c5 ./Drivers/STM32F4xx_HAL_Driver/stm32f4xx_hal_i2c.o
 .debug_abbrev  0x00000ebc      0x2c3 ./Drivers/STM32F4xx_HAL_Driver/stm32f4xx_hal_rcc.o
 .debug_abbrev  0x0000117f      0x343 ./Drivers/STM32F4xx_HAL_Driver/stm32f4xx_hal_spi.o
 .debug_abbrev  0x000014c2      0x325 ./Drivers/STM32F4xx_HAL_Driver/stm32f4xx_hal_tim.o
 .debug_abbrev  0x000017e7      0x273 ./Drivers/STM32F4xx_HAL_Driver/stm32f4xx_hal_tim_ex.o
 .debug_abbrev  0x00001a5a      0x2c1 ./Drivers/STM32F4xx_HAL_Driver/stm32f4xx_hal_uart.o
 .debug_abbrev  0x00001d1b      0x104 ./Drivers/CMSIS/system_stm32f4xx.o
 .debug_abbrev  0x00001e1f       0x9b ./Application/User/Batterie.o
 .debug_abbrev  0x00001eba      0x14d ./Application/User/Guidage.o
 .debug_abbrev  0x00002007      0x2df ./Application/User/HMC5883L.o
 .debug_abbrev  0x000022e6      0x317 ./Application/User/Moteurs.o
 .debug_abbrev  0x000025fd      0x18d ./Application/User/Phares.o
 .debug_abbrev  0x0000278a      0x35f ./Application/User/Rplidar.o
 .debug_abbrev  0x00002ae9      0x189 ./Application/User/Sauve_Restaure.o
 .debug_abbrev  0x00002c72       0xaa ./Application/User/Temperature.o
 .debug_abbrev  0x00002d1c      0x173 ./Application/User/Tempo.o
 .debug_abbrev  0x00002e8f      0x289 ./Application/User/US_Capteur.o
 .debug_abbrev  0x00003118      0x389 ./Application/User/WifiCom.o
 .debug_abbrev  0x000034a1      0x1b4 ./Application/User/adc.o
 .debug_abbrev  0x00003655      0x124 ./Application/User/dma.o
 .debug_abbrev  0x00003779      0x15a ./Application/User/gpio.o
 .debug_abbrev  0x000038d3      0x1cb ./Application/User/i2c.o
 .debug_abbrev  0x00003a9e      0x1ec ./Application/User/main.o
 .debug_abbrev  0x00003c8a      0x1b4 ./Application/User/spi.o
 .debug_abbrev  0x00003e3e      0x2e7 ./Application/User/spi_flash.o
 .debug_abbrev  0x00004125       0xc5 ./Application/User/stm32f4xx_hal_msp.o
 .debug_abbrev  0x000041ea      0x236 ./Application/User/stm32f4xx_it.o
 .debug_abbrev  0x00004420      0x20b ./Application/User/tim.o
 .debug_abbrev  0x0000462b      0x1cb ./Application/User/usart.o
 .debug_abbrev  0x000047f6       0x12 ./Application/SW4STM32/startup_stm32f407xx.o

.debug_loc      0x00000000     0xc54a
 .debug_loc     0x00000000       0x84 ./Drivers/STM32F4xx_HAL_Driver/stm32f4xx_hal.o
 .debug_loc     0x00000084      0x688 ./Drivers/STM32F4xx_HAL_Driver/stm32f4xx_hal_adc.o
 .debug_loc     0x0000070c      0x4ab ./Drivers/STM32F4xx_HAL_Driver/stm32f4xx_hal_cortex.o
 .debug_loc     0x00000bb7      0x4c5 ./Drivers/STM32F4xx_HAL_Driver/stm32f4xx_hal_dma.o
 .debug_loc     0x0000107c      0x34f ./Drivers/STM32F4xx_HAL_Driver/stm32f4xx_hal_gpio.o
 .debug_loc     0x000013cb     0x2a4c ./Drivers/STM32F4xx_HAL_Driver/stm32f4xx_hal_i2c.o
 .debug_loc     0x00003e17      0x64f ./Drivers/STM32F4xx_HAL_Driver/stm32f4xx_hal_rcc.o
 .debug_loc     0x00004466     0x129e ./Drivers/STM32F4xx_HAL_Driver/stm32f4xx_hal_spi.o
 .debug_loc     0x00005704     0x3146 ./Drivers/STM32F4xx_HAL_Driver/stm32f4xx_hal_tim.o
 .debug_loc     0x0000884a      0x7b9 ./Drivers/STM32F4xx_HAL_Driver/stm32f4xx_hal_tim_ex.o
 .debug_loc     0x00009003      0xeb2 ./Drivers/STM32F4xx_HAL_Driver/stm32f4xx_hal_uart.o
 .debug_loc     0x00009eb5       0xd7 ./Drivers/CMSIS/system_stm32f4xx.o
 .debug_loc     0x00009f8c       0x21 ./Application/User/Batterie.o
 .debug_loc     0x00009fad       0x66 ./Application/User/Guidage.o
 .debug_loc     0x0000a013      0x2e7 ./Application/User/HMC5883L.o
 .debug_loc     0x0000a2fa      0x5cf ./Application/User/Moteurs.o
 .debug_loc     0x0000a8c9      0x616 ./Application/User/Rplidar.o
 .debug_loc     0x0000aedf       0x84 ./Application/User/Sauve_Restaure.o
 .debug_loc     0x0000af63       0x21 ./Application/User/Temperature.o
 .debug_loc     0x0000af84       0xc6 ./Application/User/Tempo.o
 .debug_loc     0x0000b04a      0x193 ./Application/User/US_Capteur.o
 .debug_loc     0x0000b1dd      0x396 ./Application/User/WifiCom.o
 .debug_loc     0x0000b573       0x63 ./Application/User/adc.o
 .debug_loc     0x0000b5d6       0x7f ./Application/User/i2c.o
 .debug_loc     0x0000b655       0x4d ./Application/User/spi.o
 .debug_loc     0x0000b6a2      0xac2 ./Application/User/spi_flash.o
 .debug_loc     0x0000c164      0x1c3 ./Application/User/stm32f4xx_it.o
 .debug_loc     0x0000c327      0x194 ./Application/User/tim.o
 .debug_loc     0x0000c4bb       0x8f ./Application/User/usart.o

.debug_aranges  0x00000000     0x1058
 .debug_aranges
                0x00000000       0xb8 ./Drivers/STM32F4xx_HAL_Driver/stm32f4xx_hal.o
 .debug_aranges
                0x000000b8       0xb8 ./Drivers/STM32F4xx_HAL_Driver/stm32f4xx_hal_adc.o
 .debug_aranges
                0x00000170       0x90 ./Drivers/STM32F4xx_HAL_Driver/stm32f4xx_hal_cortex.o
 .debug_aranges
                0x00000200       0x60 ./Drivers/STM32F4xx_HAL_Driver/stm32f4xx_hal_dma.o
 .debug_aranges
                0x00000260       0x58 ./Drivers/STM32F4xx_HAL_Driver/stm32f4xx_hal_gpio.o
 .debug_aranges
                0x000002b8      0x150 ./Drivers/STM32F4xx_HAL_Driver/stm32f4xx_hal_i2c.o
 .debug_aranges
                0x00000408       0x88 ./Drivers/STM32F4xx_HAL_Driver/stm32f4xx_hal_rcc.o
 .debug_aranges
                0x00000490      0x110 ./Drivers/STM32F4xx_HAL_Driver/stm32f4xx_hal_spi.o
 .debug_aranges
                0x000005a0      0x250 ./Drivers/STM32F4xx_HAL_Driver/stm32f4xx_hal_tim.o
 .debug_aranges
                0x000007f0       0xf0 ./Drivers/STM32F4xx_HAL_Driver/stm32f4xx_hal_tim_ex.o
 .debug_aranges
                0x000008e0      0x108 ./Drivers/STM32F4xx_HAL_Driver/stm32f4xx_hal_uart.o
 .debug_aranges
                0x000009e8       0x28 ./Drivers/CMSIS/system_stm32f4xx.o
 .debug_aranges
                0x00000a10       0x20 ./Application/User/Batterie.o
 .debug_aranges
                0x00000a30       0x20 ./Application/User/Guidage.o
 .debug_aranges
                0x00000a50       0x58 ./Application/User/HMC5883L.o
 .debug_aranges
                0x00000aa8       0x50 ./Application/User/Moteurs.o
 .debug_aranges
                0x00000af8       0x28 ./Application/User/Phares.o
 .debug_aranges
                0x00000b20       0x68 ./Application/User/Rplidar.o
 .debug_aranges
                0x00000b88       0x38 ./Application/User/Sauve_Restaure.o
 .debug_aranges
                0x00000bc0       0x20 ./Application/User/Temperature.o
 .debug_aranges
                0x00000be0       0x60 ./Application/User/Tempo.o
 .debug_aranges
                0x00000c40       0x58 ./Application/User/US_Capteur.o
 .debug_aranges
                0x00000c98       0x60 ./Application/User/WifiCom.o
 .debug_aranges
                0x00000cf8       0x30 ./Application/User/adc.o
 .debug_aranges
                0x00000d28       0x20 ./Application/User/dma.o
 .debug_aranges
                0x00000d48       0x20 ./Application/User/gpio.o
 .debug_aranges
                0x00000d68       0x38 ./Application/User/i2c.o
 .debug_aranges
                0x00000da0       0x28 ./Application/User/main.o
 .debug_aranges
                0x00000dc8       0x30 ./Application/User/spi.o
 .debug_aranges
                0x00000df8       0x88 ./Application/User/spi_flash.o
 .debug_aranges
                0x00000e80       0x20 ./Application/User/stm32f4xx_hal_msp.o
 .debug_aranges
                0x00000ea0       0xd8 ./Application/User/stm32f4xx_it.o
 .debug_aranges
                0x00000f78       0x80 ./Application/User/tim.o
 .debug_aranges
                0x00000ff8       0x38 ./Application/User/usart.o
 .debug_aranges
                0x00001030       0x28 ./Application/SW4STM32/startup_stm32f407xx.o

.debug_ranges   0x00000000     0x1568
 .debug_ranges  0x00000000       0xa8 ./Drivers/STM32F4xx_HAL_Driver/stm32f4xx_hal.o
 .debug_ranges  0x000000a8       0xa8 ./Drivers/STM32F4xx_HAL_Driver/stm32f4xx_hal_adc.o
 .debug_ranges  0x00000150      0x140 ./Drivers/STM32F4xx_HAL_Driver/stm32f4xx_hal_cortex.o
 .debug_ranges  0x00000290       0x50 ./Drivers/STM32F4xx_HAL_Driver/stm32f4xx_hal_dma.o
 .debug_ranges  0x000002e0       0x68 ./Drivers/STM32F4xx_HAL_Driver/stm32f4xx_hal_gpio.o
 .debug_ranges  0x00000348      0x158 ./Drivers/STM32F4xx_HAL_Driver/stm32f4xx_hal_i2c.o
 .debug_ranges  0x000004a0       0xe0 ./Drivers/STM32F4xx_HAL_Driver/stm32f4xx_hal_rcc.o
 .debug_ranges  0x00000580      0x118 ./Drivers/STM32F4xx_HAL_Driver/stm32f4xx_hal_spi.o
 .debug_ranges  0x00000698      0x330 ./Drivers/STM32F4xx_HAL_Driver/stm32f4xx_hal_tim.o
 .debug_ranges  0x000009c8       0xe0 ./Drivers/STM32F4xx_HAL_Driver/stm32f4xx_hal_tim_ex.o
 .debug_ranges  0x00000aa8       0xf8 ./Drivers/STM32F4xx_HAL_Driver/stm32f4xx_hal_uart.o
 .debug_ranges  0x00000ba0       0x18 ./Drivers/CMSIS/system_stm32f4xx.o
 .debug_ranges  0x00000bb8       0x10 ./Application/User/Batterie.o
 .debug_ranges  0x00000bc8       0x10 ./Application/User/Guidage.o
 .debug_ranges  0x00000bd8       0x48 ./Application/User/HMC5883L.o
 .debug_ranges  0x00000c20      0x128 ./Application/User/Moteurs.o
 .debug_ranges  0x00000d48       0x18 ./Application/User/Phares.o
 .debug_ranges  0x00000d60      0x168 ./Application/User/Rplidar.o
 .debug_ranges  0x00000ec8       0x28 ./Application/User/Sauve_Restaure.o
 .debug_ranges  0x00000ef0       0x10 ./Application/User/Temperature.o
 .debug_ranges  0x00000f00       0x50 ./Application/User/Tempo.o
 .debug_ranges  0x00000f50       0x78 ./Application/User/US_Capteur.o
 .debug_ranges  0x00000fc8       0xb0 ./Application/User/WifiCom.o
 .debug_ranges  0x00001078       0x50 ./Application/User/adc.o
 .debug_ranges  0x000010c8       0x40 ./Application/User/dma.o
 .debug_ranges  0x00001108       0x38 ./Application/User/gpio.o
 .debug_ranges  0x00001140       0x68 ./Application/User/i2c.o
 .debug_ranges  0x000011a8       0x50 ./Application/User/main.o
 .debug_ranges  0x000011f8       0x48 ./Application/User/spi.o
 .debug_ranges  0x00001240       0x90 ./Application/User/spi_flash.o
 .debug_ranges  0x000012d0       0x10 ./Application/User/stm32f4xx_hal_msp.o
 .debug_ranges  0x000012e0       0xe0 ./Application/User/stm32f4xx_it.o
 .debug_ranges  0x000013c0      0x120 ./Application/User/tim.o
 .debug_ranges  0x000014e0       0x68 ./Application/User/usart.o
 .debug_ranges  0x00001548       0x20 ./Application/SW4STM32/startup_stm32f407xx.o

.debug_macro    0x00000000    0x19496
 .debug_macro   0x00000000      0x34a ./Drivers/STM32F4xx_HAL_Driver/stm32f4xx_hal.o
 .debug_macro   0x0000034a      0x89e ./Drivers/STM32F4xx_HAL_Driver/stm32f4xx_hal.o
 .debug_macro   0x00000be8      0x1ba ./Drivers/STM32F4xx_HAL_Driver/stm32f4xx_hal.o
 .debug_macro   0x00000da2       0x2e ./Drivers/STM32F4xx_HAL_Driver/stm32f4xx_hal.o
 .debug_macro   0x00000dd0       0x28 ./Drivers/STM32F4xx_HAL_Driver/stm32f4xx_hal.o
 .debug_macro   0x00000df8       0x3b ./Drivers/STM32F4xx_HAL_Driver/stm32f4xx_hal.o
 .debug_macro   0x00000e33       0x22 ./Drivers/STM32F4xx_HAL_Driver/stm32f4xx_hal.o
 .debug_macro   0x00000e55       0x44 ./Drivers/STM32F4xx_HAL_Driver/stm32f4xx_hal.o
 .debug_macro   0x00000e99       0xfd ./Drivers/STM32F4xx_HAL_Driver/stm32f4xx_hal.o
 .debug_macro   0x00000f96       0x22 ./Drivers/STM32F4xx_HAL_Driver/stm32f4xx_hal.o
 .debug_macro   0x00000fb8      0x1df ./Drivers/STM32F4xx_HAL_Driver/stm32f4xx_hal.o
 .debug_macro   0x00001197       0x2d ./Drivers/STM32F4xx_HAL_Driver/stm32f4xx_hal.o
 .debug_macro   0x000011c4       0x26 ./Drivers/STM32F4xx_HAL_Driver/stm32f4xx_hal.o
 .debug_macro   0x000011ea      0xd39 ./Drivers/STM32F4xx_HAL_Driver/stm32f4xx_hal.o
 .debug_macro   0x00001f23     0x9335 ./Drivers/STM32F4xx_HAL_Driver/stm32f4xx_hal.o
 .debug_macro   0x0000b258       0x43 ./Drivers/STM32F4xx_HAL_Driver/stm32f4xx_hal.o
 .debug_macro   0x0000b29b     0x2bf9 ./Drivers/STM32F4xx_HAL_Driver/stm32f4xx_hal.o
 .debug_macro   0x0000de94       0x58 ./Drivers/STM32F4xx_HAL_Driver/stm32f4xx_hal.o
 .debug_macro   0x0000deec       0x35 ./Drivers/STM32F4xx_HAL_Driver/stm32f4xx_hal.o
 .debug_macro   0x0000df21       0x9c ./Drivers/STM32F4xx_HAL_Driver/stm32f4xx_hal.o
 .debug_macro   0x0000dfbd       0x16 ./Drivers/STM32F4xx_HAL_Driver/stm32f4xx_hal.o
 .debug_macro   0x0000dfd3       0x97 ./Drivers/STM32F4xx_HAL_Driver/stm32f4xx_hal.o
 .debug_macro   0x0000e06a      0x329 ./Drivers/STM32F4xx_HAL_Driver/stm32f4xx_hal.o
 .debug_macro   0x0000e393       0xfd ./Drivers/STM32F4xx_HAL_Driver/stm32f4xx_hal.o
 .debug_macro   0x0000e490       0x10 ./Drivers/STM32F4xx_HAL_Driver/stm32f4xx_hal.o
 .debug_macro   0x0000e4a0       0x52 ./Drivers/STM32F4xx_HAL_Driver/stm32f4xx_hal.o
 .debug_macro   0x0000e4f2       0x16 ./Drivers/STM32F4xx_HAL_Driver/stm32f4xx_hal.o
 .debug_macro   0x0000e508       0x43 ./Drivers/STM32F4xx_HAL_Driver/stm32f4xx_hal.o
 .debug_macro   0x0000e54b      0x187 ./Drivers/STM32F4xx_HAL_Driver/stm32f4xx_hal.o
 .debug_macro   0x0000e6d2       0x10 ./Drivers/STM32F4xx_HAL_Driver/stm32f4xx_hal.o
 .debug_macro   0x0000e6e2       0x22 ./Drivers/STM32F4xx_HAL_Driver/stm32f4xx_hal.o
 .debug_macro   0x0000e704       0x3a ./Drivers/STM32F4xx_HAL_Driver/stm32f4xx_hal.o
 .debug_macro   0x0000e73e       0x10 ./Drivers/STM32F4xx_HAL_Driver/stm32f4xx_hal.o
 .debug_macro   0x0000e74e       0x40 ./Drivers/STM32F4xx_HAL_Driver/stm32f4xx_hal.o
 .debug_macro   0x0000e78e       0x65 ./Drivers/STM32F4xx_HAL_Driver/stm32f4xx_hal.o
 .debug_macro   0x0000e7f3       0x16 ./Drivers/STM32F4xx_HAL_Driver/stm32f4xx_hal.o
 .debug_macro   0x0000e809      0x197 ./Drivers/STM32F4xx_HAL_Driver/stm32f4xx_hal.o
 .debug_macro   0x0000e9a0       0x50 ./Drivers/STM32F4xx_HAL_Driver/stm32f4xx_hal.o
 .debug_macro   0x0000e9f0      0x432 ./Drivers/STM32F4xx_HAL_Driver/stm32f4xx_hal.o
 .debug_macro   0x0000ee22      0xbb0 ./Drivers/STM32F4xx_HAL_Driver/stm32f4xx_hal.o
 .debug_macro   0x0000f9d2      0x11e ./Drivers/STM32F4xx_HAL_Driver/stm32f4xx_hal.o
 .debug_macro   0x0000faf0      0x13e ./Drivers/STM32F4xx_HAL_Driver/stm32f4xx_hal.o
 .debug_macro   0x0000fc2e       0x27 ./Drivers/STM32F4xx_HAL_Driver/stm32f4xx_hal.o
 .debug_macro   0x0000fc55      0x272 ./Drivers/STM32F4xx_HAL_Driver/stm32f4xx_hal.o
 .debug_macro   0x0000fec7       0x5f ./Drivers/STM32F4xx_HAL_Driver/stm32f4xx_hal.o
 .debug_macro   0x0000ff26       0x5d ./Drivers/STM32F4xx_HAL_Driver/stm32f4xx_hal.o
 .debug_macro   0x0000ff83      0x31a ./Drivers/STM32F4xx_HAL_Driver/stm32f4xx_hal.o
 .debug_macro   0x0001029d      0x162 ./Drivers/STM32F4xx_HAL_Driver/stm32f4xx_hal.o
 .debug_macro   0x000103ff       0xd6 ./Drivers/STM32F4xx_HAL_Driver/stm32f4xx_hal.o
 .debug_macro   0x000104d5      0x13a ./Drivers/STM32F4xx_HAL_Driver/stm32f4xx_hal.o
 .debug_macro   0x0001060f      0x21e ./Drivers/STM32F4xx_HAL_Driver/stm32f4xx_hal.o
 .debug_macro   0x0001082d       0x2e ./Drivers/STM32F4xx_HAL_Driver/stm32f4xx_hal.o
 .debug_macro   0x0001085b      0x17d ./Drivers/STM32F4xx_HAL_Driver/stm32f4xx_hal.o
 .debug_macro   0x000109d8       0x9e ./Drivers/STM32F4xx_HAL_Driver/stm32f4xx_hal.o
 .debug_macro   0x00010a76      0x12c ./Drivers/STM32F4xx_HAL_Driver/stm32f4xx_hal.o
 .debug_macro   0x00010ba2       0x71 ./Drivers/STM32F4xx_HAL_Driver/stm32f4xx_hal.o
 .debug_macro   0x00010c13       0x90 ./Drivers/STM32F4xx_HAL_Driver/stm32f4xx_hal.o
 .debug_macro   0x00010ca3      0x202 ./Drivers/STM32F4xx_HAL_Driver/stm32f4xx_hal.o
 .debug_macro   0x00010ea5      0x6d9 ./Drivers/STM32F4xx_HAL_Driver/stm32f4xx_hal.o
 .debug_macro   0x0001157e       0x59 ./Drivers/STM32F4xx_HAL_Driver/stm32f4xx_hal.o
 .debug_macro   0x000115d7      0x14d ./Drivers/STM32F4xx_HAL_Driver/stm32f4xx_hal.o
 .debug_macro   0x00011724      0x287 ./Drivers/STM32F4xx_HAL_Driver/stm32f4xx_hal.o
 .debug_macro   0x000119ab      0x125 ./Drivers/STM32F4xx_HAL_Driver/stm32f4xx_hal.o
 .debug_macro   0x00011ad0      0x2fd ./Drivers/STM32F4xx_HAL_Driver/stm32f4xx_hal_adc.o
 .debug_macro   0x00011dcd      0x2fc ./Drivers/STM32F4xx_HAL_Driver/stm32f4xx_hal_cortex.o
 .debug_macro   0x000120c9      0x303 ./Drivers/STM32F4xx_HAL_Driver/stm32f4xx_hal_dma.o
 .debug_macro   0x000123cc      0x334 ./Drivers/STM32F4xx_HAL_Driver/stm32f4xx_hal_gpio.o
 .debug_macro   0x00012700      0x312 ./Drivers/STM32F4xx_HAL_Driver/stm32f4xx_hal_i2c.o
 .debug_macro   0x00012a12      0x326 ./Drivers/STM32F4xx_HAL_Driver/stm32f4xx_hal_rcc.o
 .debug_macro   0x00012d38      0x302 ./Drivers/STM32F4xx_HAL_Driver/stm32f4xx_hal_spi.o
 .debug_macro   0x0001303a      0x2fd ./Drivers/STM32F4xx_HAL_Driver/stm32f4xx_hal_tim.o
 .debug_macro   0x00013337      0x2fc ./Drivers/STM32F4xx_HAL_Driver/stm32f4xx_hal_tim_ex.o
 .debug_macro   0x00013633      0x304 ./Drivers/STM32F4xx_HAL_Driver/stm32f4xx_hal_uart.o
 .debug_macro   0x00013937      0x302 ./Drivers/CMSIS/system_stm32f4xx.o
 .debug_macro   0x00013c39      0x333 ./Application/User/Batterie.o